Microchip MPLAB XC8 Compiler V2.31

Linker command line:

-W-3 --edf=C:\Program Files\Microchip\xc8\v2.31\pic\dat\en_msgs.txt -cn \
  -h+dist/default/production\MASTER.X.production.sym \
  --cmf=dist/default/production\MASTER.X.production.cmf -z -Q16F887 \
  -oC:\Users\kenne\AppData\Local\Temp\s4f4.2 --defsym=__MPLAB_BUILD=1 \
  -Mdist/default/production/MASTER.X.production.map -E1 -ver=XC8 Compiler \
  --acfsm=1493 -ASTACK=0110h-016Fh -pstack=STACK -ACODE=00h-07FFhx4 \
  -ASTRCODE=00h-01FFFh -ASTRING=00h-0FFhx32 -ACONST=00h-0FFhx32 \
  -AENTRY=00h-0FFhx32 -ACOMMON=070h-07Fh -ABANK0=020h-06Fh \
  -ABANK1=0A0h-0EFh -ABANK2=0110h-016Fh -ABANK3=0190h-01EFh \
  -ARAM=020h-06Fh,0A0h-0EFh,0110h-016Fh,0190h-01EFh \
  -AABS1=020h-07Fh,0A0h-0EFh,0110h-016Fh,0190h-01EFh -ASFR0=00h-01Fh \
  -ASFR1=080h-09Fh -ASFR2=0100h-010Fh -ASFR3=0180h-018Fh \
  -ACONFIG=02007h-02008h -DCONFIG=2 -AIDLOC=02000h-02003h -DIDLOC=2 \
  -AEEDATA=00h-0FFh/02100h -peeprom_data=EEDATA -DEEDATA=2 -DCODE=2 \
  -DSTRCODE=2 -DSTRING=2 -DCONST=2 -DENTRY=2 \
  -preset_vec=00h,intentry=04h,init,end_init -ppowerup=CODE -pcinit=CODE \
  -pfunctab=ENTRY -k C:\Users\kenne\AppData\Local\Temp\s4f4.o \
  dist/default/production\MASTER.X.production.o 

Object code version is 3.11

Machine type is 16F887



                Name                               Link     Load   Length Selector   Space Scale
C:\Users\kenne\AppData\Local\Temp\s4f4.o
                end_init                              C        C        3        8       0
                reset_vec                             0        0        3        0       0
                config                             2007     2007        2        0       4
dist/default/production\MASTER.X.production.o
                cinit                                 F        F       18        8       0
                intentry                              4        4        8        8       0
                text1_split_1                        27       27      682        8       0
                config                             2007     2007        2        0       4
                text31                             1C2D     1C2D       7C     385A       0
                text30                             1000     1000        6     193A       0
                text29                             19A8     19A8       23     3350       0
                text28                             195F     195F        D     32BE       0
                text27                             1B71     1B71       54     36E2       0
                text26                             19CB     19CB       26     3396       0
                text25                             196C     196C       1B     32D8       0
                text24                             1A45     1A45       46     348A       0
                text23                             1987     1987       21     330E       0
                text22                             1AD1     1AD1       50     35A2       0
                text21                             1D25     1D25       A4     3A4A       0
                text20                             1954     1954        B     32A8       0
                text19                             126E     126E      288     24DC       0
                text18                             1B21     1B21       50     3642       0
                text17                             1CA9     1CA9       7C     3952       0
                text16                             1BC5     1BC5       68     378A       0
                text15                              6A9      6A9       56        8       0
                text14                             1A1A     1A1A       2B     3434       0
                text13                             1DC9     1DC9       BC     3B92       0
                text12                             1F42     1F42       BE     3E84       0
                text11                             1E85     1E85       BD     3D0A       0
                text10                             19F1     19F1       29     33E2       0
                text9                               93C      93C      361     1278       0
                text8                              1A8B     1A8B       46     3516       0
                text7                               7C4      7C4       3C      F88       0
                text6                              1061     1061      20D     20C2       0
                text5                               800      800       12      F88       0
                text4                               812      812       69     1024       0
                text3                              1006     1006       5B     200C       0
                text2                               C9D      C9D      363     193A       0
                text1                              14F6     14F6      30A     29EC       0
                maintext                            87B      87B       C1     10F6       0
                cstackBANK0                          20       20       4E       20       1
                cstackCOMMON                         70       70        8       70       1
                cstackBANK1                          A0       A0       37       A0       1
                clrtext                            194C     194C        8     3298       0
                bssBANK3                            190      190       14      190       1
                bssBANK1                             D7       D7        A       A0       1
                bssCOMMON                            78       78        2       70       1
                strings                             700      700       C4      E00       0

TOTAL           Name                               Link     Load   Length     Space
        CLASS   STACK          

        CLASS   CODE           
                end_init                              C        C        3         0
                cinit                                 F        F       18         0
                intentry                              4        4        8         0
                reset_vec                             0        0        3         0
                text1_split_1                        27       27      682         0
                text31                             1C2D     1C2D       7C         0
                text30                             1000     1000        6         0
                text29                             19A8     19A8       23         0
                text28                             195F     195F        D         0
                text27                             1B71     1B71       54         0
                text26                             19CB     19CB       26         0
                text25                             196C     196C       1B         0
                text24                             1A45     1A45       46         0
                text23                             1987     1987       21         0
                text22                             1AD1     1AD1       50         0
                text21                             1D25     1D25       A4         0
                text20                             1954     1954        B         0
                text19                             126E     126E      288         0
                text18                             1B21     1B21       50         0
                text17                             1CA9     1CA9       7C         0
                text16                             1BC5     1BC5       68         0
                text15                              6A9      6A9       56         0
                text14                             1A1A     1A1A       2B         0
                text13                             1DC9     1DC9       BC         0
                text12                             1F42     1F42       BE         0
                text11                             1E85     1E85       BD         0
                text10                             19F1     19F1       29         0
                text9                               93C      93C      361         0
                text8                              1A8B     1A8B       46         0
                text7                               7C4      7C4       3C         0
                text6                              1061     1061      20D         0
                text5                               800      800       12         0
                text4                               812      812       69         0
                text3                              1006     1006       5B         0
                text2                               C9D      C9D      363         0
                text1                              14F6     14F6      30A         0
                maintext                            87B      87B       C1         0
                clrtext                            194C     194C        8         0

        CLASS   STRCODE        

        CLASS   STRING         
                strings                             700      700       C4         0

        CLASS   CONST          

        CLASS   ENTRY          

        CLASS   COMMON         
                cstackCOMMON                         70       70        8         1
                bssCOMMON                            78       78        2         1

        CLASS   BANK0          
                cstackBANK0                          20       20       4E         1

        CLASS   BANK1          
                cstackBANK1                          A0       A0       37         1
                bssBANK1                             D7       D7        A         1

        CLASS   BANK2          

        CLASS   BANK3          
                bssBANK3                            190      190       14         1

        CLASS   RAM            

        CLASS   ABS1           
                abs_s1                               7E       7E        2         1

        CLASS   SFR0           

        CLASS   SFR1           

        CLASS   SFR2           

        CLASS   SFR3           

        CLASS   CONFIG         
                config                             2007     2007        2         4

        CLASS   IDLOC          

        CLASS   EEDATA         



SEGMENTS        Name                           Load    Length   Top    Selector   Space  Class     Delta

                reset_vec                      000000  000003  000003         0       0  CODE        2
                intentry                       000004  0006FB  0006FF         8       0  CODE        2
                cstackBANK0                    000020  00004E  00006E        20       1  BANK0       1
                cstackCOMMON                   000070  00000A  00007A        70       1  COMMON      1
                cstackBANK1                    0000A0  000041  0000E1        A0       1  BANK1       1
                bssBANK3                       000190  000014  0001A4       190       1  BANK3       1
                strings                        000700  0000C4  0007C4       E00       0  STRING      2
                text7                          0007C4  00004E  000812       F88       0  CODE        2
                text4                          000812  000069  00087B      1024       0  CODE        2
                maintext                       00087B  0000C1  00093C      10F6       0  CODE        2
                text9                          00093C  000361  000C9D      1278       0  CODE        2
                text2                          000C9D  000369  001006      193A       0  CODE        2
                text3                          001006  00005B  001061      200C       0  CODE        2
                text6                          001061  00020D  00126E      20C2       0  CODE        2
                text19                         00126E  000288  0014F6      24DC       0  CODE        2
                text1                          0014F6  00030A  001800      29EC       0  CODE        2
                clrtext                        00194C  000008  001954      3298       0  CODE        2
                text20                         001954  00000B  00195F      32A8       0  CODE        2
                text28                         00195F  00000D  00196C      32BE       0  CODE        2
                text25                         00196C  00001B  001987      32D8       0  CODE        2
                text23                         001987  000021  0019A8      330E       0  CODE        2
                text29                         0019A8  000023  0019CB      3350       0  CODE        2
                text26                         0019CB  000026  0019F1      3396       0  CODE        2
                text10                         0019F1  000029  001A1A      33E2       0  CODE        2
                text14                         001A1A  00002B  001A45      3434       0  CODE        2
                text24                         001A45  000046  001A8B      348A       0  CODE        2
                text8                          001A8B  000046  001AD1      3516       0  CODE        2
                text22                         001AD1  000050  001B21      35A2       0  CODE        2
                text18                         001B21  000050  001B71      3642       0  CODE        2
                text27                         001B71  000054  001BC5      36E2       0  CODE        2
                text16                         001BC5  000068  001C2D      378A       0  CODE        2
                text31                         001C2D  00007C  001CA9      385A       0  CODE        2
                text17                         001CA9  00007C  001D25      3952       0  CODE        2
                text21                         001D25  0000A4  001DC9      3A4A       0  CODE        2
                text13                         001DC9  0000BC  001E85      3B92       0  CODE        2
                text11                         001E85  0000BD  001F42      3D0A       0  CODE        2
                text12                         001F42  0000BE  002000      3E84       0  CODE        2


UNUSED ADDRESS RANGES

        Name                Unused          Largest block    Delta
        BANK0            0006E-0006F               2           1
        BANK1            000E1-000EF               F           1
        BANK2            00110-0016F              60           1
        BANK3            001A4-001EF              4C           1
        CODE             00003-00003               1           2
                         006FF-006FF               1
                         01800-0194B             14C
        COMMON           0007A-0007D               4           1
        CONST            00003-00003               1           2
                         006FF-006FF               1
                         01800-0194B             100
        EEDATA           02100-021FF             100           2
        ENTRY            00003-00003               1           2
                         006FF-006FF               1
                         01800-0194B             100
        IDLOC            02000-02003               4           2
        RAM              0006E-0006F               2           1
                         000E1-000EF               F
                         00110-0016F              60
                         001A4-001EF              4C
        SFR0             00000-0001F              20           1
        SFR1             00080-0009F              20           1
        SFR2             00100-0010F              10           1
        SFR3             00180-0018F              10           1
        STACK            00110-0016F              60           1
        STRCODE          00003-00003               1           2
                         006FF-006FF               1
                         01800-0194B             14C
        STRING           00003-00003               1           2
                         006FF-006FF               1
                         01800-0194B             100

                                  Symbol Table

?__Umul8_16                cstackCOMMON 00074
?___awdiv                  cstackBANK0  00023
?___awmod                  cstackCOMMON 00074
?___fladd                  cstackBANK0  0005A
?___flmul                  cstackBANK0  0002C
?___flneg                  cstackCOMMON 00074
?___flsub                  cstackBANK1  000A0
?___fltol                  cstackBANK0  00059
?___lldiv                  cstackBANK0  00020
?___llmod                  cstackBANK0  0002D
?___lwdiv                  cstackBANK0  00022
?___lwmod                  cstackCOMMON 00074
?___wmul                   cstackCOMMON 00074
?___xxtofl                 cstackCOMMON 00074
?__div_to_l_               cstackBANK0  00020
?__tdiv_to_l_              cstackBANK0  00020
?_fround                   cstackBANK0  00046
?_scale                    cstackBANK0  00046
?_sprintf                  cstackBANK1  000A8
LCD_Cmd@a                  cstackCOMMON 00077
LCD_Port@a                 cstackCOMMON 00074
LCD_Set_Cursor@a           cstackBANK0  00023
LCD_Set_Cursor@x           cstackBANK0  00022
LCD_Set_Cursor@y           cstackBANK0  00020
LCD_Write_Char@a           cstackCOMMON 00076
LCD_Write_String@a         cstackBANK0  00020
LCD_Write_String@i         cstackBANK0  00025
_ADCON0bits                (abs)        0001F
_ADRESH                    (abs)        0001E
_ANSEL                     (abs)        00188
_ANSELH                    (abs)        00189
_ISR                       text31       01C2D
_LCD_Clear                 text28       0195F
_LCD_Cmd                   text29       019A8
_LCD_Init                  text27       01B71
_LCD_Port                  text30       01000
_LCD_Set_Cursor            text26       019CB
_LCD_Write_Char            text25       0196C
_LCD_Write_String          text24       01A45
_Lcdvar                    bssBANK3     00190
_PIR1bits                  (abs)        0000C
_PORTA                     (abs)        00005
_PORTC                     (abs)        00007
_PORTD                     (abs)        00008
_PORTE                     (abs)        00009
_RCIF                      (abs)        00065
_RCREG                     (abs)        0001A
_RE0                       (abs)        00048
_RE1                       (abs)        00049
_Setup                     text23       01987
_TRISA                     (abs)        00085
_TRISC                     (abs)        00087
_TRISD                     (abs)        00088
_TRISE                     (abs)        00089
_Vol1                      bssBANK1     000DB
__Habs1                    abs1         00000
__Hbank0                   bank0        00000
__Hbank1                   bank1        00000
__Hbank2                   bank2        00000
__Hbank3                   bank3        00000
__HbssBANK1                bssBANK1     00000
__HbssBANK3                bssBANK3     00000
__HbssCOMMON               bssCOMMON    00000
__Hcinit                   cinit        00027
__Hclrtext                 clrtext      00000
__Hcode                    code         00000
__Hcommon                  common       00000
__Hconfig                  config       02009
__HcstackBANK0             cstackBANK0  00000
__HcstackBANK1             cstackBANK1  00000
__HcstackCOMMON            cstackCOMMON 00000
__Heeprom_data             eeprom_data  00000
__Hend_init                end_init     0000F
__Hfunctab                 functab      00000
__Hinit                    init         0000C
__Hintentry                intentry     0000C
__Hmaintext                maintext     00000
__Hpowerup                 powerup      00000
__Hram                     ram          00000
__Hreset_vec               reset_vec    00003
__Hsfr0                    sfr0         00000
__Hsfr1                    sfr1         00000
__Hsfr2                    sfr2         00000
__Hsfr3                    sfr3         00000
__Hspace_0                 (abs)        02000
__Hspace_1                 (abs)        001A4
__Hspace_2                 (abs)        00000
__Hspace_3                 (abs)        00000
__Hspace_4                 (abs)        04010
__Hstack                   stack        00000
__Hstrings                 strings      00000
__Htext                    text         00000
__Labs1                    abs1         00000
__Lbank0                   bank0        00000
__Lbank1                   bank1        00000
__Lbank2                   bank2        00000
__Lbank3                   bank3        00000
__LbssBANK1                bssBANK1     00000
__LbssBANK3                bssBANK3     00000
__LbssCOMMON               bssCOMMON    00000
__Lcinit                   cinit        0000F
__Lclrtext                 clrtext      00000
__Lcode                    code         00000
__Lcommon                  common       00000
__Lconfig                  config       00000
__LcstackBANK0             cstackBANK0  00000
__LcstackBANK1             cstackBANK1  00000
__LcstackCOMMON            cstackCOMMON 00000
__Leeprom_data             eeprom_data  00000
__Lend_init                end_init     0000C
__Lfunctab                 functab      00000
__Linit                    init         0000C
__Lintentry                intentry     00004
__Lmaintext                maintext     00000
__Lpowerup                 powerup      00000
__Lram                     ram          00000
__Lreset_vec               reset_vec    00000
__Lsfr0                    sfr0         00000
__Lsfr1                    sfr1         00000
__Lsfr2                    sfr2         00000
__Lsfr3                    sfr3         00000
__Lspace_0                 (abs)        00000
__Lspace_1                 (abs)        00000
__Lspace_2                 (abs)        00000
__Lspace_3                 (abs)        00000
__Lspace_4                 (abs)        00000
__Lstack                   stack        00000
__Lstrings                 strings      00000
__Ltext                    text         00000
__S0                       (abs)        02000
__S1                       (abs)        001A4
__S2                       (abs)        00000
__S3                       (abs)        00000
__Umul8_16                 text10       019F1
__Umul8_16@multiplicand    cstackCOMMON 00074
__Umul8_16@multiplier      cstackBANK0  00024
__Umul8_16@product         cstackBANK0  00020
__Umul8_16@word_mpld       cstackBANK0  00022
___awdiv                   text4        00812
___awdiv@counter           cstackBANK0  00028
___awdiv@dividend          cstackBANK0  00025
___awdiv@divisor           cstackBANK0  00023
___awdiv@quotient          cstackBANK0  0002A
___awdiv@sign              cstackBANK0  00029
___awmod                   text3        01006
___awmod@counter           cstackBANK0  00021
___awmod@dividend          cstackCOMMON 00076
___awmod@divisor           cstackCOMMON 00074
___awmod@sign              cstackBANK0  00022
___fladd                   text19       0126E
___fladd@a                 cstackBANK0  0005E
___fladd@aexp              cstackBANK0  0006B
___fladd@b                 cstackBANK0  0005A
___fladd@bexp              cstackBANK0  0006C
___fladd@grs               cstackBANK0  0006D
___fladd@signs             cstackBANK0  0006A
___fleq                    text22       01AD1
___fleq@ff1                cstackBANK0  00020
___fleq@ff2                cstackBANK0  00024
___flge                    text21       01D25
___flge@ff1                cstackBANK0  00020
___flge@ff2                cstackBANK0  00024
___flmul                   text9        0093C
___flmul@a                 cstackBANK0  00030
___flmul@aexp              cstackBANK0  0003E
___flmul@b                 cstackBANK0  0002C
___flmul@bexp              cstackBANK0  0003F
___flmul@grs               cstackBANK0  0003A
___flmul@prod              cstackBANK0  00040
___flmul@sign              cstackBANK0  00039
___flmul@temp              cstackBANK0  00044
___flneg                   text20       01954
___flneg@f1                cstackCOMMON 00074
___flsub                   text18       01B21
___flsub@a                 cstackBANK1  000A0
___flsub@b                 cstackBANK1  000A4
___fltol                   text17       01CA9
___fltol@exp1              cstackBANK0  00063
___fltol@f1                cstackBANK0  00059
___fltol@sign1             cstackBANK0  00062
___int_sp                  stack        00000
___latbits                 (abs)        00002
___lldiv                   text16       01BC5
___lldiv@counter           cstackBANK0  0002C
___lldiv@dividend          cstackBANK0  00024
___lldiv@divisor           cstackBANK0  00020
___lldiv@quotient          cstackBANK0  00028
___llmod                   text15       006A9
___llmod@counter           cstackCOMMON 00076
___llmod@dividend          cstackBANK0  00031
___llmod@divisor           cstackBANK0  0002D
___lwdiv                   text8        01A8B
___lwdiv@counter           cstackBANK0  00029
___lwdiv@dividend          cstackBANK0  00024
___lwdiv@divisor           cstackBANK0  00022
___lwdiv@quotient          cstackBANK0  00027
___lwmod                   text7        007C4
___lwmod@counter           cstackBANK0  00021
___lwmod@dividend          cstackCOMMON 00076
___lwmod@divisor           cstackCOMMON 00074
___sp                      stack        00000
___stackhi                 (abs)        00000
___stacklo                 (abs)        00000
___wmul                    text14       01A1A
___wmul@multiplicand       cstackCOMMON 00076
___wmul@multiplier         cstackCOMMON 00074
___wmul@product            cstackBANK0  00020
___xxtofl                  text13       01DC9
___xxtofl@arg              cstackBANK0  00026
___xxtofl@exp              cstackBANK0  00025
___xxtofl@sign             cstackBANK0  00024
___xxtofl@val              cstackCOMMON 00074
__div_to_l_                text12       01F42
__div_to_l_@cntr           cstackBANK0  0002C
__div_to_l_@exp1           cstackBANK0  0002D
__div_to_l_@f1             cstackBANK0  00020
__div_to_l_@f2             cstackBANK0  00024
__div_to_l_@quot           cstackBANK0  00028
__end_of_ISR               text31       01CA9
__end_of_LCD_Clear         text28       0196C
__end_of_LCD_Cmd           text29       019CB
__end_of_LCD_Init          text27       01BC5
__end_of_LCD_Port          text30       01006
__end_of_LCD_Set_Cursor    text26       019F1
__end_of_LCD_Write_Char    text25       01987
__end_of_LCD_Write_String  text24       01A8B
__end_of_Setup             text23       019A8
__end_of__Umul8_16         text10       01A1A
__end_of___awdiv           text4        0087B
__end_of___awmod           text3        01061
__end_of___fladd           text19       014F6
__end_of___fleq            text22       01B21
__end_of___flge            text21       01DC9
__end_of___flmul           text9        00C9D
__end_of___flneg           text20       0195F
__end_of___flsub           text18       01B71
__end_of___fltol           text17       01D25
__end_of___lldiv           text16       01C2D
__end_of___llmod           text15       006FF
__end_of___lwdiv           text8        01AD1
__end_of___lwmod           text7        00800
__end_of___wmul            text14       01A45
__end_of___xxtofl          text13       01E85
__end_of__div_to_l_        text12       02000
__end_of__initialization   cinit        00023
__end_of__npowers_         strings      00778
__end_of__powers_          strings      00744
__end_of__stringtab        strings      00710
__end_of__tdiv_to_l_       text11       01F42
__end_of_dpowers           strings      007A0
__end_of_fround            text6        0126E
__end_of_isdigit           text5        00812
__end_of_main              maintext     0093C
__end_of_scale             text2        01000
__end_of_sprintf           text1_split_1 006A9
__initialization           cinit        0000F
__npowers_                 strings      00744
__pbssBANK1                bssBANK1     000D7
__pbssBANK3                bssBANK3     00190
__pbssCOMMON               bssCOMMON    00078
__pcstackBANK0             cstackBANK0  00020
__pcstackBANK1             cstackBANK1  000A0
__pcstackCOMMON            cstackCOMMON 00070
__pintentry                intentry     00004
__pmaintext                maintext     0087B
__powers_                  strings      00710
__pstrings                 strings      00700
__ptext1                   text1        014F6
__ptext10                  text10       019F1
__ptext11                  text11       01E85
__ptext12                  text12       01F42
__ptext13                  text13       01DC9
__ptext14                  text14       01A1A
__ptext15                  text15       006A9
__ptext16                  text16       01BC5
__ptext17                  text17       01CA9
__ptext18                  text18       01B21
__ptext19                  text19       0126E
__ptext2                   text2        00C9D
__ptext20                  text20       01954
__ptext21                  text21       01D25
__ptext22                  text22       01AD1
__ptext23                  text23       01987
__ptext24                  text24       01A45
__ptext25                  text25       0196C
__ptext26                  text26       019CB
__ptext27                  text27       01B71
__ptext28                  text28       0195F
__ptext29                  text29       019A8
__ptext3                   text3        01006
__ptext30                  text30       01000
__ptext31                  text31       01C2D
__ptext4                   text4        00812
__ptext5                   text5        00800
__ptext6                   text6        01061
__ptext7                   text7        007C4
__ptext8                   text8        01A8B
__ptext9                   text9        0093C
__size_of_ISR              (abs)        00000
__size_of_LCD_Clear        (abs)        00000
__size_of_LCD_Cmd          (abs)        00000
__size_of_LCD_Init         (abs)        00000
__size_of_LCD_Port         (abs)        00000
__size_of_LCD_Set_Cursor   (abs)        00000
__size_of_LCD_Write_Char   (abs)        00000
__size_of_LCD_Write_String (abs)        00000
__size_of_Setup            (abs)        00000
__size_of__Umul8_16        (abs)        00000
__size_of___awdiv          (abs)        00000
__size_of___awmod          (abs)        00000
__size_of___fladd          (abs)        00000
__size_of___fleq           (abs)        00000
__size_of___flge           (abs)        00000
__size_of___flmul          (abs)        00000
__size_of___flneg          (abs)        00000
__size_of___flsub          (abs)        00000
__size_of___fltol          (abs)        00000
__size_of___lldiv          (abs)        00000
__size_of___llmod          (abs)        00000
__size_of___lwdiv          (abs)        00000
__size_of___lwmod          (abs)        00000
__size_of___wmul           (abs)        00000
__size_of___xxtofl         (abs)        00000
__size_of__div_to_l_       (abs)        00000
__size_of__tdiv_to_l_      (abs)        00000
__size_of_fround           (abs)        00000
__size_of_isdigit          (abs)        00000
__size_of_main             (abs)        00000
__size_of_scale            (abs)        00000
__size_of_sprintf          (abs)        00000
__stringbase               strings      0070F
__stringtab                strings      00700
__tdiv_to_l_               text11       01E85
__tdiv_to_l_@cntr          cstackBANK0  0002C
__tdiv_to_l_@exp1          cstackBANK0  0002D
__tdiv_to_l_@f1            cstackBANK0  00020
__tdiv_to_l_@f2            cstackBANK0  00024
__tdiv_to_l_@quot          cstackBANK0  00028
_adcvar                    bssBANK1     000E0
_adcvar1                   bssCOMMON    00079
_contador                  bssBANK1     000DF
_dpowers                   strings      00778
_fround                    text6        01061
_fround$887                cstackBANK0  00055
_fround$888                cstackBANK0  00051
_isdigit                   text5        00800
_isdigit$714               cstackCOMMON 00074
_main                      maintext     0087B
_receive                   bssCOMMON    00078
_scale                     text2        00C9D
_scale$889                 cstackBANK0  00054
_sprintf                   text1        014F6
_sprintf$890               cstackBANK1  000B8
btemp                      (abs)        0007E
clear_ram0                 clrtext      0194C
end_of_initialization      cinit        00023
fround@prec                cstackBANK0  00059
interrupt_function         intentry     00004
intlevel0                  functab      00000
intlevel1                  functab      00000
intlevel2                  functab      00000
intlevel3                  functab      00000
intlevel4                  functab      00000
intlevel5                  functab      00000
isdigit@c                  cstackCOMMON 00075
pnum$text1                 (abs)        0000C
pnum$text1_split_1         (abs)        0002D
psplit$0                   (abs)        C002D
reset_vec                  reset_vec    00000
saved_w                    (abs)        0007E
scale@scl                  cstackBANK0  00058
sprintf@ap                 cstackBANK1  000BC
sprintf@c                  cstackBANK1  000D2
sprintf@eexp               cstackBANK1  000C9
sprintf@f                  cstackBANK1  000A8
sprintf@flag               cstackBANK1  000BD
sprintf@fval               cstackBANK1  000CB
sprintf@prec               cstackBANK1  000D0
sprintf@sp                 cstackBANK1  000CF
sprintf@tmpval             cstackBANK1  000C1
sprintf@val                cstackBANK1  000C5
sprintf@width              cstackBANK1  000BF
start                      init         0000C
start_initialization       cinit        0000F
wtemp0                     (abs)        0007E


FUNCTION INFORMATION:

 *************** function _main *****************
 Defined at:
		line 122 in file "Master_main.c"
 Parameters:    Size  Location     Type
		None
 Auto vars:     Size  Location     Type
		None
 Return value:  Size  Location     Type
                  1    wreg      void 
 Registers used:
		wreg, fsr0l, fsr0h, status,2, status,0, btemp+1, pclath, cstack
 Tracked objects:
		On entry : 
		On exit  : 
		Unchanged: 
 Data sizes:     COMMON   BANK0   BANK1   BANK3   BANK2
      Params:         0       0       0       0       0
      Locals:         0       0       0       0       0
      Temps:          0       0       4       0       0
      Totals:         0       0       4       0       0
Total ram usage:        4 bytes
 Hardware stack levels required when called:    5
 This function calls:
		_LCD_Clear
		_LCD_Init
		_LCD_Set_Cursor
		_LCD_Write_String
		_Setup
		___flmul
		___xxtofl
		_sprintf
 This function is called by:
		Startup code after reset
 This function uses a non-reentrant model


 *************** function _sprintf *****************
 Defined at:
		line 505 in file "C:\Program Files\Microchip\xc8\v2.31\pic\sources\c90\common\doprnt.c"
 Parameters:    Size  Location     Type
  sp              1    wreg     PTR unsigned char 
		 -> Lcdvar(20), 
  f               1    8[BANK1 ] PTR const unsigned char 
		 -> STR_1(17), 
 Auto vars:     Size  Location     Type
  sp              1   47[BANK1 ] PTR unsigned char 
		 -> Lcdvar(20), 
  fval            4   43[BANK1 ] PTR unsigned char 
  val             4   37[BANK1 ] unsigned long 
  tmpval          4   33[BANK1 ] struct .
  prec            2   48[BANK1 ] int 
  eexp            2   41[BANK1 ] int 
  width           2   31[BANK1 ] int 
  flag            2   29[BANK1 ] unsigned short 
  cp              2    0        PTR const unsigned char 
  len             2    0        unsigned int 
  c               1   50[BANK1 ] unsigned char 
  ap              1   28[BANK1 ] PTR void [1]
		 -> ?_sprintf(2), 
  d               1    0        unsigned char 
 Return value:  Size  Location     Type
                  2    8[BANK1 ] int 
 Registers used:
		wreg, fsr0l, fsr0h, status,2, status,0, btemp+1, pclath, cstack
 Tracked objects:
		On entry : 
		On exit  : 
		Unchanged: 
 Data sizes:     COMMON   BANK0   BANK1   BANK3   BANK2
      Params:         0       0      11       0       0
      Locals:         0       0      27       0       0
      Temps:          0       0       5       0       0
      Totals:         0       0      43       0       0
Total ram usage:       43 bytes
 Hardware stack levels used:    1
 Hardware stack levels required when called:    4
 This function calls:
		___awdiv
		___fladd
		___fleq
		___flge
		___flmul
		___flneg
		___flsub
		___fltol
		___lldiv
		___llmod
		___wmul
		___xxtofl
		__div_to_l_
		__tdiv_to_l_
		_fround
		_isdigit
		_scale
 This function is called by:
		_main
 This function uses a non-reentrant model


 *************** function _scale *****************
 Defined at:
		line 433 in file "C:\Program Files\Microchip\xc8\v2.31\pic\sources\c90\common\doprnt.c"
 Parameters:    Size  Location     Type
  scl             1    wreg     char 
 Auto vars:     Size  Location     Type
  scl             1   56[BANK0 ] char 
 Return value:  Size  Location     Type
                  4   38[BANK0 ] char 
 Registers used:
		wreg, fsr0l, fsr0h, status,2, status,0, btemp+1, pclath, cstack
 Tracked objects:
		On entry : 
		On exit  : 
		Unchanged: 
 Data sizes:     COMMON   BANK0   BANK1   BANK3   BANK2
      Params:         0       4       0       0       0
      Locals:         0       5       0       0       0
      Temps:          0      10       0       0       0
      Totals:         0      19       0       0       0
Total ram usage:       19 bytes
 Hardware stack levels used:    1
 Hardware stack levels required when called:    3
 This function calls:
		___awdiv
		___awmod
		___flmul
 This function is called by:
		_sprintf
 This function uses a non-reentrant model


 *************** function ___awmod *****************
 Defined at:
		line 5 in file "C:\Program Files\Microchip\xc8\v2.31\pic\sources\c90\common\awmod.c"
 Parameters:    Size  Location     Type
  divisor         2    4[COMMON] int 
  dividend        2    6[COMMON] int 
 Auto vars:     Size  Location     Type
  sign            1    2[BANK0 ] unsigned char 
  counter         1    1[BANK0 ] unsigned char 
 Return value:  Size  Location     Type
                  2    4[COMMON] int 
 Registers used:
		wreg, status,2, status,0
 Tracked objects:
		On entry : 
		On exit  : 
		Unchanged: 
 Data sizes:     COMMON   BANK0   BANK1   BANK3   BANK2
      Params:         4       0       0       0       0
      Locals:         0       2       0       0       0
      Temps:          0       1       0       0       0
      Totals:         4       3       0       0       0
Total ram usage:        7 bytes
 Hardware stack levels used:    1
 Hardware stack levels required when called:    1
 This function calls:
		Nothing
 This function is called by:
		_scale
 This function uses a non-reentrant model


 *************** function ___awdiv *****************
 Defined at:
		line 5 in file "C:\Program Files\Microchip\xc8\v2.31\pic\sources\c90\common\awdiv.c"
 Parameters:    Size  Location     Type
  divisor         2    3[BANK0 ] int 
  dividend        2    5[BANK0 ] int 
 Auto vars:     Size  Location     Type
  quotient        2   10[BANK0 ] int 
  sign            1    9[BANK0 ] unsigned char 
  counter         1    8[BANK0 ] unsigned char 
 Return value:  Size  Location     Type
                  2    3[BANK0 ] int 
 Registers used:
		wreg, status,2, status,0
 Tracked objects:
		On entry : 
		On exit  : 
		Unchanged: 
 Data sizes:     COMMON   BANK0   BANK1   BANK3   BANK2
      Params:         0       4       0       0       0
      Locals:         0       4       0       0       0
      Temps:          0       1       0       0       0
      Totals:         0       9       0       0       0
Total ram usage:        9 bytes
 Hardware stack levels used:    1
 Hardware stack levels required when called:    1
 This function calls:
		Nothing
 This function is called by:
		_scale
		_sprintf
 This function uses a non-reentrant model


 *************** function _isdigit *****************
 Defined at:
		line 8 in file "C:\Program Files\Microchip\xc8\v2.31\pic\sources\c90\common\isdigit.c"
 Parameters:    Size  Location     Type
  c               1    wreg     unsigned char 
 Auto vars:     Size  Location     Type
  c               1    5[COMMON] unsigned char 
 Return value:  Size  Location     Type
		None               void
 Registers used:
		wreg, status,2, status,0
 Tracked objects:
		On entry : 
		On exit  : 
		Unchanged: 
 Data sizes:     COMMON   BANK0   BANK1   BANK3   BANK2
      Params:         0       0       0       0       0
      Locals:         2       0       0       0       0
      Temps:          0       0       0       0       0
      Totals:         2       0       0       0       0
Total ram usage:        2 bytes
 Hardware stack levels used:    1
 Hardware stack levels required when called:    1
 This function calls:
		Nothing
 This function is called by:
		_sprintf
 This function uses a non-reentrant model


 *************** function _fround *****************
 Defined at:
		line 417 in file "C:\Program Files\Microchip\xc8\v2.31\pic\sources\c90\common\doprnt.c"
 Parameters:    Size  Location     Type
  prec            1    wreg     unsigned char 
 Auto vars:     Size  Location     Type
  prec            1   57[BANK0 ] unsigned char 
 Return value:  Size  Location     Type
                  4   38[BANK0 ] unsigned char 
 Registers used:
		wreg, fsr0l, fsr0h, status,2, status,0, btemp+1, pclath, cstack
 Tracked objects:
		On entry : 
		On exit  : 
		Unchanged: 
 Data sizes:     COMMON   BANK0   BANK1   BANK3   BANK2
      Params:         0       4       0       0       0
      Locals:         0       9       0       0       0
      Temps:          0       7       0       0       0
      Totals:         0      20       0       0       0
Total ram usage:       20 bytes
 Hardware stack levels used:    1
 Hardware stack levels required when called:    3
 This function calls:
		___flmul
		___lwdiv
		___lwmod
 This function is called by:
		_sprintf
 This function uses a non-reentrant model


 *************** function ___lwmod *****************
 Defined at:
		line 5 in file "C:\Program Files\Microchip\xc8\v2.31\pic\sources\c90\common\lwmod.c"
 Parameters:    Size  Location     Type
  divisor         2    4[COMMON] unsigned int 
  dividend        2    6[COMMON] unsigned int 
 Auto vars:     Size  Location     Type
  counter         1    1[BANK0 ] unsigned char 
 Return value:  Size  Location     Type
                  2    4[COMMON] unsigned int 
 Registers used:
		wreg, status,2, status,0
 Tracked objects:
		On entry : 
		On exit  : 
		Unchanged: 
 Data sizes:     COMMON   BANK0   BANK1   BANK3   BANK2
      Params:         4       0       0       0       0
      Locals:         0       1       0       0       0
      Temps:          0       1       0       0       0
      Totals:         4       2       0       0       0
Total ram usage:        6 bytes
 Hardware stack levels used:    1
 Hardware stack levels required when called:    1
 This function calls:
		Nothing
 This function is called by:
		_fround
 This function uses a non-reentrant model


 *************** function ___lwdiv *****************
 Defined at:
		line 5 in file "C:\Program Files\Microchip\xc8\v2.31\pic\sources\c90\common\lwdiv.c"
 Parameters:    Size  Location     Type
  divisor         2    2[BANK0 ] unsigned int 
  dividend        2    4[BANK0 ] unsigned int 
 Auto vars:     Size  Location     Type
  quotient        2    7[BANK0 ] unsigned int 
  counter         1    9[BANK0 ] unsigned char 
 Return value:  Size  Location     Type
                  2    2[BANK0 ] unsigned int 
 Registers used:
		wreg, status,2, status,0
 Tracked objects:
		On entry : 
		On exit  : 
		Unchanged: 
 Data sizes:     COMMON   BANK0   BANK1   BANK3   BANK2
      Params:         0       4       0       0       0
      Locals:         0       3       0       0       0
      Temps:          0       1       0       0       0
      Totals:         0       8       0       0       0
Total ram usage:        8 bytes
 Hardware stack levels used:    1
 Hardware stack levels required when called:    1
 This function calls:
		Nothing
 This function is called by:
		_fround
 This function uses a non-reentrant model


 *************** function ___flmul *****************
 Defined at:
		line 8 in file "C:\Program Files\Microchip\xc8\v2.31\pic\sources\c90\common\sprcmul.c"
 Parameters:    Size  Location     Type
  b               4   12[BANK0 ] unsigned int 
  a               4   16[BANK0 ] unsigned int 
 Auto vars:     Size  Location     Type
  prod            4   32[BANK0 ] struct .
  grs             4   26[BANK0 ] unsigned long 
  temp            2   36[BANK0 ] struct .
  bexp            1   31[BANK0 ] unsigned char 
  aexp            1   30[BANK0 ] unsigned char 
  sign            1   25[BANK0 ] unsigned char 
 Return value:  Size  Location     Type
                  4   12[BANK0 ] unsigned char 
 Registers used:
		wreg, status,2, status,0, btemp+1, pclath, cstack
 Tracked objects:
		On entry : 
		On exit  : 
		Unchanged: 
 Data sizes:     COMMON   BANK0   BANK1   BANK3   BANK2
      Params:         0       8       0       0       0
      Locals:         0      13       0       0       0
      Temps:          0       5       0       0       0
      Totals:         0      26       0       0       0
Total ram usage:       26 bytes
 Hardware stack levels used:    1
 Hardware stack levels required when called:    2
 This function calls:
		__Umul8_16
 This function is called by:
		_main
		_fround
		_scale
		_sprintf
 This function uses a non-reentrant model


 *************** function __Umul8_16 *****************
 Defined at:
		line 4 in file "C:\Program Files\Microchip\xc8\v2.31\pic\sources\c90\common\Umul8_16.c"
 Parameters:    Size  Location     Type
  multiplier      1    wreg     unsigned char 
  multiplicand    1    4[COMMON] unsigned char 
 Auto vars:     Size  Location     Type
  multiplier      1    4[BANK0 ] unsigned char 
  word_mpld       2    2[BANK0 ] unsigned int 
  product         2    0[BANK0 ] unsigned int 
 Return value:  Size  Location     Type
                  2    4[COMMON] unsigned int 
 Registers used:
		wreg, status,2, status,0
 Tracked objects:
		On entry : 
		On exit  : 
		Unchanged: 
 Data sizes:     COMMON   BANK0   BANK1   BANK3   BANK2
      Params:         2       0       0       0       0
      Locals:         0       5       0       0       0
      Temps:          2       0       0       0       0
      Totals:         4       5       0       0       0
Total ram usage:        9 bytes
 Hardware stack levels used:    1
 Hardware stack levels required when called:    1
 This function calls:
		Nothing
 This function is called by:
		___flmul
 This function uses a non-reentrant model


 *************** function __tdiv_to_l_ *****************
 Defined at:
		line 60 in file "C:\Program Files\Microchip\xc8\v2.31\pic\sources\c90\common\ftdivl.c"
 Parameters:    Size  Location     Type
  f1              4    0[BANK0 ] float 
  f2              4    4[BANK0 ] float 
 Auto vars:     Size  Location     Type
  quot            4    8[BANK0 ] unsigned long 
  exp1            1   13[BANK0 ] unsigned char 
  cntr            1   12[BANK0 ] unsigned char 
 Return value:  Size  Location     Type
                  4    0[BANK0 ] unsigned long 
 Registers used:
		wreg, status,2, status,0
 Tracked objects:
		On entry : 
		On exit  : 
		Unchanged: 
 Data sizes:     COMMON   BANK0   BANK1   BANK3   BANK2
      Params:         0       8       0       0       0
      Locals:         0       6       0       0       0
      Temps:          4       0       0       0       0
      Totals:         4      14       0       0       0
Total ram usage:       18 bytes
 Hardware stack levels used:    1
 Hardware stack levels required when called:    1
 This function calls:
		Nothing
 This function is called by:
		_sprintf
 This function uses a non-reentrant model


 *************** function __div_to_l_ *****************
 Defined at:
		line 60 in file "C:\Program Files\Microchip\xc8\v2.31\pic\sources\c90\common\fldivl.c"
 Parameters:    Size  Location     Type
  f1              4    0[BANK0 ] unsigned long 
  f2              4    4[BANK0 ] unsigned long 
 Auto vars:     Size  Location     Type
  quot            4    8[BANK0 ] unsigned long 
  exp1            1   13[BANK0 ] unsigned char 
  cntr            1   12[BANK0 ] unsigned char 
 Return value:  Size  Location     Type
                  4    0[BANK0 ] unsigned long 
 Registers used:
		wreg, status,2, status,0
 Tracked objects:
		On entry : 
		On exit  : 
		Unchanged: 
 Data sizes:     COMMON   BANK0   BANK1   BANK3   BANK2
      Params:         0       8       0       0       0
      Locals:         0       6       0       0       0
      Temps:          1       0       0       0       0
      Totals:         1      14       0       0       0
Total ram usage:       15 bytes
 Hardware stack levels used:    1
 Hardware stack levels required when called:    1
 This function calls:
		Nothing
 This function is called by:
		_sprintf
 This function uses a non-reentrant model


 *************** function ___xxtofl *****************
 Defined at:
		line 10 in file "C:\Program Files\Microchip\xc8\v2.31\pic\sources\c90\common\xxtofl.c"
 Parameters:    Size  Location     Type
  sign            1    wreg     unsigned char 
  val             4    4[COMMON] long 
 Auto vars:     Size  Location     Type
  sign            1    4[BANK0 ] unsigned char 
  arg             4    6[BANK0 ] unsigned long 
  exp             1    5[BANK0 ] unsigned char 
 Return value:  Size  Location     Type
                  4    4[COMMON] unsigned char 
 Registers used:
		wreg, status,2, status,0
 Tracked objects:
		On entry : 
		On exit  : 
		Unchanged: 
 Data sizes:     COMMON   BANK0   BANK1   BANK3   BANK2
      Params:         4       0       0       0       0
      Locals:         0       6       0       0       0
      Temps:          0       4       0       0       0
      Totals:         4      10       0       0       0
Total ram usage:       14 bytes
 Hardware stack levels used:    1
 Hardware stack levels required when called:    1
 This function calls:
		Nothing
 This function is called by:
		_main
		_sprintf
 This function uses a non-reentrant model


 *************** function ___wmul *****************
 Defined at:
		line 15 in file "C:\Program Files\Microchip\xc8\v2.31\pic\sources\c90\common\Umul16.c"
 Parameters:    Size  Location     Type
  multiplier      2    4[COMMON] unsigned int 
  multiplicand    2    6[COMMON] unsigned int 
 Auto vars:     Size  Location     Type
  product         2    0[BANK0 ] unsigned int 
 Return value:  Size  Location     Type
                  2    4[COMMON] unsigned int 
 Registers used:
		wreg, status,2, status,0
 Tracked objects:
		On entry : 
		On exit  : 
		Unchanged: 
 Data sizes:     COMMON   BANK0   BANK1   BANK3   BANK2
      Params:         4       0       0       0       0
      Locals:         0       2       0       0       0
      Temps:          0       0       0       0       0
      Totals:         4       2       0       0       0
Total ram usage:        6 bytes
 Hardware stack levels used:    1
 Hardware stack levels required when called:    1
 This function calls:
		Nothing
 This function is called by:
		_sprintf
 This function uses a non-reentrant model


 *************** function ___llmod *****************
 Defined at:
		line 5 in file "C:\Program Files\Microchip\xc8\v2.31\pic\sources\c90\common\llmod.c"
 Parameters:    Size  Location     Type
  divisor         4   13[BANK0 ] unsigned long 
  dividend        4   17[BANK0 ] unsigned long 
 Auto vars:     Size  Location     Type
  counter         1    6[COMMON] unsigned char 
 Return value:  Size  Location     Type
                  4   13[BANK0 ] unsigned long 
 Registers used:
		wreg, status,2, status,0
 Tracked objects:
		On entry : 
		On exit  : 
		Unchanged: 
 Data sizes:     COMMON   BANK0   BANK1   BANK3   BANK2
      Params:         0       8       0       0       0
      Locals:         1       0       0       0       0
      Temps:          1       0       0       0       0
      Totals:         2       8       0       0       0
Total ram usage:       10 bytes
 Hardware stack levels used:    1
 Hardware stack levels required when called:    1
 This function calls:
		Nothing
 This function is called by:
		_sprintf
 This function uses a non-reentrant model


 *************** function ___lldiv *****************
 Defined at:
		line 5 in file "C:\Program Files\Microchip\xc8\v2.31\pic\sources\c90\common\__lldiv.c"
 Parameters:    Size  Location     Type
  divisor         4    0[BANK0 ] unsigned long 
  dividend        4    4[BANK0 ] unsigned long 
 Auto vars:     Size  Location     Type
  quotient        4    8[BANK0 ] unsigned long 
  counter         1   12[BANK0 ] unsigned char 
 Return value:  Size  Location     Type
                  4    0[BANK0 ] unsigned long 
 Registers used:
		wreg, status,2, status,0
 Tracked objects:
		On entry : 
		On exit  : 
		Unchanged: 
 Data sizes:     COMMON   BANK0   BANK1   BANK3   BANK2
      Params:         0       8       0       0       0
      Locals:         0       5       0       0       0
      Temps:          1       0       0       0       0
      Totals:         1      13       0       0       0
Total ram usage:       14 bytes
 Hardware stack levels used:    1
 Hardware stack levels required when called:    1
 This function calls:
		Nothing
 This function is called by:
		_sprintf
 This function uses a non-reentrant model


 *************** function ___fltol *****************
 Defined at:
		line 43 in file "C:\Program Files\Microchip\xc8\v2.31\pic\sources\c90\common\fltol.c"
 Parameters:    Size  Location     Type
  f1              4   57[BANK0 ] unsigned long 
 Auto vars:     Size  Location     Type
  exp1            1   67[BANK0 ] unsigned char 
  sign1           1   66[BANK0 ] unsigned char 
 Return value:  Size  Location     Type
                  4   57[BANK0 ] long 
 Registers used:
		wreg, status,2, status,0
 Tracked objects:
		On entry : 
		On exit  : 
		Unchanged: 
 Data sizes:     COMMON   BANK0   BANK1   BANK3   BANK2
      Params:         0       4       0       0       0
      Locals:         0       2       0       0       0
      Temps:          0       5       0       0       0
      Totals:         0      11       0       0       0
Total ram usage:       11 bytes
 Hardware stack levels used:    1
 Hardware stack levels required when called:    1
 This function calls:
		Nothing
 This function is called by:
		_sprintf
 This function uses a non-reentrant model


 *************** function ___flsub *****************
 Defined at:
		line 242 in file "C:\Program Files\Microchip\xc8\v2.31\pic\sources\c90\common\sprcadd.c"
 Parameters:    Size  Location     Type
  a               4    0[BANK1 ] long 
  b               4    4[BANK1 ] long 
 Auto vars:     Size  Location     Type
		None
 Return value:  Size  Location     Type
                  4    0[BANK1 ] long 
 Registers used:
		wreg, status,2, status,0, btemp+1, pclath, cstack
 Tracked objects:
		On entry : 
		On exit  : 
		Unchanged: 
 Data sizes:     COMMON   BANK0   BANK1   BANK3   BANK2
      Params:         0       0       8       0       0
      Locals:         0       0       0       0       0
      Temps:          0       0       0       0       0
      Totals:         0       0       8       0       0
Total ram usage:        8 bytes
 Hardware stack levels used:    1
 Hardware stack levels required when called:    2
 This function calls:
		___fladd
 This function is called by:
		_sprintf
 This function uses a non-reentrant model


 *************** function ___fladd *****************
 Defined at:
		line 10 in file "C:\Program Files\Microchip\xc8\v2.31\pic\sources\c90\common\sprcadd.c"
 Parameters:    Size  Location     Type
  b               4   58[BANK0 ] long 
  a               4   62[BANK0 ] long 
 Auto vars:     Size  Location     Type
  grs             1   77[BANK0 ] unsigned char 
  bexp            1   76[BANK0 ] unsigned char 
  aexp            1   75[BANK0 ] unsigned char 
  signs           1   74[BANK0 ] unsigned char 
 Return value:  Size  Location     Type
                  4   58[BANK0 ] unsigned char 
 Registers used:
		wreg, status,2, status,0, btemp+1
 Tracked objects:
		On entry : 
		On exit  : 
		Unchanged: 
 Data sizes:     COMMON   BANK0   BANK1   BANK3   BANK2
      Params:         0       8       0       0       0
      Locals:         0       4       0       0       0
      Temps:          0       8       0       0       0
      Totals:         0      20       0       0       0
Total ram usage:       20 bytes
 Hardware stack levels used:    1
 Hardware stack levels required when called:    1
 This function calls:
		Nothing
 This function is called by:
		_sprintf
		___flsub
 This function uses a non-reentrant model


 *************** function ___flneg *****************
 Defined at:
		line 15 in file "C:\Program Files\Microchip\xc8\v2.31\pic\sources\c90\common\flneg.c"
 Parameters:    Size  Location     Type
  f1              4    4[COMMON] unsigned char 
 Auto vars:     Size  Location     Type
		None
 Return value:  Size  Location     Type
                  4    4[COMMON] unsigned char 
 Registers used:
		wreg
 Tracked objects:
		On entry : 
		On exit  : 
		Unchanged: 
 Data sizes:     COMMON   BANK0   BANK1   BANK3   BANK2
      Params:         4       0       0       0       0
      Locals:         0       0       0       0       0
      Temps:          0       0       0       0       0
      Totals:         4       0       0       0       0
Total ram usage:        4 bytes
 Hardware stack levels used:    1
 Hardware stack levels required when called:    1
 This function calls:
		Nothing
 This function is called by:
		_sprintf
 This function uses a non-reentrant model


 *************** function ___flge *****************
 Defined at:
		line 4 in file "C:\Program Files\Microchip\xc8\v2.31\pic\sources\c90\common\flge.c"
 Parameters:    Size  Location     Type
  ff1             4    0[BANK0 ] unsigned char 
  ff2             4    4[BANK0 ] unsigned char 
 Auto vars:     Size  Location     Type
		None
 Return value:  Size  Location     Type
		None               void
 Registers used:
		wreg, status,2, status,0
 Tracked objects:
		On entry : 
		On exit  : 
		Unchanged: 
 Data sizes:     COMMON   BANK0   BANK1   BANK3   BANK2
      Params:         0       8       0       0       0
      Locals:         0       0       0       0       0
      Temps:          4       0       0       0       0
      Totals:         4       8       0       0       0
Total ram usage:       12 bytes
 Hardware stack levels used:    1
 Hardware stack levels required when called:    1
 This function calls:
		Nothing
 This function is called by:
		_sprintf
 This function uses a non-reentrant model


 *************** function ___fleq *****************
 Defined at:
		line 4 in file "C:\Program Files\Microchip\xc8\v2.31\pic\sources\c90\common\fleq.c"
 Parameters:    Size  Location     Type
  ff1             4    0[BANK0 ] unsigned char 
  ff2             4    4[BANK0 ] unsigned char 
 Auto vars:     Size  Location     Type
		None
 Return value:  Size  Location     Type
		None               void
 Registers used:
		wreg, status,2, status,0
 Tracked objects:
		On entry : 
		On exit  : 
		Unchanged: 
 Data sizes:     COMMON   BANK0   BANK1   BANK3   BANK2
      Params:         0       8       0       0       0
      Locals:         0       0       0       0       0
      Temps:          4       0       0       0       0
      Totals:         4       8       0       0       0
Total ram usage:       12 bytes
 Hardware stack levels used:    1
 Hardware stack levels required when called:    1
 This function calls:
		Nothing
 This function is called by:
		_sprintf
 This function uses a non-reentrant model


 *************** function _Setup *****************
 Defined at:
		line 64 in file "Master_main.c"
 Parameters:    Size  Location     Type
		None
 Auto vars:     Size  Location     Type
		None
 Return value:  Size  Location     Type
                  1    wreg      void 
 Registers used:
		wreg, status,2, status,0
 Tracked objects:
		On entry : 
		On exit  : 
		Unchanged: 
 Data sizes:     COMMON   BANK0   BANK1   BANK3   BANK2
      Params:         0       0       0       0       0
      Locals:         0       0       0       0       0
      Temps:          0       0       0       0       0
      Totals:         0       0       0       0       0
Total ram usage:        0 bytes
 Hardware stack levels used:    1
 Hardware stack levels required when called:    1
 This function calls:
		Nothing
 This function is called by:
		_main
 This function uses a non-reentrant model


 *************** function _LCD_Write_String *****************
 Defined at:
		line 67 in file "LCD.c"
 Parameters:    Size  Location     Type
  a               2    0[BANK0 ] PTR unsigned char 
		 -> STR_2(19), Lcdvar(20), 
 Auto vars:     Size  Location     Type
  i               2    5[BANK0 ] int 
 Return value:  Size  Location     Type
                  1    wreg      void 
 Registers used:
		wreg, fsr0l, fsr0h, status,2, status,0, btemp+1, pclath, cstack
 Tracked objects:
		On entry : 
		On exit  : 
		Unchanged: 
 Data sizes:     COMMON   BANK0   BANK1   BANK3   BANK2
      Params:         0       2       0       0       0
      Locals:         0       2       0       0       0
      Temps:          0       3       0       0       0
      Totals:         0       7       0       0       0
Total ram usage:        7 bytes
 Hardware stack levels used:    1
 Hardware stack levels required when called:    3
 This function calls:
		_LCD_Write_Char
 This function is called by:
		_main
 This function uses a non-reentrant model


 *************** function _LCD_Write_Char *****************
 Defined at:
		line 30 in file "LCD.c"
 Parameters:    Size  Location     Type
  a               1    wreg     unsigned char 
 Auto vars:     Size  Location     Type
  a               1    6[COMMON] unsigned char 
 Return value:  Size  Location     Type
                  1    wreg      void 
 Registers used:
		wreg, status,2, status,0, pclath, cstack
 Tracked objects:
		On entry : 
		On exit  : 
		Unchanged: 
 Data sizes:     COMMON   BANK0   BANK1   BANK3   BANK2
      Params:         0       0       0       0       0
      Locals:         1       0       0       0       0
      Temps:          1       0       0       0       0
      Totals:         2       0       0       0       0
Total ram usage:        2 bytes
 Hardware stack levels used:    1
 Hardware stack levels required when called:    2
 This function calls:
		_LCD_Port
 This function is called by:
		_LCD_Write_String
 This function uses a non-reentrant model


 *************** function _LCD_Set_Cursor *****************
 Defined at:
		line 53 in file "LCD.c"
 Parameters:    Size  Location     Type
  x               1    wreg     unsigned char 
  y               1    0[BANK0 ] unsigned char 
 Auto vars:     Size  Location     Type
  x               1    2[BANK0 ] unsigned char 
  a               1    3[BANK0 ] unsigned char 
 Return value:  Size  Location     Type
                  1    wreg      void 
 Registers used:
		wreg, status,2, status,0, pclath, cstack
 Tracked objects:
		On entry : 
		On exit  : 
		Unchanged: 
 Data sizes:     COMMON   BANK0   BANK1   BANK3   BANK2
      Params:         0       1       0       0       0
      Locals:         0       2       0       0       0
      Temps:          0       1       0       0       0
      Totals:         0       4       0       0       0
Total ram usage:        4 bytes
 Hardware stack levels used:    1
 Hardware stack levels required when called:    3
 This function calls:
		_LCD_Cmd
 This function is called by:
		_main
 This function uses a non-reentrant model


 *************** function _LCD_Init *****************
 Defined at:
		line 10 in file "LCD.c"
 Parameters:    Size  Location     Type
		None
 Auto vars:     Size  Location     Type
		None
 Return value:  Size  Location     Type
                  1    wreg      void 
 Registers used:
		wreg, status,2, status,0, pclath, cstack
 Tracked objects:
		On entry : 
		On exit  : 
		Unchanged: 
 Data sizes:     COMMON   BANK0   BANK1   BANK3   BANK2
      Params:         0       0       0       0       0
      Locals:         0       0       0       0       0
      Temps:          0       2       0       0       0
      Totals:         0       2       0       0       0
Total ram usage:        2 bytes
 Hardware stack levels used:    1
 Hardware stack levels required when called:    3
 This function calls:
		_LCD_Cmd
		_LCD_Port
 This function is called by:
		_main
 This function uses a non-reentrant model


 *************** function _LCD_Clear *****************
 Defined at:
		line 48 in file "LCD.c"
 Parameters:    Size  Location     Type
		None
 Auto vars:     Size  Location     Type
		None
 Return value:  Size  Location     Type
                  1    wreg      void 
 Registers used:
		wreg, status,2, status,0, pclath, cstack
 Tracked objects:
		On entry : 
		On exit  : 
		Unchanged: 
 Data sizes:     COMMON   BANK0   BANK1   BANK3   BANK2
      Params:         0       0       0       0       0
      Locals:         0       0       0       0       0
      Temps:          0       0       0       0       0
      Totals:         0       0       0       0       0
Total ram usage:        0 bytes
 Hardware stack levels used:    1
 Hardware stack levels required when called:    3
 This function calls:
		_LCD_Cmd
 This function is called by:
		_main
 This function uses a non-reentrant model


 *************** function _LCD_Cmd *****************
 Defined at:
		line 39 in file "LCD.c"
 Parameters:    Size  Location     Type
  a               1    wreg     unsigned char 
 Auto vars:     Size  Location     Type
  a               1    7[COMMON] unsigned char 
 Return value:  Size  Location     Type
                  1    wreg      void 
 Registers used:
		wreg, status,2, status,0, pclath, cstack
 Tracked objects:
		On entry : 
		On exit  : 
		Unchanged: 
 Data sizes:     COMMON   BANK0   BANK1   BANK3   BANK2
      Params:         0       0       0       0       0
      Locals:         1       0       0       0       0
      Temps:          2       0       0       0       0
      Totals:         3       0       0       0       0
Total ram usage:        3 bytes
 Hardware stack levels used:    1
 Hardware stack levels required when called:    2
 This function calls:
		_LCD_Port
 This function is called by:
		_LCD_Init
		_LCD_Clear
		_LCD_Set_Cursor
 This function uses a non-reentrant model


 *************** function _LCD_Port *****************
 Defined at:
		line 26 in file "LCD.c"
 Parameters:    Size  Location     Type
  a               1    wreg     unsigned char 
 Auto vars:     Size  Location     Type
  a               1    4[COMMON] unsigned char 
 Return value:  Size  Location     Type
                  1    wreg      void 
 Registers used:
		wreg
 Tracked objects:
		On entry : 
		On exit  : 
		Unchanged: 
 Data sizes:     COMMON   BANK0   BANK1   BANK3   BANK2
      Params:         0       0       0       0       0
      Locals:         1       0       0       0       0
      Temps:          0       0       0       0       0
      Totals:         1       0       0       0       0
Total ram usage:        1 bytes
 Hardware stack levels used:    1
 Hardware stack levels required when called:    1
 This function calls:
		Nothing
 This function is called by:
		_LCD_Init
		_LCD_Write_Char
		_LCD_Cmd
 This function uses a non-reentrant model


 *************** function _ISR *****************
 Defined at:
		line 89 in file "Master_main.c"
 Parameters:    Size  Location     Type
		None
 Auto vars:     Size  Location     Type
		None
 Return value:  Size  Location     Type
                  1    wreg      void 
 Registers used:
		wreg, status,2, status,0
 Tracked objects:
		On entry : 
		On exit  : 
		Unchanged: 
 Data sizes:     COMMON   BANK0   BANK1   BANK3   BANK2
      Params:         0       0       0       0       0
      Locals:         0       0       0       0       0
      Temps:          4       0       0       0       0
      Totals:         4       0       0       0       0
Total ram usage:        4 bytes
 Hardware stack levels used:    1
 This function calls:
		Nothing
 This function is called by:
		Interrupt level 1
 This function uses a non-reentrant model



MODULE INFORMATION

Module		Function		Class		Link	Load	Size
C:\Program Files\Microchip\xc8\v2.31\pic\sources\c90\common\flneg.c
		___flneg       		CODE           	1954	0000	11

C:\Program Files\Microchip\xc8\v2.31\pic\sources\c90\common\flneg.c estimated size: 11

C:\Program Files\Microchip\xc8\v2.31\pic\sources\c90\common\flge.c
		___flge        		CODE           	1D25	0000	164

C:\Program Files\Microchip\xc8\v2.31\pic\sources\c90\common\flge.c estimated size: 164

C:\Program Files\Microchip\xc8\v2.31\pic\sources\c90\common\sprcmul.c
		___flmul       		CODE           	093C	0000	865

C:\Program Files\Microchip\xc8\v2.31\pic\sources\c90\common\sprcmul.c estimated size: 865

C:\Program Files\Microchip\xc8\v2.31\pic\sources\c90\common\__lldiv.c
		___lldiv       		CODE           	1BC5	0000	104

C:\Program Files\Microchip\xc8\v2.31\pic\sources\c90\common\__lldiv.c estimated size: 104

C:\Program Files\Microchip\xc8\v2.31\pic\sources\c90\common\Umul8_16.c
		__Umul8_16     		CODE           	19F1	0000	41

C:\Program Files\Microchip\xc8\v2.31\pic\sources\c90\common\Umul8_16.c estimated size: 41

C:\Program Files\Microchip\xc8\v2.31\pic\sources\c90\common\doprnt.c
		_scale         		CODE           	0C9D	0000	867
		_sprintf       		CODE           	14F6	0000	2444
		_fround        		CODE           	1061	0000	525

C:\Program Files\Microchip\xc8\v2.31\pic\sources\c90\common\doprnt.c estimated size: 3836

C:\Program Files\Microchip\xc8\v2.31\pic\sources\c90\common\ftdivl.c
		__tdiv_to_l_   		CODE           	1E85	0000	189

C:\Program Files\Microchip\xc8\v2.31\pic\sources\c90\common\ftdivl.c estimated size: 189

C:\Program Files\Microchip\xc8\v2.31\pic\sources\c90\common\lwmod.c
		___lwmod       		CODE           	07C4	0000	60

C:\Program Files\Microchip\xc8\v2.31\pic\sources\c90\common\lwmod.c estimated size: 60

C:\Program Files\Microchip\xc8\v2.31\pic\sources\c90\common\awmod.c
		___awmod       		CODE           	1006	0000	91

C:\Program Files\Microchip\xc8\v2.31\pic\sources\c90\common\awmod.c estimated size: 91

C:\Program Files\Microchip\xc8\v2.31\pic\sources\c90\common\Umul16.c
		___wmul        		CODE           	1A1A	0000	43

C:\Program Files\Microchip\xc8\v2.31\pic\sources\c90\common\Umul16.c estimated size: 43

C:\Program Files\Microchip\xc8\v2.31\pic\sources\c90\common\llmod.c
		___llmod       		CODE           	06A9	0000	86

C:\Program Files\Microchip\xc8\v2.31\pic\sources\c90\common\llmod.c estimated size: 86

Master_main.c
		_ISR           		CODE           	1C2D	0000	124
		_main          		CODE           	087B	0000	193
		_Setup         		CODE           	1987	0000	33

Master_main.c estimated size: 350

C:\Program Files\Microchip\xc8\v2.31\pic\sources\c90\common\isdigit.c
		_isdigit       		CODE           	0800	0000	18

C:\Program Files\Microchip\xc8\v2.31\pic\sources\c90\common\isdigit.c estimated size: 18

C:\Program Files\Microchip\xc8\v2.31\pic\sources\c90\common\sprcadd.c
		___flsub       		CODE           	1B21	0000	80
		___fladd       		CODE           	126E	0000	648

C:\Program Files\Microchip\xc8\v2.31\pic\sources\c90\common\sprcadd.c estimated size: 728

C:\Program Files\Microchip\xc8\v2.31\pic\sources\c90\common\fleq.c
		___fleq        		CODE           	1AD1	0000	80

C:\Program Files\Microchip\xc8\v2.31\pic\sources\c90\common\fleq.c estimated size: 80

C:\Program Files\Microchip\xc8\v2.31\pic\sources\c90\common\fldivl.c
		__div_to_l_    		CODE           	1F42	0000	190

C:\Program Files\Microchip\xc8\v2.31\pic\sources\c90\common\fldivl.c estimated size: 190

C:\Program Files\Microchip\xc8\v2.31\pic\sources\c90\common\lwdiv.c
		___lwdiv       		CODE           	1A8B	0000	70

C:\Program Files\Microchip\xc8\v2.31\pic\sources\c90\common\lwdiv.c estimated size: 70

C:\Program Files\Microchip\xc8\v2.31\pic\sources\c90\common\awdiv.c
		___awdiv       		CODE           	0812	0000	105

C:\Program Files\Microchip\xc8\v2.31\pic\sources\c90\common\awdiv.c estimated size: 105

shared
		__stringtab    		STRING         	0700	0000	16
		__powers_      		STRING         	0710	0000	52
		_dpowers       		STRING         	0778	0000	40
		__npowers_     		STRING         	0744	0000	52
		__initialization		CODE           	000F	0000	20

shared estimated size: 180

C:\Program Files\Microchip\xc8\v2.31\pic\sources\c90\common\fltol.c
		___fltol       		CODE           	1CA9	0000	124

C:\Program Files\Microchip\xc8\v2.31\pic\sources\c90\common\fltol.c estimated size: 124

C:\Program Files\Microchip\xc8\v2.31\pic\sources\c90\common\xxtofl.c
		___xxtofl      		CODE           	1DC9	0000	188

C:\Program Files\Microchip\xc8\v2.31\pic\sources\c90\common\xxtofl.c estimated size: 188

LCD.c
		_LCD_Init      		CODE           	1B71	0000	84
		_LCD_Write_Char		CODE           	196C	0000	27
		_LCD_Cmd       		CODE           	19A8	0000	35
		_LCD_Set_Cursor		CODE           	19CB	0000	38
		_LCD_Clear     		CODE           	195F	0000	13
		_LCD_Port      		CODE           	1000	0000	6
		_LCD_Write_String		CODE           	1A45	0000	70

LCD.c estimated size: 273

