Microchip MPLAB XC8 Compiler V2.31

Linker command line:

-W-3 --edf=C:\Program Files\Microchip\xc8\v2.31\pic\dat\en_msgs.txt -cn \
  -h+dist/default/production\MASTER.X.production.sym \
  --cmf=dist/default/production\MASTER.X.production.cmf -z -Q16F887 \
  -oC:\Users\kenne\AppData\Local\Temp\sj1s.2 --defsym=__MPLAB_BUILD=1 \
  -Mdist/default/production/MASTER.X.production.map -E1 -ver=XC8 Compiler \
  --acfsm=1493 -ASTACK=0110h-016Fh -pstack=STACK -ACODE=00h-07FFhx4 \
  -ASTRCODE=00h-01FFFh -ASTRING=00h-0FFhx32 -ACONST=00h-0FFhx32 \
  -AENTRY=00h-0FFhx32 -ACOMMON=070h-07Fh -ABANK0=020h-06Fh \
  -ABANK1=0A0h-0EFh -ABANK2=0110h-016Fh -ABANK3=0190h-01EFh \
  -ARAM=020h-06Fh,0A0h-0EFh,0110h-016Fh,0190h-01EFh \
  -AABS1=020h-07Fh,0A0h-0EFh,0110h-016Fh,0190h-01EFh -ASFR0=00h-01Fh \
  -ASFR1=080h-09Fh -ASFR2=0100h-010Fh -ASFR3=0180h-018Fh \
  -ACONFIG=02007h-02008h -DCONFIG=2 -AIDLOC=02000h-02003h -DIDLOC=2 \
  -AEEDATA=00h-0FFh/02100h -peeprom_data=EEDATA -DEEDATA=2 -DCODE=2 \
  -DSTRCODE=2 -DSTRING=2 -DCONST=2 -DENTRY=2 \
  -preset_vec=00h,intentry=04h,init,end_init -ppowerup=CODE -pcinit=CODE \
  -pfunctab=ENTRY -k C:\Users\kenne\AppData\Local\Temp\sj1s.o \
  dist/default/production\MASTER.X.production.o 

Object code version is 3.11

Machine type is 16F887



                Name                               Link     Load   Length Selector   Space Scale
C:\Users\kenne\AppData\Local\Temp\sj1s.o
                end_init                              C        C        3        8       0
                reset_vec                             0        0        3        0       0
                config                             2007     2007        2        0       4
dist/default/production\MASTER.X.production.o
                cinit                                 F        F       17        8       0
                intentry                              4        4        8        8       0
                text1_split_1                        26       26      57C        8       0
                config                             2007     2007        2        0       4
                text37                             19A5     19A5        7     334A       0
                text36                             19AC     19AC        8     3358       0
                text35                             19D7     19D7        E     33AE       0
                text34                             199F     199F        6     333E       0
                text33                             1A12     1A12       23     3424       0
                text32                              8D6      8D6        D     11AC       0
                text31                             1BA1     1BA1       4F     3742       0
                text30                             1A35     1A35       24     346A       0
                text29                             19F7     19F7       1B     33EE       0
                text28                             1B15     1B15       46     362A       0
                text27                             199A     199A        5     3334       0
                text26                             19BF     19BF        C     337E       0
                text25                             1AA5     1AA5       36     354A       0
                text24                             19CB     19CB        C     3396       0
                text23                             1009     1009       2B     2012       0
                text22                             1BF0     1BF0       50     37E0       0
                text21                             1DE3     1DE3       A4     3BC6       0
                text20                             19B4     19B4        B     3368       0
                text19                             1274     1274      288     24E8       0
                text18                              7AF      7AF       50        8       0
                text17                             1D67     1D67       7C     3ACE       0
                text16                             1C96     1C96       68     392C       0
                text15                             1C40     1C40       56     3880       0
                text14                             1A59     1A59       25     34B2       0
                text13                             1E87     1E87       BC     3D0E       0
                text12                             1034     1034       BE     2068       0
                text11                             1F43     1F43       BD     3E86       0
                text10                             1A7E     1A7E       27     34FC       0
                text9                               93C      93C      361     1278       0
                text8                              1B5B     1B5B       46     36B6       0
                text7                              1ADB     1ADB       3A     35B6       0
                text6                               5A2      5A2      20D        8       0
                text5                              19E5     19E5       12     33CA       0
                text4                              1CFE     1CFE       69     39FC       0
                text3                               8E3      8E3       59     11C6       0
                text2                               C9D      C9D      363     193A       0
                text1                              14FC     14FC      304     29F8       0
                maintext                           10F2     10F2      182     21E4       0
                cstackBANK0                          20       20       4F       20       1
                cstackCOMMON                         70       70        B       70       1
                cstackBANK1                          A0       A0       34       A0       1
                clrtext                            1001     1001        8     2002       0
                bssBANK3                            190      190       14      190       1
                bssBANK1                             D4       D4        F       A0       1
                bssCOMMON                            7B       7B        1       70       1
                strings                             800      800       D6     1000       0

TOTAL           Name                               Link     Load   Length     Space
        CLASS   STACK          

        CLASS   CODE           
                end_init                              C        C        3         0
                cinit                                 F        F       17         0
                intentry                              4        4        8         0
                reset_vec                             0        0        3         0
                text1_split_1                        26       26      57C         0
                text37                             19A5     19A5        7         0
                text36                             19AC     19AC        8         0
                text35                             19D7     19D7        E         0
                text34                             199F     199F        6         0
                text33                             1A12     1A12       23         0
                text32                              8D6      8D6        D         0
                text31                             1BA1     1BA1       4F         0
                text30                             1A35     1A35       24         0
                text29                             19F7     19F7       1B         0
                text28                             1B15     1B15       46         0
                text27                             199A     199A        5         0
                text26                             19BF     19BF        C         0
                text25                             1AA5     1AA5       36         0
                text24                             19CB     19CB        C         0
                text23                             1009     1009       2B         0
                text22                             1BF0     1BF0       50         0
                text21                             1DE3     1DE3       A4         0
                text20                             19B4     19B4        B         0
                text19                             1274     1274      288         0
                text18                              7AF      7AF       50         0
                text17                             1D67     1D67       7C         0
                text16                             1C96     1C96       68         0
                text15                             1C40     1C40       56         0
                text14                             1A59     1A59       25         0
                text13                             1E87     1E87       BC         0
                text12                             1034     1034       BE         0
                text11                             1F43     1F43       BD         0
                text10                             1A7E     1A7E       27         0
                text9                               93C      93C      361         0
                text8                              1B5B     1B5B       46         0
                text7                              1ADB     1ADB       3A         0
                text6                               5A2      5A2      20D         0
                text5                              19E5     19E5       12         0
                text4                              1CFE     1CFE       69         0
                text3                               8E3      8E3       59         0
                text2                               C9D      C9D      363         0
                text1                              14FC     14FC      304         0
                maintext                           10F2     10F2      182         0
                clrtext                            1001     1001        8         0

        CLASS   STRCODE        

        CLASS   STRING         
                strings                             800      800       D6         0

        CLASS   CONST          

        CLASS   ENTRY          

        CLASS   COMMON         
                cstackCOMMON                         70       70        B         1
                bssCOMMON                            7B       7B        1         1

        CLASS   BANK0          
                cstackBANK0                          20       20       4F         1

        CLASS   BANK1          
                cstackBANK1                          A0       A0       34         1
                bssBANK1                             D4       D4        F         1

        CLASS   BANK2          

        CLASS   BANK3          
                bssBANK3                            190      190       14         1

        CLASS   RAM            

        CLASS   ABS1           
                abs_s1                               7E       7E        2         1

        CLASS   SFR0           

        CLASS   SFR1           

        CLASS   SFR2           

        CLASS   SFR3           

        CLASS   CONFIG         
                config                             2007     2007        2         4

        CLASS   IDLOC          

        CLASS   EEDATA         



SEGMENTS        Name                           Load    Length   Top    Selector   Space  Class     Delta

                reset_vec                      000000  000003  000003         0       0  CODE        2
                intentry                       000004  0007FB  0007FF         8       0  CODE        2
                cstackBANK0                    000020  00004F  00006F        20       1  BANK0       1
                cstackCOMMON                   000070  00000C  00007C        70       1  COMMON      1
                cstackBANK1                    0000A0  000043  0000E3        A0       1  BANK1       1
                bssBANK3                       000190  000014  0001A4       190       1  BANK3       1
                strings                        000800  0000D6  0008D6      1000       0  STRING      2
                text32                         0008D6  00000D  0008E3      11AC       0  CODE        2
                text3                          0008E3  000059  00093C      11C6       0  CODE        2
                text9                          00093C  000361  000C9D      1278       0  CODE        2
                text2                          000C9D  000363  001000      193A       0  CODE        2
                clrtext                        001001  000008  001009      2002       0  CODE        2
                text23                         001009  00002B  001034      2012       0  CODE        2
                text12                         001034  0000BE  0010F2      2068       0  CODE        2
                maintext                       0010F2  000182  001274      21E4       0  CODE        2
                text19                         001274  000288  0014FC      24E8       0  CODE        2
                text1                          0014FC  000304  001800      29F8       0  CODE        2
                text27                         00199A  000005  00199F      3334       0  CODE        2
                text34                         00199F  000006  0019A5      333E       0  CODE        2
                text37                         0019A5  000007  0019AC      334A       0  CODE        2
                text36                         0019AC  000008  0019B4      3358       0  CODE        2
                text20                         0019B4  00000B  0019BF      3368       0  CODE        2
                text26                         0019BF  00000C  0019CB      337E       0  CODE        2
                text24                         0019CB  00000C  0019D7      3396       0  CODE        2
                text35                         0019D7  00000E  0019E5      33AE       0  CODE        2
                text5                          0019E5  000012  0019F7      33CA       0  CODE        2
                text29                         0019F7  00001B  001A12      33EE       0  CODE        2
                text33                         001A12  000023  001A35      3424       0  CODE        2
                text30                         001A35  000024  001A59      346A       0  CODE        2
                text14                         001A59  000025  001A7E      34B2       0  CODE        2
                text10                         001A7E  000027  001AA5      34FC       0  CODE        2
                text25                         001AA5  000036  001ADB      354A       0  CODE        2
                text7                          001ADB  00003A  001B15      35B6       0  CODE        2
                text28                         001B15  000046  001B5B      362A       0  CODE        2
                text8                          001B5B  000046  001BA1      36B6       0  CODE        2
                text31                         001BA1  00004F  001BF0      3742       0  CODE        2
                text22                         001BF0  000050  001C40      37E0       0  CODE        2
                text15                         001C40  000056  001C96      3880       0  CODE        2
                text16                         001C96  000068  001CFE      392C       0  CODE        2
                text4                          001CFE  000069  001D67      39FC       0  CODE        2
                text17                         001D67  00007C  001DE3      3ACE       0  CODE        2
                text21                         001DE3  0000A4  001E87      3BC6       0  CODE        2
                text13                         001E87  0000BC  001F43      3D0E       0  CODE        2
                text11                         001F43  0000BD  002000      3E86       0  CODE        2


UNUSED ADDRESS RANGES

        Name                Unused          Largest block    Delta
        BANK0            0006F-0006F               1           1
        BANK1            000E3-000EF               D           1
        BANK2            00110-0016F              60           1
        BANK3            001A4-001EF              4C           1
        CODE             00003-00003               1           2
                         007FF-007FF               1
                         01000-01000               1
                         01800-01999             19A
        COMMON           0007C-0007D               2           1
        CONST            00003-00003               1           2
                         007FF-007FF               1
                         01000-01000               1
                         01800-01999             100
        EEDATA           02100-021FF             100           2
        ENTRY            00003-00003               1           2
                         007FF-007FF               1
                         01000-01000               1
                         01800-01999             100
        IDLOC            02000-02003               4           2
        RAM              0006F-0006F               1           1
                         000E3-000EF               D
                         00110-0016F              60
                         001A4-001EF              4C
        SFR0             00000-0001F              20           1
        SFR1             00080-0009F              20           1
        SFR2             00100-0010F              10           1
        SFR3             00180-0018F              10           1
        STACK            00110-0016F              60           1
        STRCODE          00003-00003               1           2
                         007FF-007FF               1
                         01000-01000               1
                         01800-01999             19A
        STRING           00003-00003               1           2
                         007FF-007FF               1
                         01000-01000               1
                         01800-01999             100

                                  Symbol Table

?__Umul8_16                cstackCOMMON 00072
?___awdiv                  cstackBANK0  00020
?___awmod                  cstackCOMMON 00072
?___fladd                  cstackBANK0  00056
?___flmul                  cstackBANK0  00028
?___flneg                  cstackCOMMON 00072
?___flsub                  cstackBANK1  000A0
?___fltol                  cstackBANK0  00055
?___lldiv                  cstackCOMMON 00072
?___llmod                  cstackCOMMON 00072
?___lwdiv                  cstackBANK0  00020
?___lwmod                  cstackCOMMON 00072
?___wmul                   cstackCOMMON 00072
?___xxtofl                 cstackCOMMON 00072
?__div_to_l_               cstackCOMMON 00072
?__tdiv_to_l_              cstackCOMMON 00072
?_fround                   cstackBANK0  00042
?_scale                    cstackBANK0  00042
?_sprintf                  cstackBANK1  000A8
LCD_Cmd@a                  cstackCOMMON 00075
LCD_Port@a                 cstackCOMMON 00072
LCD_Set_Cursor@a           cstackCOMMON 00079
LCD_Set_Cursor@x           cstackCOMMON 00078
LCD_Set_Cursor@y           cstackCOMMON 00076
LCD_Write_Char@a           cstackCOMMON 00074
LCD_Write_String@a         cstackCOMMON 00075
LCD_Write_String@i         cstackBANK0  00020
USART_Write@a              cstackCOMMON 00072
USART_WriteStr@a           cstackCOMMON 00073
USART_WriteStr@i           cstackCOMMON 00076
_ANSEL                     (abs)        00188
_ANSELH                    (abs)        00189
_INTCONbits                (abs)        0000B
_ISR                       text37       019A5
_Init_Receive              text36       019AC
_Init_Trans                text35       019D7
_LCD_Clear                 text32       008D6
_LCD_Cmd                   text33       01A12
_LCD_Init                  text31       01BA1
_LCD_Port                  text34       0199F
_LCD_Set_Cursor            text30       01A35
_LCD_Write_Char            text29       019F7
_LCD_Write_String          text28       01B15
_Lcdvar                    bssBANK3     00190
_PIE1bits                  (abs)        0008C
_PIR1bits                  (abs)        0000C
_PORTA                     (abs)        00005
_PORTB                     (abs)        00006
_PORTCbits                 (abs)        00007
_PORTD                     (abs)        00008
_PORTE                     (abs)        00009
_RCIF                      (abs)        00065
_RCREG                     (abs)        0001A
_RCSTAbits                 (abs)        00018
_RE0                       (abs)        00048
_RE1                       (abs)        00049
_S1                        bssBANK1     000DC
_S2                        bssBANK1     000D8
_S3                        bssBANK1     000D4
_SPBRG                     (abs)        00099
_SPI_MASTER                text26       019BF
_SSPBUF                    (abs)        00013
_SSPCON                    (abs)        00014
_SSPSTAT                   (abs)        00094
_SSPSTATbits               (abs)        00094
_Set_BaudRate              text27       0199A
_Setup                     text25       01AA5
_TRISA                     (abs)        00085
_TRISB                     (abs)        00086
_TRISCbits                 (abs)        00087
_TRISD                     (abs)        00088
_TRISE                     (abs)        00089
_TRMT                      (abs)        004C1
_TXREG                     (abs)        00019
_TXSTAbits                 (abs)        00098
_USART_Write               text24       019CB
_USART_WriteStr            text23       01009
__Habs1                    abs1         00000
__Hbank0                   bank0        00000
__Hbank1                   bank1        00000
__Hbank2                   bank2        00000
__Hbank3                   bank3        00000
__HbssBANK1                bssBANK1     00000
__HbssBANK3                bssBANK3     00000
__HbssCOMMON               bssCOMMON    00000
__Hcinit                   cinit        00026
__Hclrtext                 clrtext      00000
__Hcode                    code         00000
__Hcommon                  common       00000
__Hconfig                  config       02009
__HcstackBANK0             cstackBANK0  00000
__HcstackBANK1             cstackBANK1  00000
__HcstackCOMMON            cstackCOMMON 00000
__Heeprom_data             eeprom_data  00000
__Hend_init                end_init     0000F
__Hfunctab                 functab      00000
__Hinit                    init         0000C
__Hintentry                intentry     0000C
__Hmaintext                maintext     00000
__Hpowerup                 powerup      00000
__Hram                     ram          00000
__Hreset_vec               reset_vec    00003
__Hsfr0                    sfr0         00000
__Hsfr1                    sfr1         00000
__Hsfr2                    sfr2         00000
__Hsfr3                    sfr3         00000
__Hspace_0                 (abs)        02000
__Hspace_1                 (abs)        001A4
__Hspace_2                 (abs)        00000
__Hspace_3                 (abs)        00000
__Hspace_4                 (abs)        04010
__Hstack                   stack        00000
__Hstrings                 strings      00000
__Htext                    text         00000
__Labs1                    abs1         00000
__Lbank0                   bank0        00000
__Lbank1                   bank1        00000
__Lbank2                   bank2        00000
__Lbank3                   bank3        00000
__LbssBANK1                bssBANK1     00000
__LbssBANK3                bssBANK3     00000
__LbssCOMMON               bssCOMMON    00000
__Lcinit                   cinit        0000F
__Lclrtext                 clrtext      00000
__Lcode                    code         00000
__Lcommon                  common       00000
__Lconfig                  config       00000
__LcstackBANK0             cstackBANK0  00000
__LcstackBANK1             cstackBANK1  00000
__LcstackCOMMON            cstackCOMMON 00000
__Leeprom_data             eeprom_data  00000
__Lend_init                end_init     0000C
__Lfunctab                 functab      00000
__Linit                    init         0000C
__Lintentry                intentry     00004
__Lmaintext                maintext     00000
__Lpowerup                 powerup      00000
__Lram                     ram          00000
__Lreset_vec               reset_vec    00000
__Lsfr0                    sfr0         00000
__Lsfr1                    sfr1         00000
__Lsfr2                    sfr2         00000
__Lsfr3                    sfr3         00000
__Lspace_0                 (abs)        00000
__Lspace_1                 (abs)        00000
__Lspace_2                 (abs)        00000
__Lspace_3                 (abs)        00000
__Lspace_4                 (abs)        00000
__Lstack                   stack        00000
__Lstrings                 strings      00000
__Ltext                    text         00000
__S0                       (abs)        02000
__S1                       (abs)        001A4
__S2                       (abs)        00000
__S3                       (abs)        00000
__Umul8_16                 text10       01A7E
__Umul8_16@multiplicand    cstackCOMMON 00072
__Umul8_16@multiplier      cstackCOMMON 0007A
__Umul8_16@product         cstackCOMMON 00076
__Umul8_16@word_mpld       cstackCOMMON 00078
___awdiv                   text4        01CFE
___awdiv@counter           cstackBANK0  00024
___awdiv@dividend          cstackBANK0  00022
___awdiv@divisor           cstackBANK0  00020
___awdiv@quotient          cstackBANK0  00026
___awdiv@sign              cstackBANK0  00025
___awmod                   text3        008E3
___awmod@counter           cstackCOMMON 00077
___awmod@dividend          cstackCOMMON 00074
___awmod@divisor           cstackCOMMON 00072
___awmod@sign              cstackCOMMON 00078
___fladd                   text19       01274
___fladd@a                 cstackBANK0  0005A
___fladd@aexp              cstackBANK0  00067
___fladd@b                 cstackBANK0  00056
___fladd@bexp              cstackBANK0  00068
___fladd@grs               cstackBANK0  00069
___fladd@signs             cstackBANK0  00066
___fleq                    text22       01BF0
___fleq@ff1                cstackCOMMON 00072
___fleq@ff2                cstackCOMMON 00076
___flge                    text21       01DE3
___flge@ff1                cstackCOMMON 00072
___flge@ff2                cstackCOMMON 00076
___flmul                   text9        0093C
___flmul@a                 cstackBANK0  0002C
___flmul@aexp              cstackBANK0  0003A
___flmul@b                 cstackBANK0  00028
___flmul@bexp              cstackBANK0  0003B
___flmul@grs               cstackBANK0  00036
___flmul@prod              cstackBANK0  0003C
___flmul@sign              cstackBANK0  00035
___flmul@temp              cstackBANK0  00040
___flneg                   text20       019B4
___flneg@f1                cstackCOMMON 00072
___flsub                   text18       007AF
___flsub@a                 cstackBANK1  000A0
___flsub@b                 cstackBANK1  000A4
___fltol                   text17       01D67
___fltol@exp1              cstackBANK0  0005F
___fltol@f1                cstackBANK0  00055
___fltol@sign1             cstackBANK0  0005E
___int_sp                  stack        00000
___latbits                 (abs)        00002
___lldiv                   text16       01C96
___lldiv@counter           cstackBANK0  00024
___lldiv@dividend          cstackCOMMON 00076
___lldiv@divisor           cstackCOMMON 00072
___lldiv@quotient          cstackBANK0  00020
___llmod                   text15       01C40
___llmod@counter           cstackBANK0  00020
___llmod@dividend          cstackCOMMON 00076
___llmod@divisor           cstackCOMMON 00072
___lwdiv                   text8        01B5B
___lwdiv@counter           cstackBANK0  00024
___lwdiv@dividend          cstackBANK0  00022
___lwdiv@divisor           cstackBANK0  00020
___lwdiv@quotient          cstackBANK0  00025
___lwmod                   text7        01ADB
___lwmod@counter           cstackCOMMON 00077
___lwmod@dividend          cstackCOMMON 00074
___lwmod@divisor           cstackCOMMON 00072
___sp                      stack        00000
___stackhi                 (abs)        00000
___stacklo                 (abs)        00000
___wmul                    text14       01A59
___wmul@multiplicand       cstackCOMMON 00074
___wmul@multiplier         cstackCOMMON 00072
___wmul@product            cstackCOMMON 00076
___xxtofl                  text13       01E87
___xxtofl@arg              cstackBANK0  00022
___xxtofl@exp              cstackBANK0  00021
___xxtofl@sign             cstackBANK0  00020
___xxtofl@val              cstackCOMMON 00072
__div_to_l_                text12       01034
__div_to_l_@cntr           cstackBANK0  00024
__div_to_l_@exp1           cstackBANK0  00025
__div_to_l_@f1             cstackCOMMON 00072
__div_to_l_@f2             cstackCOMMON 00076
__div_to_l_@quot           cstackBANK0  00020
__end_of_ISR               text37       019AC
__end_of_Init_Receive      text36       019B4
__end_of_Init_Trans        text35       019E5
__end_of_LCD_Clear         text32       008E3
__end_of_LCD_Cmd           text33       01A35
__end_of_LCD_Init          text31       01BF0
__end_of_LCD_Port          text34       019A5
__end_of_LCD_Set_Cursor    text30       01A59
__end_of_LCD_Write_Char    text29       01A12
__end_of_LCD_Write_String  text28       01B5B
__end_of_SPI_MASTER        text26       019CB
__end_of_Set_BaudRate      text27       0199F
__end_of_Setup             text25       01ADB
__end_of_USART_Write       text24       019D7
__end_of_USART_WriteStr    text23       01034
__end_of__Umul8_16         text10       01AA5
__end_of___awdiv           text4        01D67
__end_of___awmod           text3        0093C
__end_of___fladd           text19       014FC
__end_of___fleq            text22       01C40
__end_of___flge            text21       01E87
__end_of___flmul           text9        00C9D
__end_of___flneg           text20       019BF
__end_of___flsub           text18       007FF
__end_of___fltol           text17       01DE3
__end_of___lldiv           text16       01CFE
__end_of___llmod           text15       01C96
__end_of___lwdiv           text8        01BA1
__end_of___lwmod           text7        01B15
__end_of___wmul            text14       01A7E
__end_of___xxtofl          text13       01F43
__end_of__div_to_l_        text12       010F2
__end_of__initialization   cinit        00022
__end_of__npowers_         strings      00878
__end_of__powers_          strings      00844
__end_of__stringtab        strings      00810
__end_of__tdiv_to_l_       text11       02000
__end_of_dpowers           strings      008A0
__end_of_fround            text6        007AF
__end_of_isdigit           text5        019F7
__end_of_main              maintext     01274
__end_of_scale             text2        01000
__end_of_sprintf           text1_split_1 005A2
__initialization           cinit        0000F
__npowers_                 strings      00844
__pbssBANK1                bssBANK1     000D4
__pbssBANK3                bssBANK3     00190
__pbssCOMMON               bssCOMMON    0007B
__pcstackBANK0             cstackBANK0  00020
__pcstackBANK1             cstackBANK1  000A0
__pcstackCOMMON            cstackCOMMON 00070
__pintentry                intentry     00004
__pmaintext                maintext     010F2
__powers_                  strings      00810
__pstrings                 strings      00800
__ptext1                   text1        014FC
__ptext10                  text10       01A7E
__ptext11                  text11       01F43
__ptext12                  text12       01034
__ptext13                  text13       01E87
__ptext14                  text14       01A59
__ptext15                  text15       01C40
__ptext16                  text16       01C96
__ptext17                  text17       01D67
__ptext18                  text18       007AF
__ptext19                  text19       01274
__ptext2                   text2        00C9D
__ptext20                  text20       019B4
__ptext21                  text21       01DE3
__ptext22                  text22       01BF0
__ptext23                  text23       01009
__ptext24                  text24       019CB
__ptext25                  text25       01AA5
__ptext26                  text26       019BF
__ptext27                  text27       0199A
__ptext28                  text28       01B15
__ptext29                  text29       019F7
__ptext3                   text3        008E3
__ptext30                  text30       01A35
__ptext31                  text31       01BA1
__ptext32                  text32       008D6
__ptext33                  text33       01A12
__ptext34                  text34       0199F
__ptext35                  text35       019D7
__ptext36                  text36       019AC
__ptext37                  text37       019A5
__ptext4                   text4        01CFE
__ptext5                   text5        019E5
__ptext6                   text6        005A2
__ptext7                   text7        01ADB
__ptext8                   text8        01B5B
__ptext9                   text9        0093C
__size_of_ISR              (abs)        00000
__size_of_Init_Receive     (abs)        00000
__size_of_Init_Trans       (abs)        00000
__size_of_LCD_Clear        (abs)        00000
__size_of_LCD_Cmd          (abs)        00000
__size_of_LCD_Init         (abs)        00000
__size_of_LCD_Port         (abs)        00000
__size_of_LCD_Set_Cursor   (abs)        00000
__size_of_LCD_Write_Char   (abs)        00000
__size_of_LCD_Write_String (abs)        00000
__size_of_SPI_MASTER       (abs)        00000
__size_of_Set_BaudRate     (abs)        00000
__size_of_Setup            (abs)        00000
__size_of_USART_Write      (abs)        00000
__size_of_USART_WriteStr   (abs)        00000
__size_of__Umul8_16        (abs)        00000
__size_of___awdiv          (abs)        00000
__size_of___awmod          (abs)        00000
__size_of___fladd          (abs)        00000
__size_of___fleq           (abs)        00000
__size_of___flge           (abs)        00000
__size_of___flmul          (abs)        00000
__size_of___flneg          (abs)        00000
__size_of___flsub          (abs)        00000
__size_of___fltol          (abs)        00000
__size_of___lldiv          (abs)        00000
__size_of___llmod          (abs)        00000
__size_of___lwdiv          (abs)        00000
__size_of___lwmod          (abs)        00000
__size_of___wmul           (abs)        00000
__size_of___xxtofl         (abs)        00000
__size_of__div_to_l_       (abs)        00000
__size_of__tdiv_to_l_      (abs)        00000
__size_of_fround           (abs)        00000
__size_of_isdigit          (abs)        00000
__size_of_main             (abs)        00000
__size_of_scale            (abs)        00000
__size_of_sprintf          (abs)        00000
__stringbase               strings      0080F
__stringtab                strings      00800
__tdiv_to_l_               text11       01F43
__tdiv_to_l_@cntr          cstackBANK0  00028
__tdiv_to_l_@exp1          cstackBANK0  00029
__tdiv_to_l_@f1            cstackCOMMON 00072
__tdiv_to_l_@f2            cstackCOMMON 00076
__tdiv_to_l_@quot          cstackBANK0  00024
_adcvar                    bssBANK1     000E2
_cont                      bssBANK1     000E1
_dpowers                   strings      00878
_fround                    text6        005A2
_fround$1193               cstackBANK0  00051
_fround$1194               cstackBANK0  0004D
_isdigit                   text5        019E5
_isdigit$1017              cstackCOMMON 00072
_main                      maintext     010F2
_scale                     text2        00C9D
_scale$1195                cstackBANK0  00050
_sprintf                   text1        014FC
_sprintf$1196              cstackBANK1  000B5
_temp_value                bssBANK1     000E0
btemp                      (abs)        0007E
clear_ram0                 clrtext      01001
end_of_initialization      cinit        00022
fround@prec                cstackBANK0  00055
interrupt_function         intentry     00004
intlevel0                  functab      00000
intlevel1                  functab      00000
intlevel2                  functab      00000
intlevel3                  functab      00000
intlevel4                  functab      00000
intlevel5                  functab      00000
isdigit@c                  cstackCOMMON 00073
pnum$text1                 (abs)        0000C
pnum$text1_split_1         (abs)        00033
psplit$0                   (abs)        C0033
reset_vec                  reset_vec    00000
saved_w                    (abs)        0007E
scale@scl                  cstackBANK0  00054
sprintf@ap                 cstackBANK1  000B9
sprintf@c                  cstackBANK1  000CF
sprintf@eexp               cstackBANK1  000C6
sprintf@f                  cstackBANK1  000A8
sprintf@flag               cstackBANK1  000BE
sprintf@fval               cstackBANK1  000C8
sprintf@prec               cstackBANK1  000CD
sprintf@sp                 cstackBANK1  000CC
sprintf@tmpval             cstackBANK1  000C2
sprintf@val                cstackBANK1  000BA
sprintf@width              cstackBANK1  000C0
start                      init         0000C
start_initialization       cinit        0000F
wtemp0                     (abs)        0007E


FUNCTION INFORMATION:

 *************** function _main *****************
 Defined at:
		line 109 in file "Master_main.c"
 Parameters:    Size  Location     Type
		None
 Auto vars:     Size  Location     Type
		None
 Return value:  Size  Location     Type
                  1    wreg      void 
 Registers used:
		wreg, fsr0l, fsr0h, status,2, status,0, btemp+1, pclath, cstack
 Tracked objects:
		On entry : 
		On exit  : 
		Unchanged: 
 Data sizes:     COMMON   BANK0   BANK1   BANK3   BANK2
      Params:         0       0       0       0       0
      Locals:         0       0       0       0       0
      Temps:          0       0       4       0       0
      Totals:         0       0       4       0       0
Total ram usage:        4 bytes
 Hardware stack levels required when called:    5
 This function calls:
		_Init_Receive
		_Init_Trans
		_LCD_Clear
		_LCD_Init
		_LCD_Set_Cursor
		_LCD_Write_String
		_Set_BaudRate
		_Setup
		_USART_Write
		_USART_WriteStr
		___flmul
		___xxtofl
		_sprintf
 This function is called by:
		Startup code after reset
 This function uses a non-reentrant model


 *************** function _sprintf *****************
 Defined at:
		line 505 in file "C:\Program Files\Microchip\xc8\v2.31\pic\sources\c90\common\doprnt.c"
 Parameters:    Size  Location     Type
  sp              1    wreg     PTR unsigned char 
		 -> Lcdvar(20), 
  f               1    8[BANK1 ] PTR const unsigned char 
		 -> STR_2(19), 
 Auto vars:     Size  Location     Type
  sp              1   44[BANK1 ] PTR unsigned char 
		 -> Lcdvar(20), 
  fval            4   40[BANK1 ] PTR unsigned char 
  tmpval          4   34[BANK1 ] struct .
  val             4   26[BANK1 ] unsigned long 
  prec            2   45[BANK1 ] int 
  eexp            2   38[BANK1 ] int 
  width           2   32[BANK1 ] int 
  flag            2   30[BANK1 ] unsigned short 
  cp              2    0        PTR const unsigned char 
  len             2    0        unsigned int 
  c               1   47[BANK1 ] unsigned char 
  ap              1   25[BANK1 ] PTR void [1]
		 -> ?_sprintf(2), 
  d               1    0        unsigned char 
 Return value:  Size  Location     Type
                  2    8[BANK1 ] int 
 Registers used:
		wreg, fsr0l, fsr0h, status,2, status,0, btemp+1, pclath, cstack
 Tracked objects:
		On entry : 
		On exit  : 
		Unchanged: 
 Data sizes:     COMMON   BANK0   BANK1   BANK3   BANK2
      Params:         0       0      13       0       0
      Locals:         0       0      27       0       0
      Temps:          0       5       0       0       0
      Totals:         0       5      40       0       0
Total ram usage:       45 bytes
 Hardware stack levels used:    1
 Hardware stack levels required when called:    4
 This function calls:
		___awdiv
		___fladd
		___fleq
		___flge
		___flmul
		___flneg
		___flsub
		___fltol
		___lldiv
		___llmod
		___wmul
		___xxtofl
		__div_to_l_
		__tdiv_to_l_
		_fround
		_isdigit
		_scale
 This function is called by:
		_main
 This function uses a non-reentrant model


 *************** function _scale *****************
 Defined at:
		line 433 in file "C:\Program Files\Microchip\xc8\v2.31\pic\sources\c90\common\doprnt.c"
 Parameters:    Size  Location     Type
  scl             1    wreg     char 
 Auto vars:     Size  Location     Type
  scl             1   52[BANK0 ] char 
 Return value:  Size  Location     Type
                  4   34[BANK0 ] char 
 Registers used:
		wreg, fsr0l, fsr0h, status,2, status,0, btemp+1, pclath, cstack
 Tracked objects:
		On entry : 
		On exit  : 
		Unchanged: 
 Data sizes:     COMMON   BANK0   BANK1   BANK3   BANK2
      Params:         0       4       0       0       0
      Locals:         0       5       0       0       0
      Temps:          0      10       0       0       0
      Totals:         0      19       0       0       0
Total ram usage:       19 bytes
 Hardware stack levels used:    1
 Hardware stack levels required when called:    3
 This function calls:
		___awdiv
		___awmod
		___flmul
 This function is called by:
		_sprintf
 This function uses a non-reentrant model


 *************** function ___awmod *****************
 Defined at:
		line 5 in file "C:\Program Files\Microchip\xc8\v2.31\pic\sources\c90\common\awmod.c"
 Parameters:    Size  Location     Type
  divisor         2    2[COMMON] int 
  dividend        2    4[COMMON] int 
 Auto vars:     Size  Location     Type
  sign            1    8[COMMON] unsigned char 
  counter         1    7[COMMON] unsigned char 
 Return value:  Size  Location     Type
                  2    2[COMMON] int 
 Registers used:
		wreg, status,2, status,0
 Tracked objects:
		On entry : 
		On exit  : 
		Unchanged: 
 Data sizes:     COMMON   BANK0   BANK1   BANK3   BANK2
      Params:         4       0       0       0       0
      Locals:         2       0       0       0       0
      Temps:          1       0       0       0       0
      Totals:         7       0       0       0       0
Total ram usage:        7 bytes
 Hardware stack levels used:    1
 Hardware stack levels required when called:    1
 This function calls:
		Nothing
 This function is called by:
		_scale
 This function uses a non-reentrant model


 *************** function ___awdiv *****************
 Defined at:
		line 5 in file "C:\Program Files\Microchip\xc8\v2.31\pic\sources\c90\common\awdiv.c"
 Parameters:    Size  Location     Type
  divisor         2    0[BANK0 ] int 
  dividend        2    2[BANK0 ] int 
 Auto vars:     Size  Location     Type
  quotient        2    6[BANK0 ] int 
  sign            1    5[BANK0 ] unsigned char 
  counter         1    4[BANK0 ] unsigned char 
 Return value:  Size  Location     Type
                  2    0[BANK0 ] int 
 Registers used:
		wreg, status,2, status,0
 Tracked objects:
		On entry : 
		On exit  : 
		Unchanged: 
 Data sizes:     COMMON   BANK0   BANK1   BANK3   BANK2
      Params:         0       4       0       0       0
      Locals:         0       4       0       0       0
      Temps:          1       0       0       0       0
      Totals:         1       8       0       0       0
Total ram usage:        9 bytes
 Hardware stack levels used:    1
 Hardware stack levels required when called:    1
 This function calls:
		Nothing
 This function is called by:
		_scale
		_sprintf
 This function uses a non-reentrant model


 *************** function _isdigit *****************
 Defined at:
		line 8 in file "C:\Program Files\Microchip\xc8\v2.31\pic\sources\c90\common\isdigit.c"
 Parameters:    Size  Location     Type
  c               1    wreg     unsigned char 
 Auto vars:     Size  Location     Type
  c               1    3[COMMON] unsigned char 
 Return value:  Size  Location     Type
		None               void
 Registers used:
		wreg, status,2, status,0
 Tracked objects:
		On entry : 
		On exit  : 
		Unchanged: 
 Data sizes:     COMMON   BANK0   BANK1   BANK3   BANK2
      Params:         0       0       0       0       0
      Locals:         2       0       0       0       0
      Temps:          0       0       0       0       0
      Totals:         2       0       0       0       0
Total ram usage:        2 bytes
 Hardware stack levels used:    1
 Hardware stack levels required when called:    1
 This function calls:
		Nothing
 This function is called by:
		_sprintf
 This function uses a non-reentrant model


 *************** function _fround *****************
 Defined at:
		line 417 in file "C:\Program Files\Microchip\xc8\v2.31\pic\sources\c90\common\doprnt.c"
 Parameters:    Size  Location     Type
  prec            1    wreg     unsigned char 
 Auto vars:     Size  Location     Type
  prec            1   53[BANK0 ] unsigned char 
 Return value:  Size  Location     Type
                  4   34[BANK0 ] unsigned char 
 Registers used:
		wreg, fsr0l, fsr0h, status,2, status,0, btemp+1, pclath, cstack
 Tracked objects:
		On entry : 
		On exit  : 
		Unchanged: 
 Data sizes:     COMMON   BANK0   BANK1   BANK3   BANK2
      Params:         0       4       0       0       0
      Locals:         0       9       0       0       0
      Temps:          0       7       0       0       0
      Totals:         0      20       0       0       0
Total ram usage:       20 bytes
 Hardware stack levels used:    1
 Hardware stack levels required when called:    3
 This function calls:
		___flmul
		___lwdiv
		___lwmod
 This function is called by:
		_sprintf
 This function uses a non-reentrant model


 *************** function ___lwmod *****************
 Defined at:
		line 5 in file "C:\Program Files\Microchip\xc8\v2.31\pic\sources\c90\common\lwmod.c"
 Parameters:    Size  Location     Type
  divisor         2    2[COMMON] unsigned int 
  dividend        2    4[COMMON] unsigned int 
 Auto vars:     Size  Location     Type
  counter         1    7[COMMON] unsigned char 
 Return value:  Size  Location     Type
                  2    2[COMMON] unsigned int 
 Registers used:
		wreg, status,2, status,0
 Tracked objects:
		On entry : 
		On exit  : 
		Unchanged: 
 Data sizes:     COMMON   BANK0   BANK1   BANK3   BANK2
      Params:         4       0       0       0       0
      Locals:         1       0       0       0       0
      Temps:          1       0       0       0       0
      Totals:         6       0       0       0       0
Total ram usage:        6 bytes
 Hardware stack levels used:    1
 Hardware stack levels required when called:    1
 This function calls:
		Nothing
 This function is called by:
		_fround
 This function uses a non-reentrant model


 *************** function ___lwdiv *****************
 Defined at:
		line 5 in file "C:\Program Files\Microchip\xc8\v2.31\pic\sources\c90\common\lwdiv.c"
 Parameters:    Size  Location     Type
  divisor         2    0[BANK0 ] unsigned int 
  dividend        2    2[BANK0 ] unsigned int 
 Auto vars:     Size  Location     Type
  quotient        2    5[BANK0 ] unsigned int 
  counter         1    4[BANK0 ] unsigned char 
 Return value:  Size  Location     Type
                  2    0[BANK0 ] unsigned int 
 Registers used:
		wreg, status,2, status,0
 Tracked objects:
		On entry : 
		On exit  : 
		Unchanged: 
 Data sizes:     COMMON   BANK0   BANK1   BANK3   BANK2
      Params:         0       4       0       0       0
      Locals:         0       3       0       0       0
      Temps:          1       0       0       0       0
      Totals:         1       7       0       0       0
Total ram usage:        8 bytes
 Hardware stack levels used:    1
 Hardware stack levels required when called:    1
 This function calls:
		Nothing
 This function is called by:
		_fround
 This function uses a non-reentrant model


 *************** function ___flmul *****************
 Defined at:
		line 8 in file "C:\Program Files\Microchip\xc8\v2.31\pic\sources\c90\common\sprcmul.c"
 Parameters:    Size  Location     Type
  b               4    8[BANK0 ] unsigned int 
  a               4   12[BANK0 ] unsigned int 
 Auto vars:     Size  Location     Type
  prod            4   28[BANK0 ] struct .
  grs             4   22[BANK0 ] unsigned long 
  temp            2   32[BANK0 ] struct .
  bexp            1   27[BANK0 ] unsigned char 
  aexp            1   26[BANK0 ] unsigned char 
  sign            1   21[BANK0 ] unsigned char 
 Return value:  Size  Location     Type
                  4    8[BANK0 ] unsigned char 
 Registers used:
		wreg, status,2, status,0, btemp+1, pclath, cstack
 Tracked objects:
		On entry : 
		On exit  : 
		Unchanged: 
 Data sizes:     COMMON   BANK0   BANK1   BANK3   BANK2
      Params:         0       8       0       0       0
      Locals:         0      13       0       0       0
      Temps:          0       5       0       0       0
      Totals:         0      26       0       0       0
Total ram usage:       26 bytes
 Hardware stack levels used:    1
 Hardware stack levels required when called:    2
 This function calls:
		__Umul8_16
 This function is called by:
		_main
		_fround
		_scale
		_sprintf
 This function uses a non-reentrant model


 *************** function __Umul8_16 *****************
 Defined at:
		line 4 in file "C:\Program Files\Microchip\xc8\v2.31\pic\sources\c90\common\Umul8_16.c"
 Parameters:    Size  Location     Type
  multiplier      1    wreg     unsigned char 
  multiplicand    1    2[COMMON] unsigned char 
 Auto vars:     Size  Location     Type
  multiplier      1   10[COMMON] unsigned char 
  word_mpld       2    8[COMMON] unsigned int 
  product         2    6[COMMON] unsigned int 
 Return value:  Size  Location     Type
                  2    2[COMMON] unsigned int 
 Registers used:
		wreg, status,2, status,0
 Tracked objects:
		On entry : 
		On exit  : 
		Unchanged: 
 Data sizes:     COMMON   BANK0   BANK1   BANK3   BANK2
      Params:         2       0       0       0       0
      Locals:         5       0       0       0       0
      Temps:          2       0       0       0       0
      Totals:         9       0       0       0       0
Total ram usage:        9 bytes
 Hardware stack levels used:    1
 Hardware stack levels required when called:    1
 This function calls:
		Nothing
 This function is called by:
		___flmul
 This function uses a non-reentrant model


 *************** function __tdiv_to_l_ *****************
 Defined at:
		line 60 in file "C:\Program Files\Microchip\xc8\v2.31\pic\sources\c90\common\ftdivl.c"
 Parameters:    Size  Location     Type
  f1              4    2[COMMON] float 
  f2              4    6[COMMON] float 
 Auto vars:     Size  Location     Type
  quot            4    4[BANK0 ] unsigned long 
  exp1            1    9[BANK0 ] unsigned char 
  cntr            1    8[BANK0 ] unsigned char 
 Return value:  Size  Location     Type
                  4    2[COMMON] unsigned long 
 Registers used:
		wreg, status,2, status,0
 Tracked objects:
		On entry : 
		On exit  : 
		Unchanged: 
 Data sizes:     COMMON   BANK0   BANK1   BANK3   BANK2
      Params:         8       0       0       0       0
      Locals:         0       6       0       0       0
      Temps:          0       4       0       0       0
      Totals:         8      10       0       0       0
Total ram usage:       18 bytes
 Hardware stack levels used:    1
 Hardware stack levels required when called:    1
 This function calls:
		Nothing
 This function is called by:
		_sprintf
 This function uses a non-reentrant model


 *************** function __div_to_l_ *****************
 Defined at:
		line 60 in file "C:\Program Files\Microchip\xc8\v2.31\pic\sources\c90\common\fldivl.c"
 Parameters:    Size  Location     Type
  f1              4    2[COMMON] unsigned long 
  f2              4    6[COMMON] unsigned long 
 Auto vars:     Size  Location     Type
  quot            4    0[BANK0 ] unsigned long 
  exp1            1    5[BANK0 ] unsigned char 
  cntr            1    4[BANK0 ] unsigned char 
 Return value:  Size  Location     Type
                  4    2[COMMON] unsigned long 
 Registers used:
		wreg, status,2, status,0
 Tracked objects:
		On entry : 
		On exit  : 
		Unchanged: 
 Data sizes:     COMMON   BANK0   BANK1   BANK3   BANK2
      Params:         8       0       0       0       0
      Locals:         0       6       0       0       0
      Temps:          1       0       0       0       0
      Totals:         9       6       0       0       0
Total ram usage:       15 bytes
 Hardware stack levels used:    1
 Hardware stack levels required when called:    1
 This function calls:
		Nothing
 This function is called by:
		_sprintf
 This function uses a non-reentrant model


 *************** function ___xxtofl *****************
 Defined at:
		line 10 in file "C:\Program Files\Microchip\xc8\v2.31\pic\sources\c90\common\xxtofl.c"
 Parameters:    Size  Location     Type
  sign            1    wreg     unsigned char 
  val             4    2[COMMON] long 
 Auto vars:     Size  Location     Type
  sign            1    0[BANK0 ] unsigned char 
  arg             4    2[BANK0 ] unsigned long 
  exp             1    1[BANK0 ] unsigned char 
 Return value:  Size  Location     Type
                  4    2[COMMON] unsigned char 
 Registers used:
		wreg, status,2, status,0
 Tracked objects:
		On entry : 
		On exit  : 
		Unchanged: 
 Data sizes:     COMMON   BANK0   BANK1   BANK3   BANK2
      Params:         4       0       0       0       0
      Locals:         0       6       0       0       0
      Temps:          4       0       0       0       0
      Totals:         8       6       0       0       0
Total ram usage:       14 bytes
 Hardware stack levels used:    1
 Hardware stack levels required when called:    1
 This function calls:
		Nothing
 This function is called by:
		_main
		_sprintf
 This function uses a non-reentrant model


 *************** function ___wmul *****************
 Defined at:
		line 15 in file "C:\Program Files\Microchip\xc8\v2.31\pic\sources\c90\common\Umul16.c"
 Parameters:    Size  Location     Type
  multiplier      2    2[COMMON] unsigned int 
  multiplicand    2    4[COMMON] unsigned int 
 Auto vars:     Size  Location     Type
  product         2    6[COMMON] unsigned int 
 Return value:  Size  Location     Type
                  2    2[COMMON] unsigned int 
 Registers used:
		wreg, status,2, status,0
 Tracked objects:
		On entry : 
		On exit  : 
		Unchanged: 
 Data sizes:     COMMON   BANK0   BANK1   BANK3   BANK2
      Params:         4       0       0       0       0
      Locals:         2       0       0       0       0
      Temps:          0       0       0       0       0
      Totals:         6       0       0       0       0
Total ram usage:        6 bytes
 Hardware stack levels used:    1
 Hardware stack levels required when called:    1
 This function calls:
		Nothing
 This function is called by:
		_sprintf
 This function uses a non-reentrant model


 *************** function ___llmod *****************
 Defined at:
		line 5 in file "C:\Program Files\Microchip\xc8\v2.31\pic\sources\c90\common\llmod.c"
 Parameters:    Size  Location     Type
  divisor         4    2[COMMON] unsigned long 
  dividend        4    6[COMMON] unsigned long 
 Auto vars:     Size  Location     Type
  counter         1    0[BANK0 ] unsigned char 
 Return value:  Size  Location     Type
                  4    2[COMMON] unsigned long 
 Registers used:
		wreg, status,2, status,0
 Tracked objects:
		On entry : 
		On exit  : 
		Unchanged: 
 Data sizes:     COMMON   BANK0   BANK1   BANK3   BANK2
      Params:         8       0       0       0       0
      Locals:         0       1       0       0       0
      Temps:          1       0       0       0       0
      Totals:         9       1       0       0       0
Total ram usage:       10 bytes
 Hardware stack levels used:    1
 Hardware stack levels required when called:    1
 This function calls:
		Nothing
 This function is called by:
		_sprintf
 This function uses a non-reentrant model


 *************** function ___lldiv *****************
 Defined at:
		line 5 in file "C:\Program Files\Microchip\xc8\v2.31\pic\sources\c90\common\__lldiv.c"
 Parameters:    Size  Location     Type
  divisor         4    2[COMMON] unsigned long 
  dividend        4    6[COMMON] unsigned long 
 Auto vars:     Size  Location     Type
  quotient        4    0[BANK0 ] unsigned long 
  counter         1    4[BANK0 ] unsigned char 
 Return value:  Size  Location     Type
                  4    2[COMMON] unsigned long 
 Registers used:
		wreg, status,2, status,0
 Tracked objects:
		On entry : 
		On exit  : 
		Unchanged: 
 Data sizes:     COMMON   BANK0   BANK1   BANK3   BANK2
      Params:         8       0       0       0       0
      Locals:         0       5       0       0       0
      Temps:          1       0       0       0       0
      Totals:         9       5       0       0       0
Total ram usage:       14 bytes
 Hardware stack levels used:    1
 Hardware stack levels required when called:    1
 This function calls:
		Nothing
 This function is called by:
		_sprintf
 This function uses a non-reentrant model


 *************** function ___fltol *****************
 Defined at:
		line 43 in file "C:\Program Files\Microchip\xc8\v2.31\pic\sources\c90\common\fltol.c"
 Parameters:    Size  Location     Type
  f1              4   53[BANK0 ] unsigned long 
 Auto vars:     Size  Location     Type
  exp1            1   63[BANK0 ] unsigned char 
  sign1           1   62[BANK0 ] unsigned char 
 Return value:  Size  Location     Type
                  4   53[BANK0 ] long 
 Registers used:
		wreg, status,2, status,0
 Tracked objects:
		On entry : 
		On exit  : 
		Unchanged: 
 Data sizes:     COMMON   BANK0   BANK1   BANK3   BANK2
      Params:         0       4       0       0       0
      Locals:         0       2       0       0       0
      Temps:          0       5       0       0       0
      Totals:         0      11       0       0       0
Total ram usage:       11 bytes
 Hardware stack levels used:    1
 Hardware stack levels required when called:    1
 This function calls:
		Nothing
 This function is called by:
		_sprintf
 This function uses a non-reentrant model


 *************** function ___flsub *****************
 Defined at:
		line 242 in file "C:\Program Files\Microchip\xc8\v2.31\pic\sources\c90\common\sprcadd.c"
 Parameters:    Size  Location     Type
  a               4    0[BANK1 ] long 
  b               4    4[BANK1 ] long 
 Auto vars:     Size  Location     Type
		None
 Return value:  Size  Location     Type
                  4    0[BANK1 ] long 
 Registers used:
		wreg, status,2, status,0, btemp+1, pclath, cstack
 Tracked objects:
		On entry : 
		On exit  : 
		Unchanged: 
 Data sizes:     COMMON   BANK0   BANK1   BANK3   BANK2
      Params:         0       0       8       0       0
      Locals:         0       0       0       0       0
      Temps:          0       0       0       0       0
      Totals:         0       0       8       0       0
Total ram usage:        8 bytes
 Hardware stack levels used:    1
 Hardware stack levels required when called:    2
 This function calls:
		___fladd
 This function is called by:
		_sprintf
 This function uses a non-reentrant model


 *************** function ___fladd *****************
 Defined at:
		line 10 in file "C:\Program Files\Microchip\xc8\v2.31\pic\sources\c90\common\sprcadd.c"
 Parameters:    Size  Location     Type
  b               4   54[BANK0 ] long 
  a               4   58[BANK0 ] long 
 Auto vars:     Size  Location     Type
  grs             1   73[BANK0 ] unsigned char 
  bexp            1   72[BANK0 ] unsigned char 
  aexp            1   71[BANK0 ] unsigned char 
  signs           1   70[BANK0 ] unsigned char 
 Return value:  Size  Location     Type
                  4   54[BANK0 ] unsigned char 
 Registers used:
		wreg, status,2, status,0, btemp+1
 Tracked objects:
		On entry : 
		On exit  : 
		Unchanged: 
 Data sizes:     COMMON   BANK0   BANK1   BANK3   BANK2
      Params:         0       8       0       0       0
      Locals:         0       4       0       0       0
      Temps:          0       8       0       0       0
      Totals:         0      20       0       0       0
Total ram usage:       20 bytes
 Hardware stack levels used:    1
 Hardware stack levels required when called:    1
 This function calls:
		Nothing
 This function is called by:
		_sprintf
		___flsub
 This function uses a non-reentrant model


 *************** function ___flneg *****************
 Defined at:
		line 15 in file "C:\Program Files\Microchip\xc8\v2.31\pic\sources\c90\common\flneg.c"
 Parameters:    Size  Location     Type
  f1              4    2[COMMON] unsigned char 
 Auto vars:     Size  Location     Type
		None
 Return value:  Size  Location     Type
                  4    2[COMMON] unsigned char 
 Registers used:
		wreg
 Tracked objects:
		On entry : 
		On exit  : 
		Unchanged: 
 Data sizes:     COMMON   BANK0   BANK1   BANK3   BANK2
      Params:         4       0       0       0       0
      Locals:         0       0       0       0       0
      Temps:          0       0       0       0       0
      Totals:         4       0       0       0       0
Total ram usage:        4 bytes
 Hardware stack levels used:    1
 Hardware stack levels required when called:    1
 This function calls:
		Nothing
 This function is called by:
		_sprintf
 This function uses a non-reentrant model


 *************** function ___flge *****************
 Defined at:
		line 4 in file "C:\Program Files\Microchip\xc8\v2.31\pic\sources\c90\common\flge.c"
 Parameters:    Size  Location     Type
  ff1             4    2[COMMON] unsigned char 
  ff2             4    6[COMMON] unsigned char 
 Auto vars:     Size  Location     Type
		None
 Return value:  Size  Location     Type
		None               void
 Registers used:
		wreg, status,2, status,0
 Tracked objects:
		On entry : 
		On exit  : 
		Unchanged: 
 Data sizes:     COMMON   BANK0   BANK1   BANK3   BANK2
      Params:         8       0       0       0       0
      Locals:         0       0       0       0       0
      Temps:          0       4       0       0       0
      Totals:         8       4       0       0       0
Total ram usage:       12 bytes
 Hardware stack levels used:    1
 Hardware stack levels required when called:    1
 This function calls:
		Nothing
 This function is called by:
		_sprintf
 This function uses a non-reentrant model


 *************** function ___fleq *****************
 Defined at:
		line 4 in file "C:\Program Files\Microchip\xc8\v2.31\pic\sources\c90\common\fleq.c"
 Parameters:    Size  Location     Type
  ff1             4    2[COMMON] unsigned char 
  ff2             4    6[COMMON] unsigned char 
 Auto vars:     Size  Location     Type
		None
 Return value:  Size  Location     Type
		None               void
 Registers used:
		wreg, status,2, status,0
 Tracked objects:
		On entry : 
		On exit  : 
		Unchanged: 
 Data sizes:     COMMON   BANK0   BANK1   BANK3   BANK2
      Params:         8       0       0       0       0
      Locals:         0       0       0       0       0
      Temps:          0       4       0       0       0
      Totals:         8       4       0       0       0
Total ram usage:       12 bytes
 Hardware stack levels used:    1
 Hardware stack levels required when called:    1
 This function calls:
		Nothing
 This function is called by:
		_sprintf
 This function uses a non-reentrant model


 *************** function _USART_WriteStr *****************
 Defined at:
		line 38 in file "USART.c"
 Parameters:    Size  Location     Type
  a               2    3[COMMON] PTR unsigned char 
		 -> Lcdvar(20), STR_1(19), 
 Auto vars:     Size  Location     Type
  i               1    6[COMMON] unsigned char 
 Return value:  Size  Location     Type
                  1    wreg      void 
 Registers used:
		wreg, fsr0l, fsr0h, status,2, status,0, btemp+1, pclath, cstack
 Tracked objects:
		On entry : 
		On exit  : 
		Unchanged: 
 Data sizes:     COMMON   BANK0   BANK1   BANK3   BANK2
      Params:         2       0       0       0       0
      Locals:         1       0       0       0       0
      Temps:          1       0       0       0       0
      Totals:         4       0       0       0       0
Total ram usage:        4 bytes
 Hardware stack levels used:    1
 Hardware stack levels required when called:    2
 This function calls:
		_USART_Write
 This function is called by:
		_main
 This function uses a non-reentrant model


 *************** function _USART_Write *****************
 Defined at:
		line 33 in file "USART.c"
 Parameters:    Size  Location     Type
  a               1    wreg     unsigned char 
 Auto vars:     Size  Location     Type
  a               1    2[COMMON] unsigned char 
 Return value:  Size  Location     Type
                  1    wreg      void 
 Registers used:
		wreg
 Tracked objects:
		On entry : 
		On exit  : 
		Unchanged: 
 Data sizes:     COMMON   BANK0   BANK1   BANK3   BANK2
      Params:         0       0       0       0       0
      Locals:         1       0       0       0       0
      Temps:          0       0       0       0       0
      Totals:         1       0       0       0       0
Total ram usage:        1 bytes
 Hardware stack levels used:    1
 Hardware stack levels required when called:    1
 This function calls:
		Nothing
 This function is called by:
		_main
		_USART_WriteStr
 This function uses a non-reentrant model


 *************** function _Setup *****************
 Defined at:
		line 66 in file "Master_main.c"
 Parameters:    Size  Location     Type
		None
 Auto vars:     Size  Location     Type
		None
 Return value:  Size  Location     Type
                  1    wreg      void 
 Registers used:
		wreg, status,2, status,0, pclath, cstack
 Tracked objects:
		On entry : 
		On exit  : 
		Unchanged: 
 Data sizes:     COMMON   BANK0   BANK1   BANK3   BANK2
      Params:         0       0       0       0       0
      Locals:         0       0       0       0       0
      Temps:          0       0       0       0       0
      Totals:         0       0       0       0       0
Total ram usage:        0 bytes
 Hardware stack levels used:    1
 Hardware stack levels required when called:    2
 This function calls:
		_SPI_MASTER
 This function is called by:
		_main
 This function uses a non-reentrant model


 *************** function _SPI_MASTER *****************
 Defined at:
		line 3 in file "LIB_MASTERSPI.c"
 Parameters:    Size  Location     Type
		None
 Auto vars:     Size  Location     Type
		None
 Return value:  Size  Location     Type
                  1    wreg      void 
 Registers used:
		wreg, status,2
 Tracked objects:
		On entry : 
		On exit  : 
		Unchanged: 
 Data sizes:     COMMON   BANK0   BANK1   BANK3   BANK2
      Params:         0       0       0       0       0
      Locals:         0       0       0       0       0
      Temps:          0       0       0       0       0
      Totals:         0       0       0       0       0
Total ram usage:        0 bytes
 Hardware stack levels used:    1
 Hardware stack levels required when called:    1
 This function calls:
		Nothing
 This function is called by:
		_Setup
 This function uses a non-reentrant model


 *************** function _Set_BaudRate *****************
 Defined at:
		line 13 in file "USART.c"
 Parameters:    Size  Location     Type
		None
 Auto vars:     Size  Location     Type
		None
 Return value:  Size  Location     Type
                  1    wreg      void 
 Registers used:
		wreg
 Tracked objects:
		On entry : 
		On exit  : 
		Unchanged: 
 Data sizes:     COMMON   BANK0   BANK1   BANK3   BANK2
      Params:         0       0       0       0       0
      Locals:         0       0       0       0       0
      Temps:          0       0       0       0       0
      Totals:         0       0       0       0       0
Total ram usage:        0 bytes
 Hardware stack levels used:    1
 Hardware stack levels required when called:    1
 This function calls:
		Nothing
 This function is called by:
		_main
 This function uses a non-reentrant model


 *************** function _LCD_Write_String *****************
 Defined at:
		line 67 in file "LCD.c"
 Parameters:    Size  Location     Type
  a               2    5[COMMON] PTR unsigned char 
		 -> STR_3(16), Lcdvar(20), 
 Auto vars:     Size  Location     Type
  i               2    0[BANK0 ] int 
 Return value:  Size  Location     Type
                  1    wreg      void 
 Registers used:
		wreg, fsr0l, fsr0h, status,2, status,0, btemp+1, pclath, cstack
 Tracked objects:
		On entry : 
		On exit  : 
		Unchanged: 
 Data sizes:     COMMON   BANK0   BANK1   BANK3   BANK2
      Params:         2       0       0       0       0
      Locals:         0       2       0       0       0
      Temps:          3       0       0       0       0
      Totals:         5       2       0       0       0
Total ram usage:        7 bytes
 Hardware stack levels used:    1
 Hardware stack levels required when called:    3
 This function calls:
		_LCD_Write_Char
 This function is called by:
		_main
 This function uses a non-reentrant model


 *************** function _LCD_Write_Char *****************
 Defined at:
		line 30 in file "LCD.c"
 Parameters:    Size  Location     Type
  a               1    wreg     unsigned char 
 Auto vars:     Size  Location     Type
  a               1    4[COMMON] unsigned char 
 Return value:  Size  Location     Type
                  1    wreg      void 
 Registers used:
		wreg, status,2, status,0, pclath, cstack
 Tracked objects:
		On entry : 
		On exit  : 
		Unchanged: 
 Data sizes:     COMMON   BANK0   BANK1   BANK3   BANK2
      Params:         0       0       0       0       0
      Locals:         1       0       0       0       0
      Temps:          1       0       0       0       0
      Totals:         2       0       0       0       0
Total ram usage:        2 bytes
 Hardware stack levels used:    1
 Hardware stack levels required when called:    2
 This function calls:
		_LCD_Port
 This function is called by:
		_LCD_Write_String
 This function uses a non-reentrant model


 *************** function _LCD_Set_Cursor *****************
 Defined at:
		line 53 in file "LCD.c"
 Parameters:    Size  Location     Type
  x               1    wreg     unsigned char 
  y               1    6[COMMON] unsigned char 
 Auto vars:     Size  Location     Type
  x               1    8[COMMON] unsigned char 
  a               1    9[COMMON] unsigned char 
 Return value:  Size  Location     Type
                  1    wreg      void 
 Registers used:
		wreg, status,2, status,0, pclath, cstack
 Tracked objects:
		On entry : 
		On exit  : 
		Unchanged: 
 Data sizes:     COMMON   BANK0   BANK1   BANK3   BANK2
      Params:         1       0       0       0       0
      Locals:         2       0       0       0       0
      Temps:          1       0       0       0       0
      Totals:         4       0       0       0       0
Total ram usage:        4 bytes
 Hardware stack levels used:    1
 Hardware stack levels required when called:    3
 This function calls:
		_LCD_Cmd
 This function is called by:
		_main
 This function uses a non-reentrant model


 *************** function _LCD_Init *****************
 Defined at:
		line 10 in file "LCD.c"
 Parameters:    Size  Location     Type
		None
 Auto vars:     Size  Location     Type
		None
 Return value:  Size  Location     Type
                  1    wreg      void 
 Registers used:
		wreg, status,2, status,0, pclath, cstack
 Tracked objects:
		On entry : 
		On exit  : 
		Unchanged: 
 Data sizes:     COMMON   BANK0   BANK1   BANK3   BANK2
      Params:         0       0       0       0       0
      Locals:         0       0       0       0       0
      Temps:          2       0       0       0       0
      Totals:         2       0       0       0       0
Total ram usage:        2 bytes
 Hardware stack levels used:    1
 Hardware stack levels required when called:    3
 This function calls:
		_LCD_Cmd
		_LCD_Port
 This function is called by:
		_main
 This function uses a non-reentrant model


 *************** function _LCD_Clear *****************
 Defined at:
		line 48 in file "LCD.c"
 Parameters:    Size  Location     Type
		None
 Auto vars:     Size  Location     Type
		None
 Return value:  Size  Location     Type
                  1    wreg      void 
 Registers used:
		wreg, status,2, status,0, pclath, cstack
 Tracked objects:
		On entry : 
		On exit  : 
		Unchanged: 
 Data sizes:     COMMON   BANK0   BANK1   BANK3   BANK2
      Params:         0       0       0       0       0
      Locals:         0       0       0       0       0
      Temps:          0       0       0       0       0
      Totals:         0       0       0       0       0
Total ram usage:        0 bytes
 Hardware stack levels used:    1
 Hardware stack levels required when called:    3
 This function calls:
		_LCD_Cmd
 This function is called by:
		_main
 This function uses a non-reentrant model


 *************** function _LCD_Cmd *****************
 Defined at:
		line 39 in file "LCD.c"
 Parameters:    Size  Location     Type
  a               1    wreg     unsigned char 
 Auto vars:     Size  Location     Type
  a               1    5[COMMON] unsigned char 
 Return value:  Size  Location     Type
                  1    wreg      void 
 Registers used:
		wreg, status,2, status,0, pclath, cstack
 Tracked objects:
		On entry : 
		On exit  : 
		Unchanged: 
 Data sizes:     COMMON   BANK0   BANK1   BANK3   BANK2
      Params:         0       0       0       0       0
      Locals:         1       0       0       0       0
      Temps:          2       0       0       0       0
      Totals:         3       0       0       0       0
Total ram usage:        3 bytes
 Hardware stack levels used:    1
 Hardware stack levels required when called:    2
 This function calls:
		_LCD_Port
 This function is called by:
		_LCD_Init
		_LCD_Clear
		_LCD_Set_Cursor
 This function uses a non-reentrant model


 *************** function _LCD_Port *****************
 Defined at:
		line 26 in file "LCD.c"
 Parameters:    Size  Location     Type
  a               1    wreg     unsigned char 
 Auto vars:     Size  Location     Type
  a               1    2[COMMON] unsigned char 
 Return value:  Size  Location     Type
                  1    wreg      void 
 Registers used:
		wreg
 Tracked objects:
		On entry : 
		On exit  : 
		Unchanged: 
 Data sizes:     COMMON   BANK0   BANK1   BANK3   BANK2
      Params:         0       0       0       0       0
      Locals:         1       0       0       0       0
      Temps:          0       0       0       0       0
      Totals:         1       0       0       0       0
Total ram usage:        1 bytes
 Hardware stack levels used:    1
 Hardware stack levels required when called:    1
 This function calls:
		Nothing
 This function is called by:
		_LCD_Init
		_LCD_Write_Char
		_LCD_Cmd
 This function uses a non-reentrant model


 *************** function _Init_Trans *****************
 Defined at:
		line 17 in file "USART.c"
 Parameters:    Size  Location     Type
		None
 Auto vars:     Size  Location     Type
		None
 Return value:  Size  Location     Type
                  1    wreg      void 
 Registers used:
		None
 Tracked objects:
		On entry : 
		On exit  : 
		Unchanged: 
 Data sizes:     COMMON   BANK0   BANK1   BANK3   BANK2
      Params:         0       0       0       0       0
      Locals:         0       0       0       0       0
      Temps:          0       0       0       0       0
      Totals:         0       0       0       0       0
Total ram usage:        0 bytes
 Hardware stack levels used:    1
 Hardware stack levels required when called:    1
 This function calls:
		Nothing
 This function is called by:
		_main
 This function uses a non-reentrant model


 *************** function _Init_Receive *****************
 Defined at:
		line 27 in file "USART.c"
 Parameters:    Size  Location     Type
		None
 Auto vars:     Size  Location     Type
		None
 Return value:  Size  Location     Type
                  1    wreg      void 
 Registers used:
		None
 Tracked objects:
		On entry : 
		On exit  : 
		Unchanged: 
 Data sizes:     COMMON   BANK0   BANK1   BANK3   BANK2
      Params:         0       0       0       0       0
      Locals:         0       0       0       0       0
      Temps:          0       0       0       0       0
      Totals:         0       0       0       0       0
Total ram usage:        0 bytes
 Hardware stack levels used:    1
 Hardware stack levels required when called:    1
 This function calls:
		Nothing
 This function is called by:
		_main
 This function uses a non-reentrant model


 *************** function _ISR *****************
 Defined at:
		line 102 in file "Master_main.c"
 Parameters:    Size  Location     Type
		None
 Auto vars:     Size  Location     Type
		None
 Return value:  Size  Location     Type
                  1    wreg      void 
 Registers used:
		None
 Tracked objects:
		On entry : 
		On exit  : 
		Unchanged: 
 Data sizes:     COMMON   BANK0   BANK1   BANK3   BANK2
      Params:         0       0       0       0       0
      Locals:         0       0       0       0       0
      Temps:          2       0       0       0       0
      Totals:         2       0       0       0       0
Total ram usage:        2 bytes
 Hardware stack levels used:    1
 This function calls:
		Nothing
 This function is called by:
		Interrupt level 1
 This function uses a non-reentrant model



MODULE INFORMATION

Module		Function		Class		Link	Load	Size
C:\Program Files\Microchip\xc8\v2.31\pic\sources\c90\common\flneg.c
		___flneg       		CODE           	19B4	0000	11

C:\Program Files\Microchip\xc8\v2.31\pic\sources\c90\common\flneg.c estimated size: 11

C:\Program Files\Microchip\xc8\v2.31\pic\sources\c90\common\flge.c
		___flge        		CODE           	1DE3	0000	164

C:\Program Files\Microchip\xc8\v2.31\pic\sources\c90\common\flge.c estimated size: 164

LIB_MASTERSPI.c
		_SPI_MASTER    		CODE           	19BF	0000	12

LIB_MASTERSPI.c estimated size: 12

USART.c
		_Init_Trans    		CODE           	19D7	0000	14
		_Set_BaudRate  		CODE           	199A	0000	5
		_USART_Write   		CODE           	19CB	0000	12
		_Init_Receive  		CODE           	19AC	0000	8
		_USART_WriteStr		CODE           	1009	0000	43

USART.c estimated size: 82

C:\Program Files\Microchip\xc8\v2.31\pic\sources\c90\common\sprcmul.c
		___flmul       		CODE           	093C	0000	865

C:\Program Files\Microchip\xc8\v2.31\pic\sources\c90\common\sprcmul.c estimated size: 865

C:\Program Files\Microchip\xc8\v2.31\pic\sources\c90\common\__lldiv.c
		___lldiv       		CODE           	1C96	0000	104

C:\Program Files\Microchip\xc8\v2.31\pic\sources\c90\common\__lldiv.c estimated size: 104

C:\Program Files\Microchip\xc8\v2.31\pic\sources\c90\common\Umul8_16.c
		__Umul8_16     		CODE           	1A7E	0000	39

C:\Program Files\Microchip\xc8\v2.31\pic\sources\c90\common\Umul8_16.c estimated size: 39

C:\Program Files\Microchip\xc8\v2.31\pic\sources\c90\common\doprnt.c
		_scale         		CODE           	0C9D	0000	867
		_sprintf       		CODE           	14FC	0000	2176
		_fround        		CODE           	05A2	0000	525

C:\Program Files\Microchip\xc8\v2.31\pic\sources\c90\common\doprnt.c estimated size: 3568

C:\Program Files\Microchip\xc8\v2.31\pic\sources\c90\common\ftdivl.c
		__tdiv_to_l_   		CODE           	1F43	0000	189

C:\Program Files\Microchip\xc8\v2.31\pic\sources\c90\common\ftdivl.c estimated size: 189

C:\Program Files\Microchip\xc8\v2.31\pic\sources\c90\common\lwmod.c
		___lwmod       		CODE           	1ADB	0000	58

C:\Program Files\Microchip\xc8\v2.31\pic\sources\c90\common\lwmod.c estimated size: 58

C:\Program Files\Microchip\xc8\v2.31\pic\sources\c90\common\awmod.c
		___awmod       		CODE           	08E3	0000	89

C:\Program Files\Microchip\xc8\v2.31\pic\sources\c90\common\awmod.c estimated size: 89

C:\Program Files\Microchip\xc8\v2.31\pic\sources\c90\common\Umul16.c
		___wmul        		CODE           	1A59	0000	37

C:\Program Files\Microchip\xc8\v2.31\pic\sources\c90\common\Umul16.c estimated size: 37

C:\Program Files\Microchip\xc8\v2.31\pic\sources\c90\common\llmod.c
		___llmod       		CODE           	1C40	0000	86

C:\Program Files\Microchip\xc8\v2.31\pic\sources\c90\common\llmod.c estimated size: 86

Master_main.c
		_ISR           		CODE           	19A5	0000	7
		_main          		CODE           	10F2	0000	386
		_Setup         		CODE           	1AA5	0000	54

Master_main.c estimated size: 447

C:\Program Files\Microchip\xc8\v2.31\pic\sources\c90\common\isdigit.c
		_isdigit       		CODE           	19E5	0000	18

C:\Program Files\Microchip\xc8\v2.31\pic\sources\c90\common\isdigit.c estimated size: 18

C:\Program Files\Microchip\xc8\v2.31\pic\sources\c90\common\sprcadd.c
		___flsub       		CODE           	07AF	0000	80
		___fladd       		CODE           	1274	0000	648

C:\Program Files\Microchip\xc8\v2.31\pic\sources\c90\common\sprcadd.c estimated size: 728

C:\Program Files\Microchip\xc8\v2.31\pic\sources\c90\common\fleq.c
		___fleq        		CODE           	1BF0	0000	80

C:\Program Files\Microchip\xc8\v2.31\pic\sources\c90\common\fleq.c estimated size: 80

C:\Program Files\Microchip\xc8\v2.31\pic\sources\c90\common\fldivl.c
		__div_to_l_    		CODE           	1034	0000	190

C:\Program Files\Microchip\xc8\v2.31\pic\sources\c90\common\fldivl.c estimated size: 190

C:\Program Files\Microchip\xc8\v2.31\pic\sources\c90\common\lwdiv.c
		___lwdiv       		CODE           	1B5B	0000	70

C:\Program Files\Microchip\xc8\v2.31\pic\sources\c90\common\lwdiv.c estimated size: 70

C:\Program Files\Microchip\xc8\v2.31\pic\sources\c90\common\awdiv.c
		___awdiv       		CODE           	1CFE	0000	105

C:\Program Files\Microchip\xc8\v2.31\pic\sources\c90\common\awdiv.c estimated size: 105

shared
		__stringtab    		STRING         	0800	0000	16
		__powers_      		STRING         	0810	0000	52
		_dpowers       		STRING         	0878	0000	40
		__npowers_     		STRING         	0844	0000	52
		__initialization		CODE           	000F	0000	19

shared estimated size: 179

C:\Program Files\Microchip\xc8\v2.31\pic\sources\c90\common\fltol.c
		___fltol       		CODE           	1D67	0000	124

C:\Program Files\Microchip\xc8\v2.31\pic\sources\c90\common\fltol.c estimated size: 124

C:\Program Files\Microchip\xc8\v2.31\pic\sources\c90\common\xxtofl.c
		___xxtofl      		CODE           	1E87	0000	188

C:\Program Files\Microchip\xc8\v2.31\pic\sources\c90\common\xxtofl.c estimated size: 188

LCD.c
		_LCD_Init      		CODE           	1BA1	0000	79
		_LCD_Write_Char		CODE           	19F7	0000	27
		_LCD_Cmd       		CODE           	1A12	0000	35
		_LCD_Set_Cursor		CODE           	1A35	0000	36
		_LCD_Clear     		CODE           	08D6	0000	13
		_LCD_Port      		CODE           	199F	0000	6
		_LCD_Write_String		CODE           	1B15	0000	70

LCD.c estimated size: 266

