Microchip MPLAB XC8 Compiler V2.31

Linker command line:

-W-3 --edf=C:\Program Files\Microchip\xc8\v2.31\pic\dat\en_msgs.txt -cn \
  -h+dist/default/production\LAB03.X.production.sym \
  --cmf=dist/default/production\LAB03.X.production.cmf -z -Q16F887 \
  -oC:\Users\kenne\AppData\Local\Temp\sep8.2 --defsym=__MPLAB_BUILD=1 \
  -Mdist/default/production/LAB03.X.production.map -E1 -ver=XC8 Compiler \
  -ASTACK=0110h-016Fh -pstack=STACK -ACODE=00h-07FFhx4 -ASTRCODE=00h-01FFFh \
  -ASTRING=00h-0FFhx32 -ACONST=00h-0FFhx32 -AENTRY=00h-0FFhx32 \
  -ACOMMON=070h-07Fh -ABANK0=020h-06Fh -ABANK1=0A0h-0EFh \
  -ABANK2=0110h-016Fh -ABANK3=0190h-01EFh \
  -ARAM=020h-06Fh,0A0h-0EFh,0110h-016Fh,0190h-01EFh \
  -AABS1=020h-07Fh,0A0h-0EFh,0110h-016Fh,0190h-01EFh -ASFR0=00h-01Fh \
  -ASFR1=080h-09Fh -ASFR2=0100h-010Fh -ASFR3=0180h-018Fh \
  -ACONFIG=02007h-02008h -DCONFIG=2 -AIDLOC=02000h-02003h -DIDLOC=2 \
  -AEEDATA=00h-0FFh/02100h -peeprom_data=EEDATA -DEEDATA=2 -DCODE=2 \
  -DSTRCODE=2 -DSTRING=2 -DCONST=2 -DENTRY=2 \
  -preset_vec=00h,intentry=04h,init,end_init -ppowerup=CODE -pcinit=CODE \
  -pfunctab=ENTRY -k C:\Users\kenne\AppData\Local\Temp\sep8.o \
  dist/default/production\LAB03.X.production.o 

Object code version is 3.11

Machine type is 16F887



                Name                               Link     Load   Length Selector   Space Scale
C:\Users\kenne\AppData\Local\Temp\sep8.o
                end_init                              C        C        3        8       0
                reset_vec                             0        0        3        0       0
                config                             2007     2007        2        0       4
dist/default/production\LAB03.X.production.o
                cinit                                 F        F        E        8       0
                intentry                              4        4        8        8       0
                text1_split_1                        1D       1D      645        8       0
                config                             2007     2007        2        0       4
                text38                             126F     126F       80     24DE       0
                text37                             1E18     1E18        8     3C30       0
                text36                             1E4B     1E4B        E     3C96       0
                text35                              8BE      8BE        6     117C       0
                text34                             1EB1     1EB1       23     3D62       0
                text33                             1E3E     1E3E        D     3C7C       0
                text32                             1101     1101       54     2202       0
                text31                             1EF9     1EF9       26     3DF2       0
                text30                             1E96     1E96       1B     3D2C       0
                text29                             1075     1075       46     20EA       0
                text28                             1001     1001        5     2002       0
                text27                             1E6B     1E6B       14     3CD6       0
                text26                             1F1F     1F1F       28     3E3E       0
                text25                             1E32     1E32        C     3C64       0
                text24                             1F70     1F70       2B     3EE0       0
                text23                             12EF     12EF       82     25DE       0
                text22                             1F47     1F47       29     3E8E       0
                text21                             1FC6     1FC6       3A     3F8C       0
                text20                             1E28     1E28        A     3C50       0
                text19                              662      662      136        8       0
                text18                             1ED4     1ED4       25     3DA8       0
                text17                             1371     1371       8C     26E2       0
                text16                              798      798       68        8       0
                text15                             1155     1155       56     22AA       0
                text14                             1006     1006       33     200C       0
                text13                             1F9B     1F9B       2B     3F36       0
                text12                             159F     159F      12D     2B3E       0
                text11                             13FD     13FD       BD     27FA       0
                text10                             1E7F     1E7F       17     3CFE       0
                text9                              14BA     14BA       E5     2974       0
                text8                              10BB     10BB       46     2176       0
                text7                              1039     1039       3C     2072       0
                text6                               8C4      8C4      1A9     1188       0
                text5                              1E59     1E59       12     3CB2       0
                text4                              1206     1206       69     240C       0
                text3                              11AB     11AB       5B     2356       0
                text2                               A6D      A6D      2BB     14DA       0
                text1                               D28      D28      2D8     1A50       0
                maintext                           16CC     16CC      134     2D98       0
                cstackBANK0                          20       20       4E       20       1
                cstackCOMMON                         70       70        9       70       1
                cstackBANK1                          A0       A0       1F       A0       1
                clrtext                            1E20     1E20        8     3C40       0
                bssBANK1                             BF       BF       1D       A0       1
                bssCOMMON                            79       79        1       70       1
                strings                             800      800       BD     1000       0

TOTAL           Name                               Link     Load   Length     Space
        CLASS   STACK          

        CLASS   CODE           
                end_init                              C        C        3         0
                cinit                                 F        F        E         0
                intentry                              4        4        8         0
                reset_vec                             0        0        3         0
                text1_split_1                        1D       1D      645         0
                text38                             126F     126F       80         0
                text37                             1E18     1E18        8         0
                text36                             1E4B     1E4B        E         0
                text35                              8BE      8BE        6         0
                text34                             1EB1     1EB1       23         0
                text33                             1E3E     1E3E        D         0
                text32                             1101     1101       54         0
                text31                             1EF9     1EF9       26         0
                text30                             1E96     1E96       1B         0
                text29                             1075     1075       46         0
                text28                             1001     1001        5         0
                text27                             1E6B     1E6B       14         0
                text26                             1F1F     1F1F       28         0
                text25                             1E32     1E32        C         0
                text24                             1F70     1F70       2B         0
                text23                             12EF     12EF       82         0
                text22                             1F47     1F47       29         0
                text21                             1FC6     1FC6       3A         0
                text20                             1E28     1E28        A         0
                text19                              662      662      136         0
                text18                             1ED4     1ED4       25         0
                text17                             1371     1371       8C         0
                text16                              798      798       68         0
                text15                             1155     1155       56         0
                text14                             1006     1006       33         0
                text13                             1F9B     1F9B       2B         0
                text12                             159F     159F      12D         0
                text11                             13FD     13FD       BD         0
                text10                             1E7F     1E7F       17         0
                text9                              14BA     14BA       E5         0
                text8                              10BB     10BB       46         0
                text7                              1039     1039       3C         0
                text6                               8C4      8C4      1A9         0
                text5                              1E59     1E59       12         0
                text4                              1206     1206       69         0
                text3                              11AB     11AB       5B         0
                text2                               A6D      A6D      2BB         0
                text1                               D28      D28      2D8         0
                maintext                           16CC     16CC      134         0
                clrtext                            1E20     1E20        8         0

        CLASS   STRCODE        

        CLASS   STRING         
                strings                             800      800       BD         0

        CLASS   CONST          

        CLASS   ENTRY          

        CLASS   COMMON         
                cstackCOMMON                         70       70        9         1
                bssCOMMON                            79       79        1         1

        CLASS   BANK0          
                cstackBANK0                          20       20       4E         1

        CLASS   BANK1          
                cstackBANK1                          A0       A0       1F         1
                bssBANK1                             BF       BF       1D         1

        CLASS   BANK2          

        CLASS   BANK3          

        CLASS   RAM            

        CLASS   ABS1           
                abs_s1                               7E       7E        2         1

        CLASS   SFR0           

        CLASS   SFR1           

        CLASS   SFR2           

        CLASS   SFR3           

        CLASS   CONFIG         
                config                             2007     2007        2         4

        CLASS   IDLOC          

        CLASS   EEDATA         



SEGMENTS        Name                           Load    Length   Top    Selector   Space  Class     Delta

                reset_vec                      000000  000003  000003         0       0  CODE        2
                intentry                       000004  0007FC  000800         8       0  CODE        2
                cstackBANK0                    000020  00004E  00006E        20       1  BANK0       1
                cstackCOMMON                   000070  00000A  00007A        70       1  COMMON      1
                cstackBANK1                    0000A0  00003C  0000DC        A0       1  BANK1       1
                strings                        000800  0000BD  0008BD      1000       0  STRING      2
                text35                         0008BE  000006  0008C4      117C       0  CODE        2
                text6                          0008C4  0001A9  000A6D      1188       0  CODE        2
                text2                          000A6D  0002BB  000D28      14DA       0  CODE        2
                text1                          000D28  0002D8  001000      1A50       0  CODE        2
                text28                         001001  000005  001006      2002       0  CODE        2
                text14                         001006  000033  001039      200C       0  CODE        2
                text7                          001039  00003C  001075      2072       0  CODE        2
                text29                         001075  000046  0010BB      20EA       0  CODE        2
                text8                          0010BB  000046  001101      2176       0  CODE        2
                text32                         001101  000054  001155      2202       0  CODE        2
                text15                         001155  000056  0011AB      22AA       0  CODE        2
                text3                          0011AB  00005B  001206      2356       0  CODE        2
                text4                          001206  000069  00126F      240C       0  CODE        2
                text38                         00126F  000080  0012EF      24DE       0  CODE        2
                text23                         0012EF  000082  001371      25DE       0  CODE        2
                text17                         001371  00008C  0013FD      26E2       0  CODE        2
                text11                         0013FD  0000BD  0014BA      27FA       0  CODE        2
                text9                          0014BA  0000E5  00159F      2974       0  CODE        2
                text12                         00159F  00012D  0016CC      2B3E       0  CODE        2
                maintext                       0016CC  000134  001800      2D98       0  CODE        2
                text37                         001E18  000008  001E20      3C30       0  CODE        2
                clrtext                        001E20  000008  001E28      3C40       0  CODE        2
                text20                         001E28  00000A  001E32      3C50       0  CODE        2
                text25                         001E32  00000C  001E3E      3C64       0  CODE        2
                text33                         001E3E  00000D  001E4B      3C7C       0  CODE        2
                text36                         001E4B  00000E  001E59      3C96       0  CODE        2
                text5                          001E59  000012  001E6B      3CB2       0  CODE        2
                text27                         001E6B  000014  001E7F      3CD6       0  CODE        2
                text10                         001E7F  000017  001E96      3CFE       0  CODE        2
                text30                         001E96  00001B  001EB1      3D2C       0  CODE        2
                text34                         001EB1  000023  001ED4      3D62       0  CODE        2
                text18                         001ED4  000025  001EF9      3DA8       0  CODE        2
                text31                         001EF9  000026  001F1F      3DF2       0  CODE        2
                text26                         001F1F  000028  001F47      3E3E       0  CODE        2
                text22                         001F47  000029  001F70      3E8E       0  CODE        2
                text24                         001F70  00002B  001F9B      3EE0       0  CODE        2
                text13                         001F9B  00002B  001FC6      3F36       0  CODE        2
                text21                         001FC6  00003A  002000      3F8C       0  CODE        2


UNUSED ADDRESS RANGES

        Name                Unused          Largest block    Delta
        BANK0            0006E-0006F               2           1
        BANK1            000DC-000EF              14           1
        BANK2            00110-0016F              60           1
        BANK3            00190-001EF              60           1
        CODE             00003-00003               1           2
                         008BD-008BD               1
                         01000-01000               1
                         01800-01E17             618
        COMMON           0007A-0007D               4           1
        CONST            00003-00003               1           2
                         008BD-008BD               1
                         01000-01000               1
                         01800-01E17             100
        EEDATA           02100-021FF             100           2
        ENTRY            00003-00003               1           2
                         008BD-008BD               1
                         01000-01000               1
                         01800-01E17             100
        IDLOC            02000-02003               4           2
        RAM              0006E-0006F               2           1
                         000DC-000EF              14
                         00110-0016F              60
                         00190-001EF              60
        SFR0             00000-0001F              20           1
        SFR1             00080-0009F              20           1
        SFR2             00100-0010F              10           1
        SFR3             00180-0018F              10           1
        STACK            00110-0016F              60           1
        STRCODE          00003-00003               1           2
                         008BD-008BD               1
                         01000-01000               1
                         01800-01E17             618
        STRING           00003-00003               1           2
                         008BD-008BD               1
                         01000-01000               1
                         01800-01E17             100

                                  Symbol Table

?___awdiv                  cstackBANK0  00022
?___awmod                  cstackCOMMON 00074
?___awtoft                 cstackBANK0  00023
?___ftadd                  cstackBANK0  0004F
?___ftmul                  cstackBANK0  0002F
?___ftneg                  cstackCOMMON 00074
?___ftpack                 cstackCOMMON 00074
?___ftsub                  cstackBANK0  0005C
?___fttol                  cstackBANK0  00048
?___lldiv                  cstackBANK0  00020
?___llmod                  cstackBANK0  0002D
?___lltoft                 cstackBANK0  00023
?___lwdiv                  cstackBANK0  00021
?___lwmod                  cstackCOMMON 00074
?___wmul                   cstackCOMMON 00074
?__div_to_l_               cstackBANK0  00020
?__tdiv_to_l_              cstackBANK0  00020
?_fround                   cstackBANK0  0003F
?_scale                    cstackBANK0  0003F
?_sprintf                  cstackBANK0  00062
LCD_Cmd@a                  cstackCOMMON 00077
LCD_Port@a                 cstackCOMMON 00074
LCD_Set_Cursor@a           cstackBANK0  00022
LCD_Set_Cursor@x           cstackBANK0  00021
LCD_Set_Cursor@y           cstackCOMMON 00078
LCD_Write_Char@a           cstackCOMMON 00076
LCD_Write_String@a         cstackCOMMON 00077
LCD_Write_String@i         cstackBANK0  00023
USART_Write@a              cstackCOMMON 00074
USART_WriteStr@a           cstackCOMMON 00075
USART_WriteStr@i           cstackCOMMON 00078
_ADCON0bits                (abs)        0001F
_ADCON1                    (abs)        0009F
_ADC_CONFIG                text27       01E6B
_ADRESH                    (abs)        0001E
_ANSEL                     (abs)        00188
_ANSELH                    (abs)        00189
_INTCONbits                (abs)        0000B
_ISR                       text38       0126F
_Init_Receive              text37       01E18
_Init_Trans                text36       01E4B
_LCD_Clear                 text33       01E3E
_LCD_Cmd                   text34       01EB1
_LCD_Init                  text32       01101
_LCD_Port                  text35       008BE
_LCD_Set_Cursor            text31       01EF9
_LCD_Write_Char            text30       01E96
_LCD_Write_String          text29       01075
_Lcdvar                    bssBANK1     000C8
_PIE1bits                  (abs)        0008C
_PIR1bits                  (abs)        0000C
_PORTA                     (abs)        00005
_PORTC                     (abs)        00007
_PORTD                     (abs)        00008
_PORTE                     (abs)        00009
_RCIF                      (abs)        00065
_RCREG                     (abs)        0001A
_RCSTAbits                 (abs)        00018
_RE0                       (abs)        00048
_RE1                       (abs)        00049
_SPBRG                     (abs)        00099
_Set_BaudRate              text28       01001
_Setup                     text26       01F1F
_TRISA                     (abs)        00085
_TRISC                     (abs)        00087
_TRISCbits                 (abs)        00087
_TRISD                     (abs)        00088
_TRISE                     (abs)        00089
_TRMT                      (abs)        004C1
_TXREG                     (abs)        00019
_TXSTAbits                 (abs)        00098
_USART_Write               text25       01E32
_USART_WriteStr            text24       01F70
_Vol1                      bssBANK1     000C2
_Vol2                      bssBANK1     000BF
__Habs1                    abs1         00000
__Hbank0                   bank0        00000
__Hbank1                   bank1        00000
__Hbank2                   bank2        00000
__Hbank3                   bank3        00000
__HbssBANK1                bssBANK1     00000
__HbssCOMMON               bssCOMMON    00000
__Hcinit                   cinit        0001D
__Hclrtext                 clrtext      00000
__Hcode                    code         00000
__Hcommon                  common       00000
__Hconfig                  config       02009
__HcstackBANK0             cstackBANK0  00000
__HcstackBANK1             cstackBANK1  00000
__HcstackCOMMON            cstackCOMMON 00000
__Heeprom_data             eeprom_data  00000
__Hend_init                end_init     0000F
__Hfunctab                 functab      00000
__Hinit                    init         0000C
__Hintentry                intentry     0000C
__Hmaintext                maintext     00000
__Hpowerup                 powerup      00000
__Hram                     ram          00000
__Hreset_vec               reset_vec    00003
__Hsfr0                    sfr0         00000
__Hsfr1                    sfr1         00000
__Hsfr2                    sfr2         00000
__Hsfr3                    sfr3         00000
__Hspace_0                 (abs)        02000
__Hspace_1                 (abs)        000DC
__Hspace_2                 (abs)        00000
__Hspace_3                 (abs)        00000
__Hspace_4                 (abs)        04010
__Hstack                   stack        00000
__Hstrings                 strings      00000
__Htext                    text         00000
__Labs1                    abs1         00000
__Lbank0                   bank0        00000
__Lbank1                   bank1        00000
__Lbank2                   bank2        00000
__Lbank3                   bank3        00000
__LbssBANK1                bssBANK1     00000
__LbssCOMMON               bssCOMMON    00000
__Lcinit                   cinit        0000F
__Lclrtext                 clrtext      00000
__Lcode                    code         00000
__Lcommon                  common       00000
__Lconfig                  config       00000
__LcstackBANK0             cstackBANK0  00000
__LcstackBANK1             cstackBANK1  00000
__LcstackCOMMON            cstackCOMMON 00000
__Leeprom_data             eeprom_data  00000
__Lend_init                end_init     0000C
__Lfunctab                 functab      00000
__Linit                    init         0000C
__Lintentry                intentry     00004
__Lmaintext                maintext     00000
__Lpowerup                 powerup      00000
__Lram                     ram          00000
__Lreset_vec               reset_vec    00000
__Lsfr0                    sfr0         00000
__Lsfr1                    sfr1         00000
__Lsfr2                    sfr2         00000
__Lsfr3                    sfr3         00000
__Lspace_0                 (abs)        00000
__Lspace_1                 (abs)        00000
__Lspace_2                 (abs)        00000
__Lspace_3                 (abs)        00000
__Lspace_4                 (abs)        00000
__Lstack                   stack        00000
__Lstrings                 strings      00000
__Ltext                    text         00000
__S0                       (abs)        02000
__S1                       (abs)        000DC
__S2                       (abs)        00000
__S3                       (abs)        00000
___awdiv                   text4        01206
___awdiv@counter           cstackBANK0  00027
___awdiv@dividend          cstackBANK0  00024
___awdiv@divisor           cstackBANK0  00022
___awdiv@quotient          cstackBANK0  00029
___awdiv@sign              cstackBANK0  00028
___awmod                   text3        011AB
___awmod@counter           cstackBANK0  00020
___awmod@dividend          cstackCOMMON 00076
___awmod@divisor           cstackCOMMON 00074
___awmod@sign              cstackBANK0  00021
___awtoft                  text22       01F47
___awtoft@c                cstackBANK0  00023
___awtoft@sign             cstackBANK0  00028
___bmul                    text10       01E7F
___bmul@multiplicand       cstackBANK0  0002B
___bmul@multiplier         cstackBANK0  0002E
___bmul@product            cstackBANK0  0002D
___ftadd                   text19       00662
___ftadd@exp1              cstackBANK0  0005B
___ftadd@exp2              cstackBANK0  0005A
___ftadd@f1                cstackBANK0  0004F
___ftadd@f2                cstackBANK0  00052
___ftadd@sign              cstackBANK0  00059
___ftge                    text21       01FC6
___ftge@ff1                cstackBANK0  00020
___ftge@ff2                cstackBANK0  00023
___ftmul                   text9        014BA
___ftmul@cntr              cstackBANK0  0003D
___ftmul@exp               cstackBANK0  00039
___ftmul@f1                cstackBANK0  0002F
___ftmul@f2                cstackBANK0  00032
___ftmul@f3_as_product     cstackBANK0  0003A
___ftmul@sign              cstackBANK0  0003E
___ftneg                   text20       01E28
___ftneg@f1                cstackCOMMON 00074
___ftpack                  text23       012EF
___ftpack@arg              cstackCOMMON 00074
___ftpack@exp              cstackCOMMON 00077
___ftpack@sign             cstackCOMMON 00078
___ftsub                   text18       01ED4
___ftsub@f1                cstackBANK0  0005F
___ftsub@f2                cstackBANK0  0005C
___fttol                   text17       01371
___fttol@exp1              cstackBANK0  00055
___fttol@f1                cstackBANK0  00048
___fttol@lval              cstackBANK0  00051
___fttol@sign1             cstackBANK0  00050
___int_sp                  stack        00000
___latbits                 (abs)        00002
___lldiv                   text16       00798
___lldiv@counter           cstackBANK0  0002C
___lldiv@dividend          cstackBANK0  00024
___lldiv@divisor           cstackBANK0  00020
___lldiv@quotient          cstackBANK0  00028
___llmod                   text15       01155
___llmod@counter           cstackCOMMON 00076
___llmod@dividend          cstackBANK0  00031
___llmod@divisor           cstackBANK0  0002D
___lltoft                  text14       01006
___lltoft@c                cstackBANK0  00023
___lltoft@exp              cstackBANK0  00028
___lwdiv                   text8        010BB
___lwdiv@counter           cstackBANK0  00028
___lwdiv@dividend          cstackBANK0  00023
___lwdiv@divisor           cstackBANK0  00021
___lwdiv@quotient          cstackBANK0  00026
___lwmod                   text7        01039
___lwmod@counter           cstackBANK0  00020
___lwmod@dividend          cstackCOMMON 00076
___lwmod@divisor           cstackCOMMON 00074
___sp                      stack        00000
___stackhi                 (abs)        00000
___stacklo                 (abs)        00000
___wmul                    text13       01F9B
___wmul@multiplicand       cstackCOMMON 00076
___wmul@multiplier         cstackCOMMON 00074
___wmul@product            cstackBANK0  00020
__div_to_l_                text12       0159F
__div_to_l_@cntr           cstackBANK0  00032
__div_to_l_@exp1           cstackBANK0  00033
__div_to_l_@f1             cstackBANK0  00020
__div_to_l_@f2             cstackBANK0  00023
__div_to_l_@quot           cstackBANK0  0002E
__end_of_ADC_CONFIG        text27       01E7F
__end_of_ISR               text38       012EF
__end_of_Init_Receive      text37       01E20
__end_of_Init_Trans        text36       01E59
__end_of_LCD_Clear         text33       01E4B
__end_of_LCD_Cmd           text34       01ED4
__end_of_LCD_Init          text32       01155
__end_of_LCD_Port          text35       008C4
__end_of_LCD_Set_Cursor    text31       01F1F
__end_of_LCD_Write_Char    text30       01EB1
__end_of_LCD_Write_String  text29       010BB
__end_of_Set_BaudRate      text28       01006
__end_of_Setup             text26       01F47
__end_of_USART_Write       text25       01E3E
__end_of_USART_WriteStr    text24       01F9B
__end_of___awdiv           text4        0126F
__end_of___awmod           text3        01206
__end_of___awtoft          text22       01F70
__end_of___bmul            text10       01E96
__end_of___ftadd           text19       00798
__end_of___ftge            text21       02000
__end_of___ftmul           text9        0159F
__end_of___ftneg           text20       01E32
__end_of___ftpack          text23       01371
__end_of___ftsub           text18       01EF9
__end_of___fttol           text17       013FD
__end_of___lldiv           text16       00800
__end_of___llmod           text15       011AB
__end_of___lltoft          text14       01039
__end_of___lwdiv           text8        01101
__end_of___lwmod           text7        01075
__end_of___wmul            text13       01FC6
__end_of__div_to_l_        text12       016CC
__end_of__initialization   cinit        00019
__end_of__npowers_         strings      0085E
__end_of__powers_          strings      00837
__end_of__stringtab        strings      00810
__end_of__tdiv_to_l_       text11       014BA
__end_of_dpowers           strings      00886
__end_of_fround            text6        00A6D
__end_of_isdigit           text5        01E6B
__end_of_main              maintext     01800
__end_of_scale             text2        00D28
__end_of_sprintf           text1_split_1 00662
__initialization           cinit        0000F
__npowers_                 strings      00837
__pbssBANK1                bssBANK1     000BF
__pbssCOMMON               bssCOMMON    00079
__pcstackBANK0             cstackBANK0  00020
__pcstackBANK1             cstackBANK1  000A0
__pcstackCOMMON            cstackCOMMON 00070
__pintentry                intentry     00004
__pmaintext                maintext     016CC
__powers_                  strings      00810
__pstrings                 strings      00800
__ptext1                   text1        00D28
__ptext10                  text10       01E7F
__ptext11                  text11       013FD
__ptext12                  text12       0159F
__ptext13                  text13       01F9B
__ptext14                  text14       01006
__ptext15                  text15       01155
__ptext16                  text16       00798
__ptext17                  text17       01371
__ptext18                  text18       01ED4
__ptext19                  text19       00662
__ptext2                   text2        00A6D
__ptext20                  text20       01E28
__ptext21                  text21       01FC6
__ptext22                  text22       01F47
__ptext23                  text23       012EF
__ptext24                  text24       01F70
__ptext25                  text25       01E32
__ptext26                  text26       01F1F
__ptext27                  text27       01E6B
__ptext28                  text28       01001
__ptext29                  text29       01075
__ptext3                   text3        011AB
__ptext30                  text30       01E96
__ptext31                  text31       01EF9
__ptext32                  text32       01101
__ptext33                  text33       01E3E
__ptext34                  text34       01EB1
__ptext35                  text35       008BE
__ptext36                  text36       01E4B
__ptext37                  text37       01E18
__ptext38                  text38       0126F
__ptext4                   text4        01206
__ptext5                   text5        01E59
__ptext6                   text6        008C4
__ptext7                   text7        01039
__ptext8                   text8        010BB
__ptext9                   text9        014BA
__size_of_ADC_CONFIG       (abs)        00000
__size_of_ISR              (abs)        00000
__size_of_Init_Receive     (abs)        00000
__size_of_Init_Trans       (abs)        00000
__size_of_LCD_Clear        (abs)        00000
__size_of_LCD_Cmd          (abs)        00000
__size_of_LCD_Init         (abs)        00000
__size_of_LCD_Port         (abs)        00000
__size_of_LCD_Set_Cursor   (abs)        00000
__size_of_LCD_Write_Char   (abs)        00000
__size_of_LCD_Write_String (abs)        00000
__size_of_Set_BaudRate     (abs)        00000
__size_of_Setup            (abs)        00000
__size_of_USART_Write      (abs)        00000
__size_of_USART_WriteStr   (abs)        00000
__size_of___awdiv          (abs)        00000
__size_of___awmod          (abs)        00000
__size_of___awtoft         (abs)        00000
__size_of___bmul           (abs)        00000
__size_of___ftadd          (abs)        00000
__size_of___ftge           (abs)        00000
__size_of___ftmul          (abs)        00000
__size_of___ftneg          (abs)        00000
__size_of___ftpack         (abs)        00000
__size_of___ftsub          (abs)        00000
__size_of___fttol          (abs)        00000
__size_of___lldiv          (abs)        00000
__size_of___llmod          (abs)        00000
__size_of___lltoft         (abs)        00000
__size_of___lwdiv          (abs)        00000
__size_of___lwmod          (abs)        00000
__size_of___wmul           (abs)        00000
__size_of__div_to_l_       (abs)        00000
__size_of__tdiv_to_l_      (abs)        00000
__size_of_fround           (abs)        00000
__size_of_isdigit          (abs)        00000
__size_of_main             (abs)        00000
__size_of_scale            (abs)        00000
__size_of_sprintf          (abs)        00000
__stringbase               strings      0080F
__stringtab                strings      00800
__tdiv_to_l_               text11       013FD
__tdiv_to_l_@cntr          cstackBANK0  0002A
__tdiv_to_l_@exp1          cstackBANK0  0002B
__tdiv_to_l_@f1            cstackBANK0  00020
__tdiv_to_l_@f2            cstackBANK0  00023
__tdiv_to_l_@quot          cstackBANK0  00026
_adcvar                    bssBANK1     000C7
_adcvar1                   bssBANK1     000C6
_contador                  bssBANK1     000C5
_dpowers                   strings      0085E
_fround                    text6        008C4
_fround$1124               cstackBANK0  0004B
_fround$1125               cstackBANK0  00048
_isdigit                   text5        01E59
_isdigit$933               cstackCOMMON 00074
_main                      maintext     016CC
_receive                   bssCOMMON    00079
_scale                     text2        00A6D
_scale$1126                cstackBANK0  00044
_sprintf                   text1        00D28
_sprintf$1127              cstackBANK1  000A6
btemp                      (abs)        0007E
clear_ram0                 clrtext      01E20
end_of_initialization      cinit        00019
fround@prec                cstackBANK0  0004E
interrupt_function         intentry     00004
intlevel0                  functab      00000
intlevel1                  functab      00000
intlevel2                  functab      00000
intlevel3                  functab      00000
intlevel4                  functab      00000
intlevel5                  functab      00000
isdigit@c                  cstackCOMMON 00075
pnum$text1                 (abs)        0000B
pnum$text1_split_1         (abs)        00033
psplit$0                   (abs)        B0033
reset_vec                  reset_vec    00000
saved_w                    (abs)        0007E
scale@scl                  cstackBANK0  00047
sprintf@ap                 cstackBANK1  000A9
sprintf@c                  cstackBANK1  000BE
sprintf@eexp               cstackBANK1  000B6
sprintf@f                  cstackBANK0  00062
sprintf@flag               cstackBANK1  000AA
sprintf@fval               cstackBANK1  000B8
sprintf@prec               cstackBANK1  000BC
sprintf@sp                 cstackBANK1  000BB
sprintf@tmpval             cstackBANK1  000AE
sprintf@val                cstackBANK1  000B2
sprintf@width              cstackBANK1  000AC
start                      init         0000C
start_initialization       cinit        0000F
wtemp0                     (abs)        0007E


FUNCTION INFORMATION:

 *************** function _main *****************
 Defined at:
		line 126 in file "LAB03.c"
 Parameters:    Size  Location     Type
		None
 Auto vars:     Size  Location     Type
		None
 Return value:  Size  Location     Type
                  1    wreg      void 
 Registers used:
		wreg, fsr0l, fsr0h, status,2, status,0, btemp+1, pclath, cstack
 Tracked objects:
		On entry : 
		On exit  : 
		Unchanged: 
 Data sizes:     COMMON   BANK0   BANK1   BANK3   BANK2
      Params:         0       0       0       0       0
      Locals:         0       0       0       0       0
      Temps:          0       3       0       0       0
      Totals:         0       3       0       0       0
Total ram usage:        3 bytes
 Hardware stack levels required when called:    5
 This function calls:
		_Init_Receive
		_Init_Trans
		_LCD_Clear
		_LCD_Init
		_LCD_Set_Cursor
		_LCD_Write_String
		_Set_BaudRate
		_Setup
		_USART_Write
		_USART_WriteStr
		___awtoft
		___ftmul
		_sprintf
 This function is called by:
		Startup code after reset
 This function uses a non-reentrant model


 *************** function _sprintf *****************
 Defined at:
		line 505 in file "C:\Program Files\Microchip\xc8\v2.31\pic\sources\c90\common\doprnt.c"
 Parameters:    Size  Location     Type
  sp              1    wreg     PTR unsigned char 
		 -> Lcdvar(20), 
  f               1   66[BANK0 ] PTR const unsigned char 
		 -> STR_2(17), 
 Auto vars:     Size  Location     Type
  sp              1   27[BANK1 ] PTR unsigned char 
		 -> Lcdvar(20), 
  val             4   18[BANK1 ] unsigned long 
  tmpval          4   14[BANK1 ] struct .
  fval            3   24[BANK1 ] struct .
  prec            2   28[BANK1 ] int 
  eexp            2   22[BANK1 ] int 
  width           2   12[BANK1 ] int 
  flag            2   10[BANK1 ] unsigned short 
  cp              2    0        PTR const unsigned char 
  len             2    0        unsigned int 
  c               1   30[BANK1 ] unsigned char 
  ap              1    9[BANK1 ] PTR void [1]
		 -> ?_sprintf(2), 
  d               1    0        unsigned char 
 Return value:  Size  Location     Type
                  2   66[BANK0 ] int 
 Registers used:
		wreg, fsr0l, fsr0h, status,2, status,0, btemp+1, pclath, cstack
 Tracked objects:
		On entry : 
		On exit  : 
		Unchanged: 
 Data sizes:     COMMON   BANK0   BANK1   BANK3   BANK2
      Params:         0       9       0       0       0
      Locals:         0       0      25       0       0
      Temps:          0       0       6       0       0
      Totals:         0       9      31       0       0
Total ram usage:       40 bytes
 Hardware stack levels used:    1
 Hardware stack levels required when called:    4
 This function calls:
		___awdiv
		___ftadd
		___ftge
		___ftmul
		___ftneg
		___ftsub
		___fttol
		___lldiv
		___llmod
		___lltoft
		___wmul
		__div_to_l_
		__tdiv_to_l_
		_fround
		_isdigit
		_scale
 This function is called by:
		_main
 This function uses a non-reentrant model


 *************** function _scale *****************
 Defined at:
		line 433 in file "C:\Program Files\Microchip\xc8\v2.31\pic\sources\c90\common\doprnt.c"
 Parameters:    Size  Location     Type
  scl             1    wreg     char 
 Auto vars:     Size  Location     Type
  scl             1   39[BANK0 ] char 
 Return value:  Size  Location     Type
                  3   31[BANK0 ] char 
 Registers used:
		wreg, fsr0l, fsr0h, status,2, status,0, pclath, cstack
 Tracked objects:
		On entry : 
		On exit  : 
		Unchanged: 
 Data sizes:     COMMON   BANK0   BANK1   BANK3   BANK2
      Params:         0       3       0       0       0
      Locals:         0       4       0       0       0
      Temps:          0       2       0       0       0
      Totals:         0       9       0       0       0
Total ram usage:        9 bytes
 Hardware stack levels used:    1
 Hardware stack levels required when called:    3
 This function calls:
		___awdiv
		___awmod
		___bmul
		___ftmul
 This function is called by:
		_sprintf
 This function uses a non-reentrant model


 *************** function ___awmod *****************
 Defined at:
		line 5 in file "C:\Program Files\Microchip\xc8\v2.31\pic\sources\c90\common\awmod.c"
 Parameters:    Size  Location     Type
  divisor         2    4[COMMON] int 
  dividend        2    6[COMMON] int 
 Auto vars:     Size  Location     Type
  sign            1    1[BANK0 ] unsigned char 
  counter         1    0[BANK0 ] unsigned char 
 Return value:  Size  Location     Type
                  2    4[COMMON] int 
 Registers used:
		wreg, status,2, status,0
 Tracked objects:
		On entry : 
		On exit  : 
		Unchanged: 
 Data sizes:     COMMON   BANK0   BANK1   BANK3   BANK2
      Params:         4       0       0       0       0
      Locals:         0       2       0       0       0
      Temps:          1       0       0       0       0
      Totals:         5       2       0       0       0
Total ram usage:        7 bytes
 Hardware stack levels used:    1
 Hardware stack levels required when called:    1
 This function calls:
		Nothing
 This function is called by:
		_scale
 This function uses a non-reentrant model


 *************** function ___awdiv *****************
 Defined at:
		line 5 in file "C:\Program Files\Microchip\xc8\v2.31\pic\sources\c90\common\awdiv.c"
 Parameters:    Size  Location     Type
  divisor         2    2[BANK0 ] int 
  dividend        2    4[BANK0 ] int 
 Auto vars:     Size  Location     Type
  quotient        2    9[BANK0 ] int 
  sign            1    8[BANK0 ] unsigned char 
  counter         1    7[BANK0 ] unsigned char 
 Return value:  Size  Location     Type
                  2    2[BANK0 ] int 
 Registers used:
		wreg, status,2, status,0
 Tracked objects:
		On entry : 
		On exit  : 
		Unchanged: 
 Data sizes:     COMMON   BANK0   BANK1   BANK3   BANK2
      Params:         0       4       0       0       0
      Locals:         0       4       0       0       0
      Temps:          0       1       0       0       0
      Totals:         0       9       0       0       0
Total ram usage:        9 bytes
 Hardware stack levels used:    1
 Hardware stack levels required when called:    1
 This function calls:
		Nothing
 This function is called by:
		_scale
		_sprintf
 This function uses a non-reentrant model


 *************** function _isdigit *****************
 Defined at:
		line 8 in file "C:\Program Files\Microchip\xc8\v2.31\pic\sources\c90\common\isdigit.c"
 Parameters:    Size  Location     Type
  c               1    wreg     unsigned char 
 Auto vars:     Size  Location     Type
  c               1    5[COMMON] unsigned char 
 Return value:  Size  Location     Type
		None               void
 Registers used:
		wreg, status,2, status,0
 Tracked objects:
		On entry : 
		On exit  : 
		Unchanged: 
 Data sizes:     COMMON   BANK0   BANK1   BANK3   BANK2
      Params:         0       0       0       0       0
      Locals:         2       0       0       0       0
      Temps:          0       0       0       0       0
      Totals:         2       0       0       0       0
Total ram usage:        2 bytes
 Hardware stack levels used:    1
 Hardware stack levels required when called:    1
 This function calls:
		Nothing
 This function is called by:
		_sprintf
 This function uses a non-reentrant model


 *************** function _fround *****************
 Defined at:
		line 417 in file "C:\Program Files\Microchip\xc8\v2.31\pic\sources\c90\common\doprnt.c"
 Parameters:    Size  Location     Type
  prec            1    wreg     unsigned char 
 Auto vars:     Size  Location     Type
  prec            1   46[BANK0 ] unsigned char 
 Return value:  Size  Location     Type
                  3   31[BANK0 ] unsigned char 
 Registers used:
		wreg, fsr0l, fsr0h, status,2, status,0, pclath, cstack
 Tracked objects:
		On entry : 
		On exit  : 
		Unchanged: 
 Data sizes:     COMMON   BANK0   BANK1   BANK3   BANK2
      Params:         0       3       0       0       0
      Locals:         0       7       0       0       0
      Temps:          0       6       0       0       0
      Totals:         0      16       0       0       0
Total ram usage:       16 bytes
 Hardware stack levels used:    1
 Hardware stack levels required when called:    3
 This function calls:
		___bmul
		___ftmul
		___lwdiv
		___lwmod
 This function is called by:
		_sprintf
 This function uses a non-reentrant model


 *************** function ___lwmod *****************
 Defined at:
		line 5 in file "C:\Program Files\Microchip\xc8\v2.31\pic\sources\c90\common\lwmod.c"
 Parameters:    Size  Location     Type
  divisor         2    4[COMMON] unsigned int 
  dividend        2    6[COMMON] unsigned int 
 Auto vars:     Size  Location     Type
  counter         1    0[BANK0 ] unsigned char 
 Return value:  Size  Location     Type
                  2    4[COMMON] unsigned int 
 Registers used:
		wreg, status,2, status,0
 Tracked objects:
		On entry : 
		On exit  : 
		Unchanged: 
 Data sizes:     COMMON   BANK0   BANK1   BANK3   BANK2
      Params:         4       0       0       0       0
      Locals:         0       1       0       0       0
      Temps:          1       0       0       0       0
      Totals:         5       1       0       0       0
Total ram usage:        6 bytes
 Hardware stack levels used:    1
 Hardware stack levels required when called:    1
 This function calls:
		Nothing
 This function is called by:
		_fround
 This function uses a non-reentrant model


 *************** function ___lwdiv *****************
 Defined at:
		line 5 in file "C:\Program Files\Microchip\xc8\v2.31\pic\sources\c90\common\lwdiv.c"
 Parameters:    Size  Location     Type
  divisor         2    1[BANK0 ] unsigned int 
  dividend        2    3[BANK0 ] unsigned int 
 Auto vars:     Size  Location     Type
  quotient        2    6[BANK0 ] unsigned int 
  counter         1    8[BANK0 ] unsigned char 
 Return value:  Size  Location     Type
                  2    1[BANK0 ] unsigned int 
 Registers used:
		wreg, status,2, status,0
 Tracked objects:
		On entry : 
		On exit  : 
		Unchanged: 
 Data sizes:     COMMON   BANK0   BANK1   BANK3   BANK2
      Params:         0       4       0       0       0
      Locals:         0       3       0       0       0
      Temps:          0       1       0       0       0
      Totals:         0       8       0       0       0
Total ram usage:        8 bytes
 Hardware stack levels used:    1
 Hardware stack levels required when called:    1
 This function calls:
		Nothing
 This function is called by:
		_fround
 This function uses a non-reentrant model


 *************** function ___ftmul *****************
 Defined at:
		line 62 in file "C:\Program Files\Microchip\xc8\v2.31\pic\sources\c90\common\ftmul.c"
 Parameters:    Size  Location     Type
  f1              3   15[BANK0 ] float 
  f2              3   18[BANK0 ] float 
 Auto vars:     Size  Location     Type
  f3_as_produc    3   26[BANK0 ] unsigned um
  sign            1   30[BANK0 ] unsigned char 
  cntr            1   29[BANK0 ] unsigned char 
  exp             1   25[BANK0 ] unsigned char 
 Return value:  Size  Location     Type
                  3   15[BANK0 ] float 
 Registers used:
		wreg, status,2, status,0, pclath, cstack
 Tracked objects:
		On entry : 
		On exit  : 
		Unchanged: 
 Data sizes:     COMMON   BANK0   BANK1   BANK3   BANK2
      Params:         0       6       0       0       0
      Locals:         0       6       0       0       0
      Temps:          0       4       0       0       0
      Totals:         0      16       0       0       0
Total ram usage:       16 bytes
 Hardware stack levels used:    1
 Hardware stack levels required when called:    2
 This function calls:
		___ftpack
 This function is called by:
		_main
		_fround
		_scale
		_sprintf
 This function uses a non-reentrant model


 *************** function ___bmul *****************
 Defined at:
		line 4 in file "C:\Program Files\Microchip\xc8\v2.31\pic\sources\c90\common\Umul8.c"
 Parameters:    Size  Location     Type
  multiplier      1    wreg     unsigned char 
  multiplicand    1   11[BANK0 ] unsigned char 
 Auto vars:     Size  Location     Type
  multiplier      1   14[BANK0 ] unsigned char 
  product         1   13[BANK0 ] unsigned char 
 Return value:  Size  Location     Type
                  1    wreg      unsigned char 
 Registers used:
		wreg, status,2, status,0
 Tracked objects:
		On entry : 
		On exit  : 
		Unchanged: 
 Data sizes:     COMMON   BANK0   BANK1   BANK3   BANK2
      Params:         0       1       0       0       0
      Locals:         0       2       0       0       0
      Temps:          0       1       0       0       0
      Totals:         0       4       0       0       0
Total ram usage:        4 bytes
 Hardware stack levels used:    1
 Hardware stack levels required when called:    1
 This function calls:
		Nothing
 This function is called by:
		_fround
		_scale
 This function uses a non-reentrant model


 *************** function __tdiv_to_l_ *****************
 Defined at:
		line 60 in file "C:\Program Files\Microchip\xc8\v2.31\pic\sources\c90\common\ftdivl.c"
 Parameters:    Size  Location     Type
  f1              3    0[BANK0 ] float 
  f2              3    3[BANK0 ] float 
 Auto vars:     Size  Location     Type
  quot            4    6[BANK0 ] unsigned long 
  exp1            1   11[BANK0 ] unsigned char 
  cntr            1   10[BANK0 ] unsigned char 
 Return value:  Size  Location     Type
                  4    0[BANK0 ] unsigned long 
 Registers used:
		wreg, status,2, status,0
 Tracked objects:
		On entry : 
		On exit  : 
		Unchanged: 
 Data sizes:     COMMON   BANK0   BANK1   BANK3   BANK2
      Params:         0       6       0       0       0
      Locals:         0       6       0       0       0
      Temps:          4       0       0       0       0
      Totals:         4      12       0       0       0
Total ram usage:       16 bytes
 Hardware stack levels used:    1
 Hardware stack levels required when called:    1
 This function calls:
		Nothing
 This function is called by:
		_sprintf
 This function uses a non-reentrant model


 *************** function __div_to_l_ *****************
 Defined at:
		line 60 in file "C:\Program Files\Microchip\xc8\v2.31\pic\sources\c90\common\fldivl.c"
 Parameters:    Size  Location     Type
  f1              3    0[BANK0 ] unsigned long 
  f2              3    3[BANK0 ] unsigned long 
 Auto vars:     Size  Location     Type
  quot            4   14[BANK0 ] unsigned long 
  exp1            1   19[BANK0 ] unsigned char 
  cntr            1   18[BANK0 ] unsigned char 
 Return value:  Size  Location     Type
                  4    0[BANK0 ] unsigned long 
 Registers used:
		wreg, fsr0l, fsr0h, status,2, status,0
 Tracked objects:
		On entry : 
		On exit  : 
		Unchanged: 
 Data sizes:     COMMON   BANK0   BANK1   BANK3   BANK2
      Params:         0       6       0       0       0
      Locals:         0       6       0       0       0
      Temps:          0       8       0       0       0
      Totals:         0      20       0       0       0
Total ram usage:       20 bytes
 Hardware stack levels used:    1
 Hardware stack levels required when called:    1
 This function calls:
		Nothing
 This function is called by:
		_sprintf
 This function uses a non-reentrant model


 *************** function ___wmul *****************
 Defined at:
		line 15 in file "C:\Program Files\Microchip\xc8\v2.31\pic\sources\c90\common\Umul16.c"
 Parameters:    Size  Location     Type
  multiplier      2    4[COMMON] unsigned int 
  multiplicand    2    6[COMMON] unsigned int 
 Auto vars:     Size  Location     Type
  product         2    0[BANK0 ] unsigned int 
 Return value:  Size  Location     Type
                  2    4[COMMON] unsigned int 
 Registers used:
		wreg, status,2, status,0
 Tracked objects:
		On entry : 
		On exit  : 
		Unchanged: 
 Data sizes:     COMMON   BANK0   BANK1   BANK3   BANK2
      Params:         4       0       0       0       0
      Locals:         0       2       0       0       0
      Temps:          0       0       0       0       0
      Totals:         4       2       0       0       0
Total ram usage:        6 bytes
 Hardware stack levels used:    1
 Hardware stack levels required when called:    1
 This function calls:
		Nothing
 This function is called by:
		_sprintf
 This function uses a non-reentrant model


 *************** function ___lltoft *****************
 Defined at:
		line 35 in file "C:\Program Files\Microchip\xc8\v2.31\pic\sources\c90\common\lltoft.c"
 Parameters:    Size  Location     Type
  c               4    3[BANK0 ] unsigned long 
 Auto vars:     Size  Location     Type
  exp             1    8[BANK0 ] unsigned char 
 Return value:  Size  Location     Type
                  3    3[BANK0 ] float 
 Registers used:
		wreg, status,2, status,0, pclath, cstack
 Tracked objects:
		On entry : 
		On exit  : 
		Unchanged: 
 Data sizes:     COMMON   BANK0   BANK1   BANK3   BANK2
      Params:         0       4       0       0       0
      Locals:         0       1       0       0       0
      Temps:          0       1       0       0       0
      Totals:         0       6       0       0       0
Total ram usage:        6 bytes
 Hardware stack levels used:    1
 Hardware stack levels required when called:    2
 This function calls:
		___ftpack
 This function is called by:
		_sprintf
 This function uses a non-reentrant model


 *************** function ___llmod *****************
 Defined at:
		line 5 in file "C:\Program Files\Microchip\xc8\v2.31\pic\sources\c90\common\llmod.c"
 Parameters:    Size  Location     Type
  divisor         4   13[BANK0 ] unsigned long 
  dividend        4   17[BANK0 ] unsigned long 
 Auto vars:     Size  Location     Type
  counter         1    6[COMMON] unsigned char 
 Return value:  Size  Location     Type
                  4   13[BANK0 ] unsigned long 
 Registers used:
		wreg, status,2, status,0
 Tracked objects:
		On entry : 
		On exit  : 
		Unchanged: 
 Data sizes:     COMMON   BANK0   BANK1   BANK3   BANK2
      Params:         0       8       0       0       0
      Locals:         1       0       0       0       0
      Temps:          1       0       0       0       0
      Totals:         2       8       0       0       0
Total ram usage:       10 bytes
 Hardware stack levels used:    1
 Hardware stack levels required when called:    1
 This function calls:
		Nothing
 This function is called by:
		_sprintf
 This function uses a non-reentrant model


 *************** function ___lldiv *****************
 Defined at:
		line 5 in file "C:\Program Files\Microchip\xc8\v2.31\pic\sources\c90\common\__lldiv.c"
 Parameters:    Size  Location     Type
  divisor         4    0[BANK0 ] unsigned long 
  dividend        4    4[BANK0 ] unsigned long 
 Auto vars:     Size  Location     Type
  quotient        4    8[BANK0 ] unsigned long 
  counter         1   12[BANK0 ] unsigned char 
 Return value:  Size  Location     Type
                  4    0[BANK0 ] unsigned long 
 Registers used:
		wreg, status,2, status,0
 Tracked objects:
		On entry : 
		On exit  : 
		Unchanged: 
 Data sizes:     COMMON   BANK0   BANK1   BANK3   BANK2
      Params:         0       8       0       0       0
      Locals:         0       5       0       0       0
      Temps:          1       0       0       0       0
      Totals:         1      13       0       0       0
Total ram usage:       14 bytes
 Hardware stack levels used:    1
 Hardware stack levels required when called:    1
 This function calls:
		Nothing
 This function is called by:
		_sprintf
 This function uses a non-reentrant model


 *************** function ___fttol *****************
 Defined at:
		line 44 in file "C:\Program Files\Microchip\xc8\v2.31\pic\sources\c90\common\fttol.c"
 Parameters:    Size  Location     Type
  f1              3   40[BANK0 ] float 
 Auto vars:     Size  Location     Type
  lval            4   49[BANK0 ] unsigned long 
  exp1            1   53[BANK0 ] unsigned char 
  sign1           1   48[BANK0 ] unsigned char 
 Return value:  Size  Location     Type
                  4   40[BANK0 ] long 
 Registers used:
		wreg, status,2, status,0
 Tracked objects:
		On entry : 
		On exit  : 
		Unchanged: 
 Data sizes:     COMMON   BANK0   BANK1   BANK3   BANK2
      Params:         0       4       0       0       0
      Locals:         0       6       0       0       0
      Temps:          0       4       0       0       0
      Totals:         0      14       0       0       0
Total ram usage:       14 bytes
 Hardware stack levels used:    1
 Hardware stack levels required when called:    1
 This function calls:
		Nothing
 This function is called by:
		_sprintf
 This function uses a non-reentrant model


 *************** function ___ftsub *****************
 Defined at:
		line 17 in file "C:\Program Files\Microchip\xc8\v2.31\pic\sources\c90\common\ftsub.c"
 Parameters:    Size  Location     Type
  f2              3   60[BANK0 ] float 
  f1              3   63[BANK0 ] float 
 Auto vars:     Size  Location     Type
		None
 Return value:  Size  Location     Type
                  3   60[BANK0 ] float 
 Registers used:
		wreg, status,2, status,0, pclath, cstack
 Tracked objects:
		On entry : 
		On exit  : 
		Unchanged: 
 Data sizes:     COMMON   BANK0   BANK1   BANK3   BANK2
      Params:         0       6       0       0       0
      Locals:         0       0       0       0       0
      Temps:          0       0       0       0       0
      Totals:         0       6       0       0       0
Total ram usage:        6 bytes
 Hardware stack levels used:    1
 Hardware stack levels required when called:    3
 This function calls:
		___ftadd
 This function is called by:
		_sprintf
 This function uses a non-reentrant model


 *************** function ___ftadd *****************
 Defined at:
		line 86 in file "C:\Program Files\Microchip\xc8\v2.31\pic\sources\c90\common\ftadd.c"
 Parameters:    Size  Location     Type
  f1              3   47[BANK0 ] float 
  f2              3   50[BANK0 ] float 
 Auto vars:     Size  Location     Type
  exp1            1   59[BANK0 ] unsigned char 
  exp2            1   58[BANK0 ] unsigned char 
  sign            1   57[BANK0 ] unsigned char 
 Return value:  Size  Location     Type
                  3   47[BANK0 ] float 
 Registers used:
		wreg, status,2, status,0, pclath, cstack
 Tracked objects:
		On entry : 
		On exit  : 
		Unchanged: 
 Data sizes:     COMMON   BANK0   BANK1   BANK3   BANK2
      Params:         0       6       0       0       0
      Locals:         0       3       0       0       0
      Temps:          0       4       0       0       0
      Totals:         0      13       0       0       0
Total ram usage:       13 bytes
 Hardware stack levels used:    1
 Hardware stack levels required when called:    2
 This function calls:
		___ftpack
 This function is called by:
		_sprintf
		___ftsub
 This function uses a non-reentrant model


 *************** function ___ftneg *****************
 Defined at:
		line 15 in file "C:\Program Files\Microchip\xc8\v2.31\pic\sources\c90\common\ftneg.c"
 Parameters:    Size  Location     Type
  f1              3    4[COMMON] float 
 Auto vars:     Size  Location     Type
		None
 Return value:  Size  Location     Type
                  3    4[COMMON] float 
 Registers used:
		wreg
 Tracked objects:
		On entry : 
		On exit  : 
		Unchanged: 
 Data sizes:     COMMON   BANK0   BANK1   BANK3   BANK2
      Params:         3       0       0       0       0
      Locals:         0       0       0       0       0
      Temps:          0       0       0       0       0
      Totals:         3       0       0       0       0
Total ram usage:        3 bytes
 Hardware stack levels used:    1
 Hardware stack levels required when called:    1
 This function calls:
		Nothing
 This function is called by:
		_sprintf
 This function uses a non-reentrant model


 *************** function ___ftge *****************
 Defined at:
		line 4 in file "C:\Program Files\Microchip\xc8\v2.31\pic\sources\c90\common\ftge.c"
 Parameters:    Size  Location     Type
  ff1             3    0[BANK0 ] float 
  ff2             3    3[BANK0 ] float 
 Auto vars:     Size  Location     Type
		None
 Return value:  Size  Location     Type
		None               void
 Registers used:
		wreg, status,2, status,0
 Tracked objects:
		On entry : 
		On exit  : 
		Unchanged: 
 Data sizes:     COMMON   BANK0   BANK1   BANK3   BANK2
      Params:         0       6       0       0       0
      Locals:         0       0       0       0       0
      Temps:          0       0       0       0       0
      Totals:         0       6       0       0       0
Total ram usage:        6 bytes
 Hardware stack levels used:    1
 Hardware stack levels required when called:    1
 This function calls:
		Nothing
 This function is called by:
		_sprintf
 This function uses a non-reentrant model


 *************** function ___awtoft *****************
 Defined at:
		line 32 in file "C:\Program Files\Microchip\xc8\v2.31\pic\sources\c90\common\awtoft.c"
 Parameters:    Size  Location     Type
  c               2    3[BANK0 ] int 
 Auto vars:     Size  Location     Type
  sign            1    8[BANK0 ] unsigned char 
 Return value:  Size  Location     Type
                  3    3[BANK0 ] float 
 Registers used:
		wreg, status,2, status,0, pclath, cstack
 Tracked objects:
		On entry : 
		On exit  : 
		Unchanged: 
 Data sizes:     COMMON   BANK0   BANK1   BANK3   BANK2
      Params:         0       3       0       0       0
      Locals:         0       1       0       0       0
      Temps:          0       2       0       0       0
      Totals:         0       6       0       0       0
Total ram usage:        6 bytes
 Hardware stack levels used:    1
 Hardware stack levels required when called:    2
 This function calls:
		___ftpack
 This function is called by:
		_main
 This function uses a non-reentrant model


 *************** function ___ftpack *****************
 Defined at:
		line 62 in file "C:\Program Files\Microchip\xc8\v2.31\pic\sources\c90\common\float.c"
 Parameters:    Size  Location     Type
  arg             3    4[COMMON] unsigned um
  exp             1    7[COMMON] unsigned char 
  sign            1    8[COMMON] unsigned char 
 Auto vars:     Size  Location     Type
		None
 Return value:  Size  Location     Type
                  3    4[COMMON] float 
 Registers used:
		wreg, status,2, status,0
 Tracked objects:
		On entry : 
		On exit  : 
		Unchanged: 
 Data sizes:     COMMON   BANK0   BANK1   BANK3   BANK2
      Params:         5       0       0       0       0
      Locals:         0       0       0       0       0
      Temps:          0       3       0       0       0
      Totals:         5       3       0       0       0
Total ram usage:        8 bytes
 Hardware stack levels used:    1
 Hardware stack levels required when called:    1
 This function calls:
		Nothing
 This function is called by:
		___awtoft
		___ftadd
		___ftmul
		___lltoft
 This function uses a non-reentrant model


 *************** function _USART_WriteStr *****************
 Defined at:
		line 38 in file "USART.c"
 Parameters:    Size  Location     Type
  a               2    5[COMMON] PTR unsigned char 
		 -> Lcdvar(20), STR_1(19), 
 Auto vars:     Size  Location     Type
  i               1    8[COMMON] unsigned char 
 Return value:  Size  Location     Type
                  1    wreg      void 
 Registers used:
		wreg, fsr0l, fsr0h, status,2, status,0, btemp+1, pclath, cstack
 Tracked objects:
		On entry : 
		On exit  : 
		Unchanged: 
 Data sizes:     COMMON   BANK0   BANK1   BANK3   BANK2
      Params:         2       0       0       0       0
      Locals:         1       0       0       0       0
      Temps:          1       0       0       0       0
      Totals:         4       0       0       0       0
Total ram usage:        4 bytes
 Hardware stack levels used:    1
 Hardware stack levels required when called:    2
 This function calls:
		_USART_Write
 This function is called by:
		_main
 This function uses a non-reentrant model


 *************** function _USART_Write *****************
 Defined at:
		line 33 in file "USART.c"
 Parameters:    Size  Location     Type
  a               1    wreg     unsigned char 
 Auto vars:     Size  Location     Type
  a               1    4[COMMON] unsigned char 
 Return value:  Size  Location     Type
                  1    wreg      void 
 Registers used:
		wreg
 Tracked objects:
		On entry : 
		On exit  : 
		Unchanged: 
 Data sizes:     COMMON   BANK0   BANK1   BANK3   BANK2
      Params:         0       0       0       0       0
      Locals:         1       0       0       0       0
      Temps:          0       0       0       0       0
      Totals:         1       0       0       0       0
Total ram usage:        1 bytes
 Hardware stack levels used:    1
 Hardware stack levels required when called:    1
 This function calls:
		Nothing
 This function is called by:
		_main
		_USART_WriteStr
 This function uses a non-reentrant model


 *************** function _Setup *****************
 Defined at:
		line 67 in file "LAB03.c"
 Parameters:    Size  Location     Type
		None
 Auto vars:     Size  Location     Type
		None
 Return value:  Size  Location     Type
                  1    wreg      void 
 Registers used:
		wreg, status,2, status,0, pclath, cstack
 Tracked objects:
		On entry : 
		On exit  : 
		Unchanged: 
 Data sizes:     COMMON   BANK0   BANK1   BANK3   BANK2
      Params:         0       0       0       0       0
      Locals:         0       0       0       0       0
      Temps:          0       0       0       0       0
      Totals:         0       0       0       0       0
Total ram usage:        0 bytes
 Hardware stack levels used:    1
 Hardware stack levels required when called:    2
 This function calls:
		_ADC_CONFIG
 This function is called by:
		_main
 This function uses a non-reentrant model


 *************** function _ADC_CONFIG *****************
 Defined at:
		line 10 in file "LIB_ADC.c"
 Parameters:    Size  Location     Type
		None
 Auto vars:     Size  Location     Type
		None
 Return value:  Size  Location     Type
                  1    wreg      void 
 Registers used:
		wreg, status,2, status,0
 Tracked objects:
		On entry : 
		On exit  : 
		Unchanged: 
 Data sizes:     COMMON   BANK0   BANK1   BANK3   BANK2
      Params:         0       0       0       0       0
      Locals:         0       0       0       0       0
      Temps:          0       0       0       0       0
      Totals:         0       0       0       0       0
Total ram usage:        0 bytes
 Hardware stack levels used:    1
 Hardware stack levels required when called:    1
 This function calls:
		Nothing
 This function is called by:
		_Setup
 This function uses a non-reentrant model


 *************** function _Set_BaudRate *****************
 Defined at:
		line 13 in file "USART.c"
 Parameters:    Size  Location     Type
		None
 Auto vars:     Size  Location     Type
		None
 Return value:  Size  Location     Type
                  1    wreg      void 
 Registers used:
		wreg
 Tracked objects:
		On entry : 
		On exit  : 
		Unchanged: 
 Data sizes:     COMMON   BANK0   BANK1   BANK3   BANK2
      Params:         0       0       0       0       0
      Locals:         0       0       0       0       0
      Temps:          0       0       0       0       0
      Totals:         0       0       0       0       0
Total ram usage:        0 bytes
 Hardware stack levels used:    1
 Hardware stack levels required when called:    1
 This function calls:
		Nothing
 This function is called by:
		_main
 This function uses a non-reentrant model


 *************** function _LCD_Write_String *****************
 Defined at:
		line 67 in file "LCD.c"
 Parameters:    Size  Location     Type
  a               2    7[COMMON] PTR unsigned char 
		 -> STR_3(19), Lcdvar(20), 
 Auto vars:     Size  Location     Type
  i               2    3[BANK0 ] int 
 Return value:  Size  Location     Type
                  1    wreg      void 
 Registers used:
		wreg, fsr0l, fsr0h, status,2, status,0, btemp+1, pclath, cstack
 Tracked objects:
		On entry : 
		On exit  : 
		Unchanged: 
 Data sizes:     COMMON   BANK0   BANK1   BANK3   BANK2
      Params:         2       0       0       0       0
      Locals:         0       2       0       0       0
      Temps:          0       3       0       0       0
      Totals:         2       5       0       0       0
Total ram usage:        7 bytes
 Hardware stack levels used:    1
 Hardware stack levels required when called:    3
 This function calls:
		_LCD_Write_Char
 This function is called by:
		_main
 This function uses a non-reentrant model


 *************** function _LCD_Write_Char *****************
 Defined at:
		line 30 in file "LCD.c"
 Parameters:    Size  Location     Type
  a               1    wreg     unsigned char 
 Auto vars:     Size  Location     Type
  a               1    6[COMMON] unsigned char 
 Return value:  Size  Location     Type
                  1    wreg      void 
 Registers used:
		wreg, status,2, status,0, pclath, cstack
 Tracked objects:
		On entry : 
		On exit  : 
		Unchanged: 
 Data sizes:     COMMON   BANK0   BANK1   BANK3   BANK2
      Params:         0       0       0       0       0
      Locals:         1       0       0       0       0
      Temps:          1       0       0       0       0
      Totals:         2       0       0       0       0
Total ram usage:        2 bytes
 Hardware stack levels used:    1
 Hardware stack levels required when called:    2
 This function calls:
		_LCD_Port
 This function is called by:
		_LCD_Write_String
 This function uses a non-reentrant model


 *************** function _LCD_Set_Cursor *****************
 Defined at:
		line 53 in file "LCD.c"
 Parameters:    Size  Location     Type
  x               1    wreg     unsigned char 
  y               1    8[COMMON] unsigned char 
 Auto vars:     Size  Location     Type
  x               1    1[BANK0 ] unsigned char 
  a               1    2[BANK0 ] unsigned char 
 Return value:  Size  Location     Type
                  1    wreg      void 
 Registers used:
		wreg, status,2, status,0, pclath, cstack
 Tracked objects:
		On entry : 
		On exit  : 
		Unchanged: 
 Data sizes:     COMMON   BANK0   BANK1   BANK3   BANK2
      Params:         1       0       0       0       0
      Locals:         0       2       0       0       0
      Temps:          0       1       0       0       0
      Totals:         1       3       0       0       0
Total ram usage:        4 bytes
 Hardware stack levels used:    1
 Hardware stack levels required when called:    3
 This function calls:
		_LCD_Cmd
 This function is called by:
		_main
 This function uses a non-reentrant model


 *************** function _LCD_Init *****************
 Defined at:
		line 10 in file "LCD.c"
 Parameters:    Size  Location     Type
		None
 Auto vars:     Size  Location     Type
		None
 Return value:  Size  Location     Type
                  1    wreg      void 
 Registers used:
		wreg, status,2, status,0, pclath, cstack
 Tracked objects:
		On entry : 
		On exit  : 
		Unchanged: 
 Data sizes:     COMMON   BANK0   BANK1   BANK3   BANK2
      Params:         0       0       0       0       0
      Locals:         0       0       0       0       0
      Temps:          0       2       0       0       0
      Totals:         0       2       0       0       0
Total ram usage:        2 bytes
 Hardware stack levels used:    1
 Hardware stack levels required when called:    3
 This function calls:
		_LCD_Cmd
		_LCD_Port
 This function is called by:
		_main
 This function uses a non-reentrant model


 *************** function _LCD_Clear *****************
 Defined at:
		line 48 in file "LCD.c"
 Parameters:    Size  Location     Type
		None
 Auto vars:     Size  Location     Type
		None
 Return value:  Size  Location     Type
                  1    wreg      void 
 Registers used:
		wreg, status,2, status,0, pclath, cstack
 Tracked objects:
		On entry : 
		On exit  : 
		Unchanged: 
 Data sizes:     COMMON   BANK0   BANK1   BANK3   BANK2
      Params:         0       0       0       0       0
      Locals:         0       0       0       0       0
      Temps:          0       0       0       0       0
      Totals:         0       0       0       0       0
Total ram usage:        0 bytes
 Hardware stack levels used:    1
 Hardware stack levels required when called:    3
 This function calls:
		_LCD_Cmd
 This function is called by:
		_main
 This function uses a non-reentrant model


 *************** function _LCD_Cmd *****************
 Defined at:
		line 39 in file "LCD.c"
 Parameters:    Size  Location     Type
  a               1    wreg     unsigned char 
 Auto vars:     Size  Location     Type
  a               1    7[COMMON] unsigned char 
 Return value:  Size  Location     Type
                  1    wreg      void 
 Registers used:
		wreg, status,2, status,0, pclath, cstack
 Tracked objects:
		On entry : 
		On exit  : 
		Unchanged: 
 Data sizes:     COMMON   BANK0   BANK1   BANK3   BANK2
      Params:         0       0       0       0       0
      Locals:         1       0       0       0       0
      Temps:          2       0       0       0       0
      Totals:         3       0       0       0       0
Total ram usage:        3 bytes
 Hardware stack levels used:    1
 Hardware stack levels required when called:    2
 This function calls:
		_LCD_Port
 This function is called by:
		_LCD_Init
		_LCD_Clear
		_LCD_Set_Cursor
 This function uses a non-reentrant model


 *************** function _LCD_Port *****************
 Defined at:
		line 26 in file "LCD.c"
 Parameters:    Size  Location     Type
  a               1    wreg     unsigned char 
 Auto vars:     Size  Location     Type
  a               1    4[COMMON] unsigned char 
 Return value:  Size  Location     Type
                  1    wreg      void 
 Registers used:
		wreg
 Tracked objects:
		On entry : 
		On exit  : 
		Unchanged: 
 Data sizes:     COMMON   BANK0   BANK1   BANK3   BANK2
      Params:         0       0       0       0       0
      Locals:         1       0       0       0       0
      Temps:          0       0       0       0       0
      Totals:         1       0       0       0       0
Total ram usage:        1 bytes
 Hardware stack levels used:    1
 Hardware stack levels required when called:    1
 This function calls:
		Nothing
 This function is called by:
		_LCD_Init
		_LCD_Write_Char
		_LCD_Cmd
 This function uses a non-reentrant model


 *************** function _Init_Trans *****************
 Defined at:
		line 17 in file "USART.c"
 Parameters:    Size  Location     Type
		None
 Auto vars:     Size  Location     Type
		None
 Return value:  Size  Location     Type
                  1    wreg      void 
 Registers used:
		None
 Tracked objects:
		On entry : 
		On exit  : 
		Unchanged: 
 Data sizes:     COMMON   BANK0   BANK1   BANK3   BANK2
      Params:         0       0       0       0       0
      Locals:         0       0       0       0       0
      Temps:          0       0       0       0       0
      Totals:         0       0       0       0       0
Total ram usage:        0 bytes
 Hardware stack levels used:    1
 Hardware stack levels required when called:    1
 This function calls:
		Nothing
 This function is called by:
		_main
 This function uses a non-reentrant model


 *************** function _Init_Receive *****************
 Defined at:
		line 27 in file "USART.c"
 Parameters:    Size  Location     Type
		None
 Auto vars:     Size  Location     Type
		None
 Return value:  Size  Location     Type
                  1    wreg      void 
 Registers used:
		None
 Tracked objects:
		On entry : 
		On exit  : 
		Unchanged: 
 Data sizes:     COMMON   BANK0   BANK1   BANK3   BANK2
      Params:         0       0       0       0       0
      Locals:         0       0       0       0       0
      Temps:          0       0       0       0       0
      Totals:         0       0       0       0       0
Total ram usage:        0 bytes
 Hardware stack levels used:    1
 Hardware stack levels required when called:    1
 This function calls:
		Nothing
 This function is called by:
		_main
 This function uses a non-reentrant model


 *************** function _ISR *****************
 Defined at:
		line 93 in file "LAB03.c"
 Parameters:    Size  Location     Type
		None
 Auto vars:     Size  Location     Type
		None
 Return value:  Size  Location     Type
                  1    wreg      void 
 Registers used:
		wreg, status,2, status,0
 Tracked objects:
		On entry : 
		On exit  : 
		Unchanged: 
 Data sizes:     COMMON   BANK0   BANK1   BANK3   BANK2
      Params:         0       0       0       0       0
      Locals:         0       0       0       0       0
      Temps:          4       0       0       0       0
      Totals:         4       0       0       0       0
Total ram usage:        4 bytes
 Hardware stack levels used:    1
 This function calls:
		Nothing
 This function is called by:
		Interrupt level 1
 This function uses a non-reentrant model



MODULE INFORMATION

Module		Function		Class		Link	Load	Size
USART.c
		_Init_Trans    		CODE           	1E4B	0000	14
		_Set_BaudRate  		CODE           	1001	0000	5
		_USART_Write   		CODE           	1E32	0000	12
		_Init_Receive  		CODE           	1E18	0000	8
		_USART_WriteStr		CODE           	1F70	0000	43

USART.c estimated size: 82

C:\Program Files\Microchip\xc8\v2.31\pic\sources\c90\common\__lldiv.c
		___lldiv       		CODE           	0798	0000	104

C:\Program Files\Microchip\xc8\v2.31\pic\sources\c90\common\__lldiv.c estimated size: 104

C:\Program Files\Microchip\xc8\v2.31\pic\sources\c90\common\ftneg.c
		___ftneg       		CODE           	1E28	0000	10

C:\Program Files\Microchip\xc8\v2.31\pic\sources\c90\common\ftneg.c estimated size: 10

LIB_ADC.c
		_ADC_CONFIG    		CODE           	1E6B	0000	20

LIB_ADC.c estimated size: 20

C:\Program Files\Microchip\xc8\v2.31\pic\sources\c90\common\doprnt.c
		_scale         		CODE           	0A6D	0000	699
		_sprintf       		CODE           	0D28	0000	2333
		_fround        		CODE           	08C4	0000	425

C:\Program Files\Microchip\xc8\v2.31\pic\sources\c90\common\doprnt.c estimated size: 3457

C:\Program Files\Microchip\xc8\v2.31\pic\sources\c90\common\ftsub.c
		___ftsub       		CODE           	1ED4	0000	37

C:\Program Files\Microchip\xc8\v2.31\pic\sources\c90\common\ftsub.c estimated size: 37

C:\Program Files\Microchip\xc8\v2.31\pic\sources\c90\common\float.c
		___ftpack      		CODE           	12EF	0000	130

C:\Program Files\Microchip\xc8\v2.31\pic\sources\c90\common\float.c estimated size: 130

C:\Program Files\Microchip\xc8\v2.31\pic\sources\c90\common\ftdivl.c
		__tdiv_to_l_   		CODE           	13FD	0000	189

C:\Program Files\Microchip\xc8\v2.31\pic\sources\c90\common\ftdivl.c estimated size: 189

C:\Program Files\Microchip\xc8\v2.31\pic\sources\c90\common\ftge.c
		___ftge        		CODE           	1FC6	0000	58

C:\Program Files\Microchip\xc8\v2.31\pic\sources\c90\common\ftge.c estimated size: 58

C:\Program Files\Microchip\xc8\v2.31\pic\sources\c90\common\lwmod.c
		___lwmod       		CODE           	1039	0000	60

C:\Program Files\Microchip\xc8\v2.31\pic\sources\c90\common\lwmod.c estimated size: 60

C:\Program Files\Microchip\xc8\v2.31\pic\sources\c90\common\awmod.c
		___awmod       		CODE           	11AB	0000	91

C:\Program Files\Microchip\xc8\v2.31\pic\sources\c90\common\awmod.c estimated size: 91

C:\Program Files\Microchip\xc8\v2.31\pic\sources\c90\common\Umul16.c
		___wmul        		CODE           	1F9B	0000	43

C:\Program Files\Microchip\xc8\v2.31\pic\sources\c90\common\Umul16.c estimated size: 43

C:\Program Files\Microchip\xc8\v2.31\pic\sources\c90\common\llmod.c
		___llmod       		CODE           	1155	0000	86

C:\Program Files\Microchip\xc8\v2.31\pic\sources\c90\common\llmod.c estimated size: 86

C:\Program Files\Microchip\xc8\v2.31\pic\sources\c90\common\isdigit.c
		_isdigit       		CODE           	1E59	0000	18

C:\Program Files\Microchip\xc8\v2.31\pic\sources\c90\common\isdigit.c estimated size: 18

C:\Program Files\Microchip\xc8\v2.31\pic\sources\c90\common\ftmul.c
		___ftmul       		CODE           	14BA	0000	229

C:\Program Files\Microchip\xc8\v2.31\pic\sources\c90\common\ftmul.c estimated size: 229

C:\Program Files\Microchip\xc8\v2.31\pic\sources\c90\common\fldivl.c
		__div_to_l_    		CODE           	159F	0000	301

C:\Program Files\Microchip\xc8\v2.31\pic\sources\c90\common\fldivl.c estimated size: 301

C:\Program Files\Microchip\xc8\v2.31\pic\sources\c90\common\lwdiv.c
		___lwdiv       		CODE           	10BB	0000	70

C:\Program Files\Microchip\xc8\v2.31\pic\sources\c90\common\lwdiv.c estimated size: 70

C:\Program Files\Microchip\xc8\v2.31\pic\sources\c90\common\awdiv.c
		___awdiv       		CODE           	1206	0000	105

C:\Program Files\Microchip\xc8\v2.31\pic\sources\c90\common\awdiv.c estimated size: 105

shared
		__stringtab    		STRING         	0800	0000	16
		__powers_      		STRING         	0810	0000	39
		_dpowers       		STRING         	085E	0000	40
		__npowers_     		STRING         	0837	0000	39
		__initialization		CODE           	000F	0000	10

shared estimated size: 144

LAB03.c
		_ISR           		CODE           	126F	0000	128
		_main          		CODE           	16CC	0000	308
		_Setup         		CODE           	1F1F	0000	40

LAB03.c estimated size: 476

C:\Program Files\Microchip\xc8\v2.31\pic\sources\c90\common\Umul8.c
		___bmul        		CODE           	1E7F	0000	23

C:\Program Files\Microchip\xc8\v2.31\pic\sources\c90\common\Umul8.c estimated size: 23

C:\Program Files\Microchip\xc8\v2.31\pic\sources\c90\common\awtoft.c
		___awtoft      		CODE           	1F47	0000	41

C:\Program Files\Microchip\xc8\v2.31\pic\sources\c90\common\awtoft.c estimated size: 41

C:\Program Files\Microchip\xc8\v2.31\pic\sources\c90\common\fttol.c
		___fttol       		CODE           	1371	0000	140

C:\Program Files\Microchip\xc8\v2.31\pic\sources\c90\common\fttol.c estimated size: 140

C:\Program Files\Microchip\xc8\v2.31\pic\sources\c90\common\ftadd.c
		___ftadd       		CODE           	0662	0000	310

C:\Program Files\Microchip\xc8\v2.31\pic\sources\c90\common\ftadd.c estimated size: 310

C:\Program Files\Microchip\xc8\v2.31\pic\sources\c90\common\lltoft.c
		___lltoft      		CODE           	1006	0000	51

C:\Program Files\Microchip\xc8\v2.31\pic\sources\c90\common\lltoft.c estimated size: 51

LCD.c
		_LCD_Init      		CODE           	1101	0000	84
		_LCD_Write_Char		CODE           	1E96	0000	27
		_LCD_Cmd       		CODE           	1EB1	0000	35
		_LCD_Set_Cursor		CODE           	1EF9	0000	38
		_LCD_Clear     		CODE           	1E3E	0000	13
		_LCD_Port      		CODE           	08BE	0000	6
		_LCD_Write_String		CODE           	1075	0000	70

LCD.c estimated size: 273

