Microchip MPLAB XC8 Compiler V2.31

Linker command line:

-W-3 --edf=C:\Program Files\Microchip\xc8\v2.31\pic\dat\en_msgs.txt -cn \
  -h+dist/default/production\LAB03.X.production.sym \
  --cmf=dist/default/production\LAB03.X.production.cmf -z -Q16F887 \
  -oC:\Users\kenne\AppData\Local\Temp\s9ok.2 --defsym=__MPLAB_BUILD=1 \
  -Mdist/default/production/LAB03.X.production.map -E1 -ver=XC8 Compiler \
  -ASTACK=0110h-016Fh -pstack=STACK -ACODE=00h-07FFhx4 -ASTRCODE=00h-01FFFh \
  -ASTRING=00h-0FFhx32 -ACONST=00h-0FFhx32 -AENTRY=00h-0FFhx32 \
  -ACOMMON=070h-07Fh -ABANK0=020h-06Fh -ABANK1=0A0h-0EFh \
  -ABANK2=0110h-016Fh -ABANK3=0190h-01EFh \
  -ARAM=020h-06Fh,0A0h-0EFh,0110h-016Fh,0190h-01EFh \
  -AABS1=020h-07Fh,0A0h-0EFh,0110h-016Fh,0190h-01EFh -ASFR0=00h-01Fh \
  -ASFR1=080h-09Fh -ASFR2=0100h-010Fh -ASFR3=0180h-018Fh \
  -ACONFIG=02007h-02008h -DCONFIG=2 -AIDLOC=02000h-02003h -DIDLOC=2 \
  -AEEDATA=00h-0FFh/02100h -peeprom_data=EEDATA -DEEDATA=2 -DCODE=2 \
  -DSTRCODE=2 -DSTRING=2 -DCONST=2 -DENTRY=2 \
  -preset_vec=00h,intentry=04h,init,end_init -ppowerup=CODE -pcinit=CODE \
  -pfunctab=ENTRY -k C:\Users\kenne\AppData\Local\Temp\s9ok.o \
  dist/default/production\LAB03.X.production.o 

Object code version is 3.11

Machine type is 16F887



                Name                               Link     Load   Length Selector   Space Scale
C:\Users\kenne\AppData\Local\Temp\s9ok.o
                end_init                              C        C        3        8       0
                reset_vec                             0        0        3        0       0
                config                             2007     2007        2        0       4
dist/default/production\LAB03.X.production.o
                cinit                                 F        F        D        8       0
                intentry                              4        4        8        8       0
                text1_split_1                        1C       1C      6FA        8       0
                config                             2007     2007        2        0       4
                text38                             11CD     11CD       61     239A       0
                text37                             1D61     1D61        8     3AC2       0
                text36                             1D94     1D94        E     3B28       0
                text35                             1D5B     1D5B        6     3AB6       0
                text34                             1DE8     1DE8       23     3BD0       0
                text33                             1D87     1D87        D     3B0E       0
                text32                             10CD     10CD       4F     219A       0
                text31                             1E55     1E55       26     3CAA       0
                text30                             1DCD     1DCD       1B     3B9A       0
                text29                             1F74     1F74       46     3EE8       0
                text28                              7FB      7FB        5        8       0
                text27                             1DA2     1DA2       14     3B44       0
                text26                              800      800       28     1000       0
                text25                             1D7B     1D7B        C     3AF6       0
                text24                             1EA4     1EA4       2B     3D48       0
                text23                             12FF     12FF       82     25FE       0
                text22                             1E7B     1E7B       29     3CF6       0
                text21                             1F02     1F02       38     3E04       0
                text20                             1D71     1D71        A     3AE2       0
                text19                             156A     156A      136     2AD4       0
                text18                             1E0B     1E0B       25     3C16       0
                text17                              828      828       8C     1050       0
                text16                             122E     122E       68     245C       0
                text15                             111C     111C       56     2238       0
                text14                             1ECF     1ECF       33     3D9E       0
                text13                             1E30     1E30       25     3C60       0
                text12                             143E     143E      12C     287C       0
                text11                             1381     1381       BD     2702       0
                text10                             1DB6     1DB6       17     3B6C       0
                text9                               716      716       E5        8       0
                text8                              1FBA     1FBA       46     3F74       0
                text7                              1F3A     1F3A       3A     3E74       0
                text6                               8B4      8B4      1A9     1168       0
                text5                              10BB     10BB       12     2176       0
                text4                              1296     1296       69     252C       0
                text3                              1172     1172       5B     22E4       0
                text2                               A5D      A5D      2BB     14BA       0
                text1                               D18      D18      2E8     1A30       0
                maintext                           16A0     16A0      160     2D40       0
                cstackBANK0                          20       20       50       20       1
                cstackCOMMON                         70       70        A       70       1
                cstackBANK1                          BE       BE       1C       A0       1
                clrtext                            1D69     1D69        8     3AD2       0
                bssBANK1                             A0       A0       1E       A0       1
                strings                            1000     1000       BA     2000       0

TOTAL           Name                               Link     Load   Length     Space
        CLASS   STACK          

        CLASS   CODE           
                end_init                              C        C        3         0
                cinit                                 F        F        D         0
                intentry                              4        4        8         0
                reset_vec                             0        0        3         0
                text1_split_1                        1C       1C      6FA         0
                text38                             11CD     11CD       61         0
                text37                             1D61     1D61        8         0
                text36                             1D94     1D94        E         0
                text35                             1D5B     1D5B        6         0
                text34                             1DE8     1DE8       23         0
                text33                             1D87     1D87        D         0
                text32                             10CD     10CD       4F         0
                text31                             1E55     1E55       26         0
                text30                             1DCD     1DCD       1B         0
                text29                             1F74     1F74       46         0
                text28                              7FB      7FB        5         0
                text27                             1DA2     1DA2       14         0
                text26                              800      800       28         0
                text25                             1D7B     1D7B        C         0
                text24                             1EA4     1EA4       2B         0
                text23                             12FF     12FF       82         0
                text22                             1E7B     1E7B       29         0
                text21                             1F02     1F02       38         0
                text20                             1D71     1D71        A         0
                text19                             156A     156A      136         0
                text18                             1E0B     1E0B       25         0
                text17                              828      828       8C         0
                text16                             122E     122E       68         0
                text15                             111C     111C       56         0
                text14                             1ECF     1ECF       33         0
                text13                             1E30     1E30       25         0
                text12                             143E     143E      12C         0
                text11                             1381     1381       BD         0
                text10                             1DB6     1DB6       17         0
                text9                               716      716       E5         0
                text8                              1FBA     1FBA       46         0
                text7                              1F3A     1F3A       3A         0
                text6                               8B4      8B4      1A9         0
                text5                              10BB     10BB       12         0
                text4                              1296     1296       69         0
                text3                              1172     1172       5B         0
                text2                               A5D      A5D      2BB         0
                text1                               D18      D18      2E8         0
                maintext                           16A0     16A0      160         0
                clrtext                            1D69     1D69        8         0

        CLASS   STRCODE        

        CLASS   STRING         
                strings                            1000     1000       BA         0

        CLASS   CONST          

        CLASS   ENTRY          

        CLASS   COMMON         
                cstackCOMMON                         70       70        A         1

        CLASS   BANK0          
                cstackBANK0                          20       20       50         1

        CLASS   BANK1          
                cstackBANK1                          BE       BE       1C         1
                bssBANK1                             A0       A0       1E         1

        CLASS   BANK2          

        CLASS   BANK3          

        CLASS   RAM            

        CLASS   ABS1           
                abs_s1                               7E       7E        2         1

        CLASS   SFR0           

        CLASS   SFR1           

        CLASS   SFR2           

        CLASS   SFR3           

        CLASS   CONFIG         
                config                             2007     2007        2         4

        CLASS   IDLOC          

        CLASS   EEDATA         



SEGMENTS        Name                           Load    Length   Top    Selector   Space  Class     Delta

                reset_vec                      000000  000003  000003         0       0  CODE        2
                intentry                       000004  0007FC  000800         8       0  CODE        2
                cstackBANK0                    000020  000050  000070        20       1  BANK0       1
                cstackCOMMON                   000070  00000A  00007A        70       1  COMMON      1
                bssBANK1                       0000A0  00003A  0000DA        A0       1  BANK1       1
                text26                         000800  000028  000828      1000       0  CODE        2
                text17                         000828  00008C  0008B4      1050       0  CODE        2
                text6                          0008B4  0001A9  000A5D      1168       0  CODE        2
                text2                          000A5D  0002BB  000D18      14BA       0  CODE        2
                text1                          000D18  0002E8  001000      1A30       0  CODE        2
                strings                        001000  0000BA  0010BA      2000       0  STRING      2
                text5                          0010BB  000012  0010CD      2176       0  CODE        2
                text32                         0010CD  00004F  00111C      219A       0  CODE        2
                text15                         00111C  000056  001172      2238       0  CODE        2
                text3                          001172  00005B  0011CD      22E4       0  CODE        2
                text38                         0011CD  000061  00122E      239A       0  CODE        2
                text16                         00122E  000068  001296      245C       0  CODE        2
                text4                          001296  000069  0012FF      252C       0  CODE        2
                text23                         0012FF  000082  001381      25FE       0  CODE        2
                text11                         001381  0000BD  00143E      2702       0  CODE        2
                text12                         00143E  00012C  00156A      287C       0  CODE        2
                text19                         00156A  000136  0016A0      2AD4       0  CODE        2
                maintext                       0016A0  000160  001800      2D40       0  CODE        2
                text35                         001D5B  000006  001D61      3AB6       0  CODE        2
                text37                         001D61  000008  001D69      3AC2       0  CODE        2
                clrtext                        001D69  000008  001D71      3AD2       0  CODE        2
                text20                         001D71  00000A  001D7B      3AE2       0  CODE        2
                text25                         001D7B  00000C  001D87      3AF6       0  CODE        2
                text33                         001D87  00000D  001D94      3B0E       0  CODE        2
                text36                         001D94  00000E  001DA2      3B28       0  CODE        2
                text27                         001DA2  000014  001DB6      3B44       0  CODE        2
                text10                         001DB6  000017  001DCD      3B6C       0  CODE        2
                text30                         001DCD  00001B  001DE8      3B9A       0  CODE        2
                text34                         001DE8  000023  001E0B      3BD0       0  CODE        2
                text18                         001E0B  000025  001E30      3C16       0  CODE        2
                text13                         001E30  000025  001E55      3C60       0  CODE        2
                text31                         001E55  000026  001E7B      3CAA       0  CODE        2
                text22                         001E7B  000029  001EA4      3CF6       0  CODE        2
                text24                         001EA4  00002B  001ECF      3D48       0  CODE        2
                text14                         001ECF  000033  001F02      3D9E       0  CODE        2
                text21                         001F02  000038  001F3A      3E04       0  CODE        2
                text7                          001F3A  00003A  001F74      3E74       0  CODE        2
                text29                         001F74  000046  001FBA      3EE8       0  CODE        2
                text8                          001FBA  000046  002000      3F74       0  CODE        2


UNUSED ADDRESS RANGES

        Name                Unused          Largest block    Delta
        BANK1            000DA-000EF              16           1
        BANK2            00110-0016F              60           1
        BANK3            00190-001EF              60           1
        CODE             00003-00003               1           2
                         010BA-010BA               1
                         01800-01D5A             55B
        COMMON           0007A-0007D               4           1
        CONST            00003-00003               1           2
                         010BA-010BA               1
                         01800-01D5A             100
        EEDATA           02100-021FF             100           2
        ENTRY            00003-00003               1           2
                         010BA-010BA               1
                         01800-01D5A             100
        IDLOC            02000-02003               4           2
        RAM              000DA-000EF              16           1
                         00110-0016F              60
                         00190-001EF              60
        SFR0             00000-0001F              20           1
        SFR1             00080-0009F              20           1
        SFR2             00100-0010F              10           1
        SFR3             00180-0018F              10           1
        STACK            00110-0016F              60           1
        STRCODE          00003-00003               1           2
                         010BA-010BA               1
                         01800-01D5A             55B
        STRING           00003-00003               1           2
                         010BA-010BA               1
                         01800-01D5A             100

                                  Symbol Table

?___awdiv                  cstackBANK0  00022
?___awmod                  cstackCOMMON 00074
?___awtoft                 cstackBANK0  00023
?___ftadd                  cstackBANK0  0004E
?___ftmul                  cstackBANK0  0002E
?___ftneg                  cstackCOMMON 00074
?___ftpack                 cstackCOMMON 00074
?___ftsub                  cstackBANK0  0005B
?___fttol                  cstackBANK0  00047
?___lldiv                  cstackBANK0  00020
?___llmod                  cstackBANK0  00028
?___lltoft                 cstackBANK0  00023
?___lwdiv                  cstackBANK0  00020
?___lwmod                  cstackCOMMON 00074
?___wmul                   cstackCOMMON 00074
?__div_to_l_               cstackCOMMON 00074
?__tdiv_to_l_              cstackCOMMON 00074
?_fround                   cstackBANK0  0003E
?_scale                    cstackBANK0  0003E
?_sprintf                  cstackBANK0  00061
LCD_Cmd@a                  cstackCOMMON 00077
LCD_Port@a                 cstackCOMMON 00074
LCD_Set_Cursor@a           cstackBANK0  00021
LCD_Set_Cursor@x           cstackBANK0  00020
LCD_Set_Cursor@y           cstackCOMMON 00078
LCD_Write_Char@a           cstackCOMMON 00076
LCD_Write_String@a         cstackCOMMON 00077
LCD_Write_String@i         cstackBANK0  00023
USART_Write@a              cstackCOMMON 00074
USART_WriteStr@a           cstackCOMMON 00075
USART_WriteStr@i           cstackCOMMON 00078
_ADCON0bits                (abs)        0001F
_ADCON1                    (abs)        0009F
_ADC_CONFIG                text27       01DA2
_ADRESH                    (abs)        0001E
_ANSEL                     (abs)        00188
_ANSELH                    (abs)        00189
_INTCONbits                (abs)        0000B
_ISR                       text38       011CD
_Init_Receive              text37       01D61
_Init_Trans                text36       01D94
_LCD_Clear                 text33       01D87
_LCD_Cmd                   text34       01DE8
_LCD_Init                  text32       010CD
_LCD_Port                  text35       01D5B
_LCD_Set_Cursor            text31       01E55
_LCD_Write_Char            text30       01DCD
_LCD_Write_String          text29       01F74
_Lcdvar                    bssBANK1     000AA
_PIE1bits                  (abs)        0008C
_PIR1bits                  (abs)        0000C
_PORTA                     (abs)        00005
_PORTC                     (abs)        00007
_PORTD                     (abs)        00008
_PORTE                     (abs)        00009
_RCIF                      (abs)        00065
_RCREG                     (abs)        0001A
_RCSTAbits                 (abs)        00018
_RE0                       (abs)        00048
_RE1                       (abs)        00049
_SPBRG                     (abs)        00099
_Set_BaudRate              text28       007FB
_Setup                     text26       00800
_TRISA                     (abs)        00085
_TRISC                     (abs)        00087
_TRISCbits                 (abs)        00087
_TRISD                     (abs)        00088
_TRISE                     (abs)        00089
_TRMT                      (abs)        004C1
_TXREG                     (abs)        00019
_TXSTAbits                 (abs)        00098
_USART_Write               text25       01D7B
_USART_WriteStr            text24       01EA4
_Vol1                      bssBANK1     000A3
_Vol2                      bssBANK1     000A0
__Habs1                    abs1         00000
__Hbank0                   bank0        00000
__Hbank1                   bank1        00000
__Hbank2                   bank2        00000
__Hbank3                   bank3        00000
__HbssBANK1                bssBANK1     00000
__Hcinit                   cinit        0001C
__Hclrtext                 clrtext      00000
__Hcode                    code         00000
__Hcommon                  common       00000
__Hconfig                  config       02009
__HcstackBANK0             cstackBANK0  00000
__HcstackBANK1             cstackBANK1  00000
__HcstackCOMMON            cstackCOMMON 00000
__Heeprom_data             eeprom_data  00000
__Hend_init                end_init     0000F
__Hfunctab                 functab      00000
__Hinit                    init         0000C
__Hintentry                intentry     0000C
__Hmaintext                maintext     00000
__Hpowerup                 powerup      00000
__Hram                     ram          00000
__Hreset_vec               reset_vec    00003
__Hsfr0                    sfr0         00000
__Hsfr1                    sfr1         00000
__Hsfr2                    sfr2         00000
__Hsfr3                    sfr3         00000
__Hspace_0                 (abs)        02000
__Hspace_1                 (abs)        000DA
__Hspace_2                 (abs)        00000
__Hspace_3                 (abs)        00000
__Hspace_4                 (abs)        04010
__Hstack                   stack        00000
__Hstrings                 strings      00000
__Htext                    text         00000
__Labs1                    abs1         00000
__Lbank0                   bank0        00000
__Lbank1                   bank1        00000
__Lbank2                   bank2        00000
__Lbank3                   bank3        00000
__LbssBANK1                bssBANK1     00000
__Lcinit                   cinit        0000F
__Lclrtext                 clrtext      00000
__Lcode                    code         00000
__Lcommon                  common       00000
__Lconfig                  config       00000
__LcstackBANK0             cstackBANK0  00000
__LcstackBANK1             cstackBANK1  00000
__LcstackCOMMON            cstackCOMMON 00000
__Leeprom_data             eeprom_data  00000
__Lend_init                end_init     0000C
__Lfunctab                 functab      00000
__Linit                    init         0000C
__Lintentry                intentry     00004
__Lmaintext                maintext     00000
__Lpowerup                 powerup      00000
__Lram                     ram          00000
__Lreset_vec               reset_vec    00000
__Lsfr0                    sfr0         00000
__Lsfr1                    sfr1         00000
__Lsfr2                    sfr2         00000
__Lsfr3                    sfr3         00000
__Lspace_0                 (abs)        00000
__Lspace_1                 (abs)        00000
__Lspace_2                 (abs)        00000
__Lspace_3                 (abs)        00000
__Lspace_4                 (abs)        00000
__Lstack                   stack        00000
__Lstrings                 strings      00000
__Ltext                    text         00000
__S0                       (abs)        02000
__S1                       (abs)        000DA
__S2                       (abs)        00000
__S3                       (abs)        00000
___awdiv                   text4        01296
___awdiv@counter           cstackBANK0  00026
___awdiv@dividend          cstackBANK0  00024
___awdiv@divisor           cstackBANK0  00022
___awdiv@quotient          cstackBANK0  00028
___awdiv@sign              cstackBANK0  00027
___awmod                   text3        01172
___awmod@counter           cstackBANK0  00020
___awmod@dividend          cstackCOMMON 00076
___awmod@divisor           cstackCOMMON 00074
___awmod@sign              cstackBANK0  00021
___awtoft                  text22       01E7B
___awtoft@c                cstackBANK0  00023
___awtoft@sign             cstackCOMMON 00079
___bmul                    text10       01DB6
___bmul@multiplicand       cstackBANK0  0002A
___bmul@multiplier         cstackBANK0  0002D
___bmul@product            cstackBANK0  0002C
___ftadd                   text19       0156A
___ftadd@exp1              cstackBANK0  0005A
___ftadd@exp2              cstackBANK0  00059
___ftadd@f1                cstackBANK0  0004E
___ftadd@f2                cstackBANK0  00051
___ftadd@sign              cstackBANK0  00058
___ftge                    text21       01F02
___ftge@ff1                cstackCOMMON 00074
___ftge@ff2                cstackCOMMON 00077
___ftmul                   text9        00716
___ftmul@cntr              cstackBANK0  0003C
___ftmul@exp               cstackBANK0  00038
___ftmul@f1                cstackBANK0  0002E
___ftmul@f2                cstackBANK0  00031
___ftmul@f3_as_product     cstackBANK0  00039
___ftmul@sign              cstackBANK0  0003D
___ftneg                   text20       01D71
___ftneg@f1                cstackCOMMON 00074
___ftpack                  text23       012FF
___ftpack@arg              cstackCOMMON 00074
___ftpack@exp              cstackCOMMON 00077
___ftpack@sign             cstackCOMMON 00078
___ftsub                   text18       01E0B
___ftsub@f1                cstackBANK0  0005E
___ftsub@f2                cstackBANK0  0005B
___fttol                   text17       00828
___fttol@exp1              cstackBANK0  00054
___fttol@f1                cstackBANK0  00047
___fttol@lval              cstackBANK0  00050
___fttol@sign1             cstackBANK0  0004F
___int_sp                  stack        00000
___latbits                 (abs)        00002
___lldiv                   text16       0122E
___lldiv@counter           cstackCOMMON 00079
___lldiv@dividend          cstackBANK0  00024
___lldiv@divisor           cstackBANK0  00020
___lldiv@quotient          cstackCOMMON 00075
___llmod                   text15       0111C
___llmod@counter           cstackBANK0  00031
___llmod@dividend          cstackBANK0  0002C
___llmod@divisor           cstackBANK0  00028
___lltoft                  text14       01ECF
___lltoft@c                cstackBANK0  00023
___lltoft@exp              cstackBANK0  00027
___lwdiv                   text8        01FBA
___lwdiv@counter           cstackBANK0  00027
___lwdiv@dividend          cstackBANK0  00022
___lwdiv@divisor           cstackBANK0  00020
___lwdiv@quotient          cstackBANK0  00025
___lwmod                   text7        01F3A
___lwmod@counter           cstackCOMMON 00079
___lwmod@dividend          cstackCOMMON 00076
___lwmod@divisor           cstackCOMMON 00074
___sp                      stack        00000
___stackhi                 (abs)        00000
___stacklo                 (abs)        00000
___wmul                    text13       01E30
___wmul@multiplicand       cstackCOMMON 00076
___wmul@multiplier         cstackCOMMON 00074
___wmul@product            cstackCOMMON 00078
__div_to_l_                text12       0143E
__div_to_l_@cntr           cstackBANK0  0002C
__div_to_l_@exp1           cstackBANK0  0002D
__div_to_l_@f1             cstackCOMMON 00074
__div_to_l_@f2             cstackCOMMON 00077
__div_to_l_@quot           cstackBANK0  00028
__end_of_ADC_CONFIG        text27       01DB6
__end_of_ISR               text38       0122E
__end_of_Init_Receive      text37       01D69
__end_of_Init_Trans        text36       01DA2
__end_of_LCD_Clear         text33       01D94
__end_of_LCD_Cmd           text34       01E0B
__end_of_LCD_Init          text32       0111C
__end_of_LCD_Port          text35       01D61
__end_of_LCD_Set_Cursor    text31       01E7B
__end_of_LCD_Write_Char    text30       01DE8
__end_of_LCD_Write_String  text29       01FBA
__end_of_Set_BaudRate      text28       00800
__end_of_Setup             text26       00828
__end_of_USART_Write       text25       01D87
__end_of_USART_WriteStr    text24       01ECF
__end_of___awdiv           text4        012FF
__end_of___awmod           text3        011CD
__end_of___awtoft          text22       01EA4
__end_of___bmul            text10       01DCD
__end_of___ftadd           text19       016A0
__end_of___ftge            text21       01F3A
__end_of___ftmul           text9        007FB
__end_of___ftneg           text20       01D7B
__end_of___ftpack          text23       01381
__end_of___ftsub           text18       01E30
__end_of___fttol           text17       008B4
__end_of___lldiv           text16       01296
__end_of___llmod           text15       01172
__end_of___lltoft          text14       01F02
__end_of___lwdiv           text8        02000
__end_of___lwmod           text7        01F74
__end_of___wmul            text13       01E55
__end_of__div_to_l_        text12       0156A
__end_of__initialization   cinit        00018
__end_of__npowers_         strings      0105E
__end_of__powers_          strings      01037
__end_of__stringtab        strings      01010
__end_of__tdiv_to_l_       text11       0143E
__end_of_dpowers           strings      01086
__end_of_fround            text6        00A5D
__end_of_isdigit           text5        010CD
__end_of_main              maintext     01800
__end_of_scale             text2        00D18
__end_of_sprintf           text1_split_1 00716
__initialization           cinit        0000F
__npowers_                 strings      01037
__pbssBANK1                bssBANK1     000A0
__pcstackBANK0             cstackBANK0  00020
__pcstackBANK1             cstackBANK1  000BE
__pcstackCOMMON            cstackCOMMON 00070
__pintentry                intentry     00004
__pmaintext                maintext     016A0
__powers_                  strings      01010
__pstrings                 strings      01000
__ptext1                   text1        00D18
__ptext10                  text10       01DB6
__ptext11                  text11       01381
__ptext12                  text12       0143E
__ptext13                  text13       01E30
__ptext14                  text14       01ECF
__ptext15                  text15       0111C
__ptext16                  text16       0122E
__ptext17                  text17       00828
__ptext18                  text18       01E0B
__ptext19                  text19       0156A
__ptext2                   text2        00A5D
__ptext20                  text20       01D71
__ptext21                  text21       01F02
__ptext22                  text22       01E7B
__ptext23                  text23       012FF
__ptext24                  text24       01EA4
__ptext25                  text25       01D7B
__ptext26                  text26       00800
__ptext27                  text27       01DA2
__ptext28                  text28       007FB
__ptext29                  text29       01F74
__ptext3                   text3        01172
__ptext30                  text30       01DCD
__ptext31                  text31       01E55
__ptext32                  text32       010CD
__ptext33                  text33       01D87
__ptext34                  text34       01DE8
__ptext35                  text35       01D5B
__ptext36                  text36       01D94
__ptext37                  text37       01D61
__ptext38                  text38       011CD
__ptext4                   text4        01296
__ptext5                   text5        010BB
__ptext6                   text6        008B4
__ptext7                   text7        01F3A
__ptext8                   text8        01FBA
__ptext9                   text9        00716
__size_of_ADC_CONFIG       (abs)        00000
__size_of_ISR              (abs)        00000
__size_of_Init_Receive     (abs)        00000
__size_of_Init_Trans       (abs)        00000
__size_of_LCD_Clear        (abs)        00000
__size_of_LCD_Cmd          (abs)        00000
__size_of_LCD_Init         (abs)        00000
__size_of_LCD_Port         (abs)        00000
__size_of_LCD_Set_Cursor   (abs)        00000
__size_of_LCD_Write_Char   (abs)        00000
__size_of_LCD_Write_String (abs)        00000
__size_of_Set_BaudRate     (abs)        00000
__size_of_Setup            (abs)        00000
__size_of_USART_Write      (abs)        00000
__size_of_USART_WriteStr   (abs)        00000
__size_of___awdiv          (abs)        00000
__size_of___awmod          (abs)        00000
__size_of___awtoft         (abs)        00000
__size_of___bmul           (abs)        00000
__size_of___ftadd          (abs)        00000
__size_of___ftge           (abs)        00000
__size_of___ftmul          (abs)        00000
__size_of___ftneg          (abs)        00000
__size_of___ftpack         (abs)        00000
__size_of___ftsub          (abs)        00000
__size_of___fttol          (abs)        00000
__size_of___lldiv          (abs)        00000
__size_of___llmod          (abs)        00000
__size_of___lltoft         (abs)        00000
__size_of___lwdiv          (abs)        00000
__size_of___lwmod          (abs)        00000
__size_of___wmul           (abs)        00000
__size_of__div_to_l_       (abs)        00000
__size_of__tdiv_to_l_      (abs)        00000
__size_of_fround           (abs)        00000
__size_of_isdigit          (abs)        00000
__size_of_main             (abs)        00000
__size_of_scale            (abs)        00000
__size_of_sprintf          (abs)        00000
__stringbase               strings      0100F
__stringtab                strings      01000
__tdiv_to_l_               text11       01381
__tdiv_to_l_@cntr          cstackBANK0  00028
__tdiv_to_l_@exp1          cstackBANK0  00029
__tdiv_to_l_@f1            cstackCOMMON 00074
__tdiv_to_l_@f2            cstackCOMMON 00077
__tdiv_to_l_@quot          cstackBANK0  00024
_adcvar                    bssBANK1     000A9
_adcvar1                   bssBANK1     000A8
_contador                  bssBANK1     000A6
_dpowers                   strings      0105E
_fround                    text6        008B4
_fround$1124               cstackBANK0  0004A
_fround$1125               cstackBANK0  00047
_isdigit                   text5        010BB
_isdigit$933               cstackCOMMON 00074
_main                      maintext     016A0
_receive                   bssBANK1     000A7
_scale                     text2        00A5D
_scale$1126                cstackBANK0  00043
_sprintf                   text1        00D18
_sprintf$1127              cstackBANK1  000BE
btemp                      (abs)        0007E
clear_ram0                 clrtext      01D69
end_of_initialization      cinit        00018
fround@prec                cstackBANK0  0004D
interrupt_function         intentry     00004
intlevel0                  functab      00000
intlevel1                  functab      00000
intlevel2                  functab      00000
intlevel3                  functab      00000
intlevel4                  functab      00000
intlevel5                  functab      00000
isdigit@c                  cstackCOMMON 00075
pnum$text1                 (abs)        0000A
pnum$text1_split_1         (abs)        00032
psplit$0                   (abs)        A0032
reset_vec                  reset_vec    00000
saved_w                    (abs)        0007E
scale@scl                  cstackBANK0  00046
sprintf@ap                 cstackBANK1  000C1
sprintf@c                  cstackBANK1  000D6
sprintf@eexp               cstackBANK1  000CE
sprintf@f                  cstackBANK0  00061
sprintf@flag               cstackBANK1  000C2
sprintf@fval               cstackBANK1  000D0
sprintf@prec               cstackBANK1  000D4
sprintf@sp                 cstackBANK1  000D3
sprintf@tmpval             cstackBANK1  000C6
sprintf@val                cstackBANK1  000CA
sprintf@width              cstackBANK1  000C4
start                      init         0000C
start_initialization       cinit        0000F
wtemp0                     (abs)        0007E


FUNCTION INFORMATION:

 *************** function _main *****************
 Defined at:
		line 115 in file "LAB03.c"
 Parameters:    Size  Location     Type
		None
 Auto vars:     Size  Location     Type
		None
 Return value:  Size  Location     Type
                  1    wreg      void 
 Registers used:
		wreg, fsr0l, fsr0h, status,2, status,0, btemp+1, pclath, cstack
 Tracked objects:
		On entry : 
		On exit  : 
		Unchanged: 
 Data sizes:     COMMON   BANK0   BANK1   BANK3   BANK2
      Params:         0       0       0       0       0
      Locals:         0       0       0       0       0
      Temps:          0       0       3       0       0
      Totals:         0       0       3       0       0
Total ram usage:        3 bytes
 Hardware stack levels required when called:    5
 This function calls:
		_Init_Receive
		_Init_Trans
		_LCD_Clear
		_LCD_Init
		_LCD_Set_Cursor
		_LCD_Write_String
		_Set_BaudRate
		_Setup
		_USART_Write
		_USART_WriteStr
		___awtoft
		___ftmul
		_sprintf
 This function is called by:
		Startup code after reset
 This function uses a non-reentrant model


 *************** function _sprintf *****************
 Defined at:
		line 505 in file "C:\Program Files\Microchip\xc8\v2.31\pic\sources\c90\common\doprnt.c"
 Parameters:    Size  Location     Type
  sp              1    wreg     PTR unsigned char 
		 -> Lcdvar(20), 
  f               1   65[BANK0 ] PTR const unsigned char 
		 -> STR_2(17), 
 Auto vars:     Size  Location     Type
  sp              1   21[BANK1 ] PTR unsigned char 
		 -> Lcdvar(20), 
  val             4   12[BANK1 ] unsigned long 
  tmpval          4    8[BANK1 ] struct .
  fval            3   18[BANK1 ] struct .
  prec            2   22[BANK1 ] int 
  eexp            2   16[BANK1 ] int 
  width           2    6[BANK1 ] int 
  flag            2    4[BANK1 ] unsigned short 
  cp              2    0        PTR const unsigned char 
  len             2    0        unsigned int 
  c               1   24[BANK1 ] unsigned char 
  ap              1    3[BANK1 ] PTR void [1]
		 -> ?_sprintf(2), 
  d               1    0        unsigned char 
 Return value:  Size  Location     Type
                  2   65[BANK0 ] int 
 Registers used:
		wreg, fsr0l, fsr0h, status,2, status,0, btemp+1, pclath, cstack
 Tracked objects:
		On entry : 
		On exit  : 
		Unchanged: 
 Data sizes:     COMMON   BANK0   BANK1   BANK3   BANK2
      Params:         0       9       0       0       0
      Locals:         0       0      25       0       0
      Temps:          0       6       0       0       0
      Totals:         0      15      25       0       0
Total ram usage:       40 bytes
 Hardware stack levels used:    1
 Hardware stack levels required when called:    4
 This function calls:
		___awdiv
		___ftadd
		___ftge
		___ftmul
		___ftneg
		___ftsub
		___fttol
		___lldiv
		___llmod
		___lltoft
		___wmul
		__div_to_l_
		__tdiv_to_l_
		_fround
		_isdigit
		_scale
 This function is called by:
		_main
 This function uses a non-reentrant model


 *************** function _scale *****************
 Defined at:
		line 433 in file "C:\Program Files\Microchip\xc8\v2.31\pic\sources\c90\common\doprnt.c"
 Parameters:    Size  Location     Type
  scl             1    wreg     char 
 Auto vars:     Size  Location     Type
  scl             1   38[BANK0 ] char 
 Return value:  Size  Location     Type
                  3   30[BANK0 ] char 
 Registers used:
		wreg, fsr0l, fsr0h, status,2, status,0, pclath, cstack
 Tracked objects:
		On entry : 
		On exit  : 
		Unchanged: 
 Data sizes:     COMMON   BANK0   BANK1   BANK3   BANK2
      Params:         0       3       0       0       0
      Locals:         0       4       0       0       0
      Temps:          0       2       0       0       0
      Totals:         0       9       0       0       0
Total ram usage:        9 bytes
 Hardware stack levels used:    1
 Hardware stack levels required when called:    3
 This function calls:
		___awdiv
		___awmod
		___bmul
		___ftmul
 This function is called by:
		_sprintf
 This function uses a non-reentrant model


 *************** function ___awmod *****************
 Defined at:
		line 5 in file "C:\Program Files\Microchip\xc8\v2.31\pic\sources\c90\common\awmod.c"
 Parameters:    Size  Location     Type
  divisor         2    4[COMMON] int 
  dividend        2    6[COMMON] int 
 Auto vars:     Size  Location     Type
  sign            1    1[BANK0 ] unsigned char 
  counter         1    0[BANK0 ] unsigned char 
 Return value:  Size  Location     Type
                  2    4[COMMON] int 
 Registers used:
		wreg, status,2, status,0
 Tracked objects:
		On entry : 
		On exit  : 
		Unchanged: 
 Data sizes:     COMMON   BANK0   BANK1   BANK3   BANK2
      Params:         4       0       0       0       0
      Locals:         0       2       0       0       0
      Temps:          1       0       0       0       0
      Totals:         5       2       0       0       0
Total ram usage:        7 bytes
 Hardware stack levels used:    1
 Hardware stack levels required when called:    1
 This function calls:
		Nothing
 This function is called by:
		_scale
 This function uses a non-reentrant model


 *************** function ___awdiv *****************
 Defined at:
		line 5 in file "C:\Program Files\Microchip\xc8\v2.31\pic\sources\c90\common\awdiv.c"
 Parameters:    Size  Location     Type
  divisor         2    2[BANK0 ] int 
  dividend        2    4[BANK0 ] int 
 Auto vars:     Size  Location     Type
  quotient        2    8[BANK0 ] int 
  sign            1    7[BANK0 ] unsigned char 
  counter         1    6[BANK0 ] unsigned char 
 Return value:  Size  Location     Type
                  2    2[BANK0 ] int 
 Registers used:
		wreg, status,2, status,0
 Tracked objects:
		On entry : 
		On exit  : 
		Unchanged: 
 Data sizes:     COMMON   BANK0   BANK1   BANK3   BANK2
      Params:         0       4       0       0       0
      Locals:         0       4       0       0       0
      Temps:          1       0       0       0       0
      Totals:         1       8       0       0       0
Total ram usage:        9 bytes
 Hardware stack levels used:    1
 Hardware stack levels required when called:    1
 This function calls:
		Nothing
 This function is called by:
		_scale
		_sprintf
 This function uses a non-reentrant model


 *************** function _isdigit *****************
 Defined at:
		line 8 in file "C:\Program Files\Microchip\xc8\v2.31\pic\sources\c90\common\isdigit.c"
 Parameters:    Size  Location     Type
  c               1    wreg     unsigned char 
 Auto vars:     Size  Location     Type
  c               1    5[COMMON] unsigned char 
 Return value:  Size  Location     Type
		None               void
 Registers used:
		wreg, status,2, status,0
 Tracked objects:
		On entry : 
		On exit  : 
		Unchanged: 
 Data sizes:     COMMON   BANK0   BANK1   BANK3   BANK2
      Params:         0       0       0       0       0
      Locals:         2       0       0       0       0
      Temps:          0       0       0       0       0
      Totals:         2       0       0       0       0
Total ram usage:        2 bytes
 Hardware stack levels used:    1
 Hardware stack levels required when called:    1
 This function calls:
		Nothing
 This function is called by:
		_sprintf
 This function uses a non-reentrant model


 *************** function _fround *****************
 Defined at:
		line 417 in file "C:\Program Files\Microchip\xc8\v2.31\pic\sources\c90\common\doprnt.c"
 Parameters:    Size  Location     Type
  prec            1    wreg     unsigned char 
 Auto vars:     Size  Location     Type
  prec            1   45[BANK0 ] unsigned char 
 Return value:  Size  Location     Type
                  3   30[BANK0 ] unsigned char 
 Registers used:
		wreg, fsr0l, fsr0h, status,2, status,0, pclath, cstack
 Tracked objects:
		On entry : 
		On exit  : 
		Unchanged: 
 Data sizes:     COMMON   BANK0   BANK1   BANK3   BANK2
      Params:         0       3       0       0       0
      Locals:         0       7       0       0       0
      Temps:          0       6       0       0       0
      Totals:         0      16       0       0       0
Total ram usage:       16 bytes
 Hardware stack levels used:    1
 Hardware stack levels required when called:    3
 This function calls:
		___bmul
		___ftmul
		___lwdiv
		___lwmod
 This function is called by:
		_sprintf
 This function uses a non-reentrant model


 *************** function ___lwmod *****************
 Defined at:
		line 5 in file "C:\Program Files\Microchip\xc8\v2.31\pic\sources\c90\common\lwmod.c"
 Parameters:    Size  Location     Type
  divisor         2    4[COMMON] unsigned int 
  dividend        2    6[COMMON] unsigned int 
 Auto vars:     Size  Location     Type
  counter         1    9[COMMON] unsigned char 
 Return value:  Size  Location     Type
                  2    4[COMMON] unsigned int 
 Registers used:
		wreg, status,2, status,0
 Tracked objects:
		On entry : 
		On exit  : 
		Unchanged: 
 Data sizes:     COMMON   BANK0   BANK1   BANK3   BANK2
      Params:         4       0       0       0       0
      Locals:         1       0       0       0       0
      Temps:          1       0       0       0       0
      Totals:         6       0       0       0       0
Total ram usage:        6 bytes
 Hardware stack levels used:    1
 Hardware stack levels required when called:    1
 This function calls:
		Nothing
 This function is called by:
		_fround
 This function uses a non-reentrant model


 *************** function ___lwdiv *****************
 Defined at:
		line 5 in file "C:\Program Files\Microchip\xc8\v2.31\pic\sources\c90\common\lwdiv.c"
 Parameters:    Size  Location     Type
  divisor         2    0[BANK0 ] unsigned int 
  dividend        2    2[BANK0 ] unsigned int 
 Auto vars:     Size  Location     Type
  quotient        2    5[BANK0 ] unsigned int 
  counter         1    7[BANK0 ] unsigned char 
 Return value:  Size  Location     Type
                  2    0[BANK0 ] unsigned int 
 Registers used:
		wreg, status,2, status,0
 Tracked objects:
		On entry : 
		On exit  : 
		Unchanged: 
 Data sizes:     COMMON   BANK0   BANK1   BANK3   BANK2
      Params:         0       4       0       0       0
      Locals:         0       3       0       0       0
      Temps:          0       1       0       0       0
      Totals:         0       8       0       0       0
Total ram usage:        8 bytes
 Hardware stack levels used:    1
 Hardware stack levels required when called:    1
 This function calls:
		Nothing
 This function is called by:
		_fround
 This function uses a non-reentrant model


 *************** function ___ftmul *****************
 Defined at:
		line 62 in file "C:\Program Files\Microchip\xc8\v2.31\pic\sources\c90\common\ftmul.c"
 Parameters:    Size  Location     Type
  f1              3   14[BANK0 ] float 
  f2              3   17[BANK0 ] float 
 Auto vars:     Size  Location     Type
  f3_as_produc    3   25[BANK0 ] unsigned um
  sign            1   29[BANK0 ] unsigned char 
  cntr            1   28[BANK0 ] unsigned char 
  exp             1   24[BANK0 ] unsigned char 
 Return value:  Size  Location     Type
                  3   14[BANK0 ] float 
 Registers used:
		wreg, status,2, status,0, pclath, cstack
 Tracked objects:
		On entry : 
		On exit  : 
		Unchanged: 
 Data sizes:     COMMON   BANK0   BANK1   BANK3   BANK2
      Params:         0       6       0       0       0
      Locals:         0       6       0       0       0
      Temps:          0       4       0       0       0
      Totals:         0      16       0       0       0
Total ram usage:       16 bytes
 Hardware stack levels used:    1
 Hardware stack levels required when called:    2
 This function calls:
		___ftpack
 This function is called by:
		_main
		_fround
		_scale
		_sprintf
 This function uses a non-reentrant model


 *************** function ___bmul *****************
 Defined at:
		line 4 in file "C:\Program Files\Microchip\xc8\v2.31\pic\sources\c90\common\Umul8.c"
 Parameters:    Size  Location     Type
  multiplier      1    wreg     unsigned char 
  multiplicand    1   10[BANK0 ] unsigned char 
 Auto vars:     Size  Location     Type
  multiplier      1   13[BANK0 ] unsigned char 
  product         1   12[BANK0 ] unsigned char 
 Return value:  Size  Location     Type
                  1    wreg      unsigned char 
 Registers used:
		wreg, status,2, status,0
 Tracked objects:
		On entry : 
		On exit  : 
		Unchanged: 
 Data sizes:     COMMON   BANK0   BANK1   BANK3   BANK2
      Params:         0       1       0       0       0
      Locals:         0       2       0       0       0
      Temps:          0       1       0       0       0
      Totals:         0       4       0       0       0
Total ram usage:        4 bytes
 Hardware stack levels used:    1
 Hardware stack levels required when called:    1
 This function calls:
		Nothing
 This function is called by:
		_fround
		_scale
 This function uses a non-reentrant model


 *************** function __tdiv_to_l_ *****************
 Defined at:
		line 60 in file "C:\Program Files\Microchip\xc8\v2.31\pic\sources\c90\common\ftdivl.c"
 Parameters:    Size  Location     Type
  f1              3    4[COMMON] float 
  f2              3    7[COMMON] float 
 Auto vars:     Size  Location     Type
  quot            4    4[BANK0 ] unsigned long 
  exp1            1    9[BANK0 ] unsigned char 
  cntr            1    8[BANK0 ] unsigned char 
 Return value:  Size  Location     Type
                  4    4[COMMON] unsigned long 
 Registers used:
		wreg, status,2, status,0
 Tracked objects:
		On entry : 
		On exit  : 
		Unchanged: 
 Data sizes:     COMMON   BANK0   BANK1   BANK3   BANK2
      Params:         6       0       0       0       0
      Locals:         0       6       0       0       0
      Temps:          0       4       0       0       0
      Totals:         6      10       0       0       0
Total ram usage:       16 bytes
 Hardware stack levels used:    1
 Hardware stack levels required when called:    1
 This function calls:
		Nothing
 This function is called by:
		_sprintf
 This function uses a non-reentrant model


 *************** function __div_to_l_ *****************
 Defined at:
		line 60 in file "C:\Program Files\Microchip\xc8\v2.31\pic\sources\c90\common\fldivl.c"
 Parameters:    Size  Location     Type
  f1              3    4[COMMON] unsigned long 
  f2              3    7[COMMON] unsigned long 
 Auto vars:     Size  Location     Type
  quot            4    8[BANK0 ] unsigned long 
  exp1            1   13[BANK0 ] unsigned char 
  cntr            1   12[BANK0 ] unsigned char 
 Return value:  Size  Location     Type
                  4    4[COMMON] unsigned long 
 Registers used:
		wreg, fsr0l, fsr0h, status,2, status,0
 Tracked objects:
		On entry : 
		On exit  : 
		Unchanged: 
 Data sizes:     COMMON   BANK0   BANK1   BANK3   BANK2
      Params:         6       0       0       0       0
      Locals:         0       6       0       0       0
      Temps:          0       8       0       0       0
      Totals:         6      14       0       0       0
Total ram usage:       20 bytes
 Hardware stack levels used:    1
 Hardware stack levels required when called:    1
 This function calls:
		Nothing
 This function is called by:
		_sprintf
 This function uses a non-reentrant model


 *************** function ___wmul *****************
 Defined at:
		line 15 in file "C:\Program Files\Microchip\xc8\v2.31\pic\sources\c90\common\Umul16.c"
 Parameters:    Size  Location     Type
  multiplier      2    4[COMMON] unsigned int 
  multiplicand    2    6[COMMON] unsigned int 
 Auto vars:     Size  Location     Type
  product         2    8[COMMON] unsigned int 
 Return value:  Size  Location     Type
                  2    4[COMMON] unsigned int 
 Registers used:
		wreg, status,2, status,0
 Tracked objects:
		On entry : 
		On exit  : 
		Unchanged: 
 Data sizes:     COMMON   BANK0   BANK1   BANK3   BANK2
      Params:         4       0       0       0       0
      Locals:         2       0       0       0       0
      Temps:          0       0       0       0       0
      Totals:         6       0       0       0       0
Total ram usage:        6 bytes
 Hardware stack levels used:    1
 Hardware stack levels required when called:    1
 This function calls:
		Nothing
 This function is called by:
		_sprintf
 This function uses a non-reentrant model


 *************** function ___lltoft *****************
 Defined at:
		line 35 in file "C:\Program Files\Microchip\xc8\v2.31\pic\sources\c90\common\lltoft.c"
 Parameters:    Size  Location     Type
  c               4    3[BANK0 ] unsigned long 
 Auto vars:     Size  Location     Type
  exp             1    7[BANK0 ] unsigned char 
 Return value:  Size  Location     Type
                  3    3[BANK0 ] float 
 Registers used:
		wreg, status,2, status,0, pclath, cstack
 Tracked objects:
		On entry : 
		On exit  : 
		Unchanged: 
 Data sizes:     COMMON   BANK0   BANK1   BANK3   BANK2
      Params:         0       4       0       0       0
      Locals:         0       1       0       0       0
      Temps:          1       0       0       0       0
      Totals:         1       5       0       0       0
Total ram usage:        6 bytes
 Hardware stack levels used:    1
 Hardware stack levels required when called:    2
 This function calls:
		___ftpack
 This function is called by:
		_sprintf
 This function uses a non-reentrant model


 *************** function ___llmod *****************
 Defined at:
		line 5 in file "C:\Program Files\Microchip\xc8\v2.31\pic\sources\c90\common\llmod.c"
 Parameters:    Size  Location     Type
  divisor         4    8[BANK0 ] unsigned long 
  dividend        4   12[BANK0 ] unsigned long 
 Auto vars:     Size  Location     Type
  counter         1   17[BANK0 ] unsigned char 
 Return value:  Size  Location     Type
                  4    8[BANK0 ] unsigned long 
 Registers used:
		wreg, status,2, status,0
 Tracked objects:
		On entry : 
		On exit  : 
		Unchanged: 
 Data sizes:     COMMON   BANK0   BANK1   BANK3   BANK2
      Params:         0       8       0       0       0
      Locals:         0       1       0       0       0
      Temps:          0       1       0       0       0
      Totals:         0      10       0       0       0
Total ram usage:       10 bytes
 Hardware stack levels used:    1
 Hardware stack levels required when called:    1
 This function calls:
		Nothing
 This function is called by:
		_sprintf
 This function uses a non-reentrant model


 *************** function ___lldiv *****************
 Defined at:
		line 5 in file "C:\Program Files\Microchip\xc8\v2.31\pic\sources\c90\common\__lldiv.c"
 Parameters:    Size  Location     Type
  divisor         4    0[BANK0 ] unsigned long 
  dividend        4    4[BANK0 ] unsigned long 
 Auto vars:     Size  Location     Type
  quotient        4    5[COMMON] unsigned long 
  counter         1    9[COMMON] unsigned char 
 Return value:  Size  Location     Type
                  4    0[BANK0 ] unsigned long 
 Registers used:
		wreg, status,2, status,0
 Tracked objects:
		On entry : 
		On exit  : 
		Unchanged: 
 Data sizes:     COMMON   BANK0   BANK1   BANK3   BANK2
      Params:         0       8       0       0       0
      Locals:         5       0       0       0       0
      Temps:          1       0       0       0       0
      Totals:         6       8       0       0       0
Total ram usage:       14 bytes
 Hardware stack levels used:    1
 Hardware stack levels required when called:    1
 This function calls:
		Nothing
 This function is called by:
		_sprintf
 This function uses a non-reentrant model


 *************** function ___fttol *****************
 Defined at:
		line 44 in file "C:\Program Files\Microchip\xc8\v2.31\pic\sources\c90\common\fttol.c"
 Parameters:    Size  Location     Type
  f1              3   39[BANK0 ] float 
 Auto vars:     Size  Location     Type
  lval            4   48[BANK0 ] unsigned long 
  exp1            1   52[BANK0 ] unsigned char 
  sign1           1   47[BANK0 ] unsigned char 
 Return value:  Size  Location     Type
                  4   39[BANK0 ] long 
 Registers used:
		wreg, status,2, status,0
 Tracked objects:
		On entry : 
		On exit  : 
		Unchanged: 
 Data sizes:     COMMON   BANK0   BANK1   BANK3   BANK2
      Params:         0       4       0       0       0
      Locals:         0       6       0       0       0
      Temps:          0       4       0       0       0
      Totals:         0      14       0       0       0
Total ram usage:       14 bytes
 Hardware stack levels used:    1
 Hardware stack levels required when called:    1
 This function calls:
		Nothing
 This function is called by:
		_sprintf
 This function uses a non-reentrant model


 *************** function ___ftsub *****************
 Defined at:
		line 17 in file "C:\Program Files\Microchip\xc8\v2.31\pic\sources\c90\common\ftsub.c"
 Parameters:    Size  Location     Type
  f2              3   59[BANK0 ] float 
  f1              3   62[BANK0 ] float 
 Auto vars:     Size  Location     Type
		None
 Return value:  Size  Location     Type
                  3   59[BANK0 ] float 
 Registers used:
		wreg, status,2, status,0, pclath, cstack
 Tracked objects:
		On entry : 
		On exit  : 
		Unchanged: 
 Data sizes:     COMMON   BANK0   BANK1   BANK3   BANK2
      Params:         0       6       0       0       0
      Locals:         0       0       0       0       0
      Temps:          0       0       0       0       0
      Totals:         0       6       0       0       0
Total ram usage:        6 bytes
 Hardware stack levels used:    1
 Hardware stack levels required when called:    3
 This function calls:
		___ftadd
 This function is called by:
		_sprintf
 This function uses a non-reentrant model


 *************** function ___ftadd *****************
 Defined at:
		line 86 in file "C:\Program Files\Microchip\xc8\v2.31\pic\sources\c90\common\ftadd.c"
 Parameters:    Size  Location     Type
  f1              3   46[BANK0 ] float 
  f2              3   49[BANK0 ] float 
 Auto vars:     Size  Location     Type
  exp1            1   58[BANK0 ] unsigned char 
  exp2            1   57[BANK0 ] unsigned char 
  sign            1   56[BANK0 ] unsigned char 
 Return value:  Size  Location     Type
                  3   46[BANK0 ] float 
 Registers used:
		wreg, status,2, status,0, pclath, cstack
 Tracked objects:
		On entry : 
		On exit  : 
		Unchanged: 
 Data sizes:     COMMON   BANK0   BANK1   BANK3   BANK2
      Params:         0       6       0       0       0
      Locals:         0       3       0       0       0
      Temps:          0       4       0       0       0
      Totals:         0      13       0       0       0
Total ram usage:       13 bytes
 Hardware stack levels used:    1
 Hardware stack levels required when called:    2
 This function calls:
		___ftpack
 This function is called by:
		_sprintf
		___ftsub
 This function uses a non-reentrant model


 *************** function ___ftneg *****************
 Defined at:
		line 15 in file "C:\Program Files\Microchip\xc8\v2.31\pic\sources\c90\common\ftneg.c"
 Parameters:    Size  Location     Type
  f1              3    4[COMMON] float 
 Auto vars:     Size  Location     Type
		None
 Return value:  Size  Location     Type
                  3    4[COMMON] float 
 Registers used:
		wreg
 Tracked objects:
		On entry : 
		On exit  : 
		Unchanged: 
 Data sizes:     COMMON   BANK0   BANK1   BANK3   BANK2
      Params:         3       0       0       0       0
      Locals:         0       0       0       0       0
      Temps:          0       0       0       0       0
      Totals:         3       0       0       0       0
Total ram usage:        3 bytes
 Hardware stack levels used:    1
 Hardware stack levels required when called:    1
 This function calls:
		Nothing
 This function is called by:
		_sprintf
 This function uses a non-reentrant model


 *************** function ___ftge *****************
 Defined at:
		line 4 in file "C:\Program Files\Microchip\xc8\v2.31\pic\sources\c90\common\ftge.c"
 Parameters:    Size  Location     Type
  ff1             3    4[COMMON] float 
  ff2             3    7[COMMON] float 
 Auto vars:     Size  Location     Type
		None
 Return value:  Size  Location     Type
		None               void
 Registers used:
		wreg, status,2, status,0
 Tracked objects:
		On entry : 
		On exit  : 
		Unchanged: 
 Data sizes:     COMMON   BANK0   BANK1   BANK3   BANK2
      Params:         6       0       0       0       0
      Locals:         0       0       0       0       0
      Temps:          0       0       0       0       0
      Totals:         6       0       0       0       0
Total ram usage:        6 bytes
 Hardware stack levels used:    1
 Hardware stack levels required when called:    1
 This function calls:
		Nothing
 This function is called by:
		_sprintf
 This function uses a non-reentrant model


 *************** function ___awtoft *****************
 Defined at:
		line 32 in file "C:\Program Files\Microchip\xc8\v2.31\pic\sources\c90\common\awtoft.c"
 Parameters:    Size  Location     Type
  c               2    3[BANK0 ] int 
 Auto vars:     Size  Location     Type
  sign            1    9[COMMON] unsigned char 
 Return value:  Size  Location     Type
                  3    3[BANK0 ] float 
 Registers used:
		wreg, status,2, status,0, pclath, cstack
 Tracked objects:
		On entry : 
		On exit  : 
		Unchanged: 
 Data sizes:     COMMON   BANK0   BANK1   BANK3   BANK2
      Params:         0       3       0       0       0
      Locals:         1       0       0       0       0
      Temps:          0       2       0       0       0
      Totals:         1       5       0       0       0
Total ram usage:        6 bytes
 Hardware stack levels used:    1
 Hardware stack levels required when called:    2
 This function calls:
		___ftpack
 This function is called by:
		_main
 This function uses a non-reentrant model


 *************** function ___ftpack *****************
 Defined at:
		line 62 in file "C:\Program Files\Microchip\xc8\v2.31\pic\sources\c90\common\float.c"
 Parameters:    Size  Location     Type
  arg             3    4[COMMON] unsigned um
  exp             1    7[COMMON] unsigned char 
  sign            1    8[COMMON] unsigned char 
 Auto vars:     Size  Location     Type
		None
 Return value:  Size  Location     Type
                  3    4[COMMON] float 
 Registers used:
		wreg, status,2, status,0
 Tracked objects:
		On entry : 
		On exit  : 
		Unchanged: 
 Data sizes:     COMMON   BANK0   BANK1   BANK3   BANK2
      Params:         5       0       0       0       0
      Locals:         0       0       0       0       0
      Temps:          0       3       0       0       0
      Totals:         5       3       0       0       0
Total ram usage:        8 bytes
 Hardware stack levels used:    1
 Hardware stack levels required when called:    1
 This function calls:
		Nothing
 This function is called by:
		___awtoft
		___ftadd
		___ftmul
		___lltoft
 This function uses a non-reentrant model


 *************** function _USART_WriteStr *****************
 Defined at:
		line 38 in file "USART.c"
 Parameters:    Size  Location     Type
  a               2    5[COMMON] PTR unsigned char 
		 -> Lcdvar(20), STR_1(19), 
 Auto vars:     Size  Location     Type
  i               1    8[COMMON] unsigned char 
 Return value:  Size  Location     Type
                  1    wreg      void 
 Registers used:
		wreg, fsr0l, fsr0h, status,2, status,0, btemp+1, pclath, cstack
 Tracked objects:
		On entry : 
		On exit  : 
		Unchanged: 
 Data sizes:     COMMON   BANK0   BANK1   BANK3   BANK2
      Params:         2       0       0       0       0
      Locals:         1       0       0       0       0
      Temps:          1       0       0       0       0
      Totals:         4       0       0       0       0
Total ram usage:        4 bytes
 Hardware stack levels used:    1
 Hardware stack levels required when called:    2
 This function calls:
		_USART_Write
 This function is called by:
		_main
 This function uses a non-reentrant model


 *************** function _USART_Write *****************
 Defined at:
		line 33 in file "USART.c"
 Parameters:    Size  Location     Type
  a               1    wreg     unsigned char 
 Auto vars:     Size  Location     Type
  a               1    4[COMMON] unsigned char 
 Return value:  Size  Location     Type
                  1    wreg      void 
 Registers used:
		wreg
 Tracked objects:
		On entry : 
		On exit  : 
		Unchanged: 
 Data sizes:     COMMON   BANK0   BANK1   BANK3   BANK2
      Params:         0       0       0       0       0
      Locals:         1       0       0       0       0
      Temps:          0       0       0       0       0
      Totals:         1       0       0       0       0
Total ram usage:        1 bytes
 Hardware stack levels used:    1
 Hardware stack levels required when called:    1
 This function calls:
		Nothing
 This function is called by:
		_main
		_USART_WriteStr
 This function uses a non-reentrant model


 *************** function _Setup *****************
 Defined at:
		line 68 in file "LAB03.c"
 Parameters:    Size  Location     Type
		None
 Auto vars:     Size  Location     Type
		None
 Return value:  Size  Location     Type
                  1    wreg      void 
 Registers used:
		wreg, status,2, status,0, pclath, cstack
 Tracked objects:
		On entry : 
		On exit  : 
		Unchanged: 
 Data sizes:     COMMON   BANK0   BANK1   BANK3   BANK2
      Params:         0       0       0       0       0
      Locals:         0       0       0       0       0
      Temps:          0       0       0       0       0
      Totals:         0       0       0       0       0
Total ram usage:        0 bytes
 Hardware stack levels used:    1
 Hardware stack levels required when called:    2
 This function calls:
		_ADC_CONFIG
 This function is called by:
		_main
 This function uses a non-reentrant model


 *************** function _ADC_CONFIG *****************
 Defined at:
		line 10 in file "LIB_ADC.c"
 Parameters:    Size  Location     Type
		None
 Auto vars:     Size  Location     Type
		None
 Return value:  Size  Location     Type
                  1    wreg      void 
 Registers used:
		wreg, status,2, status,0
 Tracked objects:
		On entry : 
		On exit  : 
		Unchanged: 
 Data sizes:     COMMON   BANK0   BANK1   BANK3   BANK2
      Params:         0       0       0       0       0
      Locals:         0       0       0       0       0
      Temps:          0       0       0       0       0
      Totals:         0       0       0       0       0
Total ram usage:        0 bytes
 Hardware stack levels used:    1
 Hardware stack levels required when called:    1
 This function calls:
		Nothing
 This function is called by:
		_Setup
 This function uses a non-reentrant model


 *************** function _Set_BaudRate *****************
 Defined at:
		line 13 in file "USART.c"
 Parameters:    Size  Location     Type
		None
 Auto vars:     Size  Location     Type
		None
 Return value:  Size  Location     Type
                  1    wreg      void 
 Registers used:
		wreg
 Tracked objects:
		On entry : 
		On exit  : 
		Unchanged: 
 Data sizes:     COMMON   BANK0   BANK1   BANK3   BANK2
      Params:         0       0       0       0       0
      Locals:         0       0       0       0       0
      Temps:          0       0       0       0       0
      Totals:         0       0       0       0       0
Total ram usage:        0 bytes
 Hardware stack levels used:    1
 Hardware stack levels required when called:    1
 This function calls:
		Nothing
 This function is called by:
		_main
 This function uses a non-reentrant model


 *************** function _LCD_Write_String *****************
 Defined at:
		line 67 in file "LCD.c"
 Parameters:    Size  Location     Type
  a               2    7[COMMON] PTR unsigned char 
		 -> STR_3(16), Lcdvar(20), 
 Auto vars:     Size  Location     Type
  i               2    3[BANK0 ] int 
 Return value:  Size  Location     Type
                  1    wreg      void 
 Registers used:
		wreg, fsr0l, fsr0h, status,2, status,0, btemp+1, pclath, cstack
 Tracked objects:
		On entry : 
		On exit  : 
		Unchanged: 
 Data sizes:     COMMON   BANK0   BANK1   BANK3   BANK2
      Params:         2       0       0       0       0
      Locals:         0       2       0       0       0
      Temps:          0       3       0       0       0
      Totals:         2       5       0       0       0
Total ram usage:        7 bytes
 Hardware stack levels used:    1
 Hardware stack levels required when called:    3
 This function calls:
		_LCD_Write_Char
 This function is called by:
		_main
 This function uses a non-reentrant model


 *************** function _LCD_Write_Char *****************
 Defined at:
		line 30 in file "LCD.c"
 Parameters:    Size  Location     Type
  a               1    wreg     unsigned char 
 Auto vars:     Size  Location     Type
  a               1    6[COMMON] unsigned char 
 Return value:  Size  Location     Type
                  1    wreg      void 
 Registers used:
		wreg, status,2, status,0, pclath, cstack
 Tracked objects:
		On entry : 
		On exit  : 
		Unchanged: 
 Data sizes:     COMMON   BANK0   BANK1   BANK3   BANK2
      Params:         0       0       0       0       0
      Locals:         1       0       0       0       0
      Temps:          1       0       0       0       0
      Totals:         2       0       0       0       0
Total ram usage:        2 bytes
 Hardware stack levels used:    1
 Hardware stack levels required when called:    2
 This function calls:
		_LCD_Port
 This function is called by:
		_LCD_Write_String
 This function uses a non-reentrant model


 *************** function _LCD_Set_Cursor *****************
 Defined at:
		line 53 in file "LCD.c"
 Parameters:    Size  Location     Type
  x               1    wreg     unsigned char 
  y               1    8[COMMON] unsigned char 
 Auto vars:     Size  Location     Type
  x               1    0[BANK0 ] unsigned char 
  a               1    1[BANK0 ] unsigned char 
 Return value:  Size  Location     Type
                  1    wreg      void 
 Registers used:
		wreg, status,2, status,0, pclath, cstack
 Tracked objects:
		On entry : 
		On exit  : 
		Unchanged: 
 Data sizes:     COMMON   BANK0   BANK1   BANK3   BANK2
      Params:         1       0       0       0       0
      Locals:         0       2       0       0       0
      Temps:          1       0       0       0       0
      Totals:         2       2       0       0       0
Total ram usage:        4 bytes
 Hardware stack levels used:    1
 Hardware stack levels required when called:    3
 This function calls:
		_LCD_Cmd
 This function is called by:
		_main
 This function uses a non-reentrant model


 *************** function _LCD_Init *****************
 Defined at:
		line 10 in file "LCD.c"
 Parameters:    Size  Location     Type
		None
 Auto vars:     Size  Location     Type
		None
 Return value:  Size  Location     Type
                  1    wreg      void 
 Registers used:
		wreg, status,2, status,0, pclath, cstack
 Tracked objects:
		On entry : 
		On exit  : 
		Unchanged: 
 Data sizes:     COMMON   BANK0   BANK1   BANK3   BANK2
      Params:         0       0       0       0       0
      Locals:         0       0       0       0       0
      Temps:          2       0       0       0       0
      Totals:         2       0       0       0       0
Total ram usage:        2 bytes
 Hardware stack levels used:    1
 Hardware stack levels required when called:    3
 This function calls:
		_LCD_Cmd
		_LCD_Port
 This function is called by:
		_main
 This function uses a non-reentrant model


 *************** function _LCD_Clear *****************
 Defined at:
		line 48 in file "LCD.c"
 Parameters:    Size  Location     Type
		None
 Auto vars:     Size  Location     Type
		None
 Return value:  Size  Location     Type
                  1    wreg      void 
 Registers used:
		wreg, status,2, status,0, pclath, cstack
 Tracked objects:
		On entry : 
		On exit  : 
		Unchanged: 
 Data sizes:     COMMON   BANK0   BANK1   BANK3   BANK2
      Params:         0       0       0       0       0
      Locals:         0       0       0       0       0
      Temps:          0       0       0       0       0
      Totals:         0       0       0       0       0
Total ram usage:        0 bytes
 Hardware stack levels used:    1
 Hardware stack levels required when called:    3
 This function calls:
		_LCD_Cmd
 This function is called by:
		_main
 This function uses a non-reentrant model


 *************** function _LCD_Cmd *****************
 Defined at:
		line 39 in file "LCD.c"
 Parameters:    Size  Location     Type
  a               1    wreg     unsigned char 
 Auto vars:     Size  Location     Type
  a               1    7[COMMON] unsigned char 
 Return value:  Size  Location     Type
                  1    wreg      void 
 Registers used:
		wreg, status,2, status,0, pclath, cstack
 Tracked objects:
		On entry : 
		On exit  : 
		Unchanged: 
 Data sizes:     COMMON   BANK0   BANK1   BANK3   BANK2
      Params:         0       0       0       0       0
      Locals:         1       0       0       0       0
      Temps:          2       0       0       0       0
      Totals:         3       0       0       0       0
Total ram usage:        3 bytes
 Hardware stack levels used:    1
 Hardware stack levels required when called:    2
 This function calls:
		_LCD_Port
 This function is called by:
		_LCD_Init
		_LCD_Clear
		_LCD_Set_Cursor
 This function uses a non-reentrant model


 *************** function _LCD_Port *****************
 Defined at:
		line 26 in file "LCD.c"
 Parameters:    Size  Location     Type
  a               1    wreg     unsigned char 
 Auto vars:     Size  Location     Type
  a               1    4[COMMON] unsigned char 
 Return value:  Size  Location     Type
                  1    wreg      void 
 Registers used:
		wreg
 Tracked objects:
		On entry : 
		On exit  : 
		Unchanged: 
 Data sizes:     COMMON   BANK0   BANK1   BANK3   BANK2
      Params:         0       0       0       0       0
      Locals:         1       0       0       0       0
      Temps:          0       0       0       0       0
      Totals:         1       0       0       0       0
Total ram usage:        1 bytes
 Hardware stack levels used:    1
 Hardware stack levels required when called:    1
 This function calls:
		Nothing
 This function is called by:
		_LCD_Init
		_LCD_Write_Char
		_LCD_Cmd
 This function uses a non-reentrant model


 *************** function _Init_Trans *****************
 Defined at:
		line 17 in file "USART.c"
 Parameters:    Size  Location     Type
		None
 Auto vars:     Size  Location     Type
		None
 Return value:  Size  Location     Type
                  1    wreg      void 
 Registers used:
		None
 Tracked objects:
		On entry : 
		On exit  : 
		Unchanged: 
 Data sizes:     COMMON   BANK0   BANK1   BANK3   BANK2
      Params:         0       0       0       0       0
      Locals:         0       0       0       0       0
      Temps:          0       0       0       0       0
      Totals:         0       0       0       0       0
Total ram usage:        0 bytes
 Hardware stack levels used:    1
 Hardware stack levels required when called:    1
 This function calls:
		Nothing
 This function is called by:
		_main
 This function uses a non-reentrant model


 *************** function _Init_Receive *****************
 Defined at:
		line 27 in file "USART.c"
 Parameters:    Size  Location     Type
		None
 Auto vars:     Size  Location     Type
		None
 Return value:  Size  Location     Type
                  1    wreg      void 
 Registers used:
		None
 Tracked objects:
		On entry : 
		On exit  : 
		Unchanged: 
 Data sizes:     COMMON   BANK0   BANK1   BANK3   BANK2
      Params:         0       0       0       0       0
      Locals:         0       0       0       0       0
      Temps:          0       0       0       0       0
      Totals:         0       0       0       0       0
Total ram usage:        0 bytes
 Hardware stack levels used:    1
 Hardware stack levels required when called:    1
 This function calls:
		Nothing
 This function is called by:
		_main
 This function uses a non-reentrant model


 *************** function _ISR *****************
 Defined at:
		line 94 in file "LAB03.c"
 Parameters:    Size  Location     Type
		None
 Auto vars:     Size  Location     Type
		None
 Return value:  Size  Location     Type
                  1    wreg      void 
 Registers used:
		wreg, status,2, status,0
 Tracked objects:
		On entry : 
		On exit  : 
		Unchanged: 
 Data sizes:     COMMON   BANK0   BANK1   BANK3   BANK2
      Params:         0       0       0       0       0
      Locals:         0       0       0       0       0
      Temps:          4       0       0       0       0
      Totals:         4       0       0       0       0
Total ram usage:        4 bytes
 Hardware stack levels used:    1
 This function calls:
		Nothing
 This function is called by:
		Interrupt level 1
 This function uses a non-reentrant model



MODULE INFORMATION

Module		Function		Class		Link	Load	Size
USART.c
		_Init_Trans    		CODE           	1D94	0000	14
		_Set_BaudRate  		CODE           	07FB	0000	5
		_USART_Write   		CODE           	1D7B	0000	12
		_Init_Receive  		CODE           	1D61	0000	8
		_USART_WriteStr		CODE           	1EA4	0000	43

USART.c estimated size: 82

C:\Program Files\Microchip\xc8\v2.31\pic\sources\c90\common\__lldiv.c
		___lldiv       		CODE           	122E	0000	104

C:\Program Files\Microchip\xc8\v2.31\pic\sources\c90\common\__lldiv.c estimated size: 104

C:\Program Files\Microchip\xc8\v2.31\pic\sources\c90\common\ftneg.c
		___ftneg       		CODE           	1D71	0000	10

C:\Program Files\Microchip\xc8\v2.31\pic\sources\c90\common\ftneg.c estimated size: 10

LIB_ADC.c
		_ADC_CONFIG    		CODE           	1DA2	0000	20

LIB_ADC.c estimated size: 20

C:\Program Files\Microchip\xc8\v2.31\pic\sources\c90\common\doprnt.c
		_scale         		CODE           	0A5D	0000	699
		_sprintf       		CODE           	0D18	0000	2530
		_fround        		CODE           	08B4	0000	425

C:\Program Files\Microchip\xc8\v2.31\pic\sources\c90\common\doprnt.c estimated size: 3654

C:\Program Files\Microchip\xc8\v2.31\pic\sources\c90\common\ftsub.c
		___ftsub       		CODE           	1E0B	0000	37

C:\Program Files\Microchip\xc8\v2.31\pic\sources\c90\common\ftsub.c estimated size: 37

C:\Program Files\Microchip\xc8\v2.31\pic\sources\c90\common\float.c
		___ftpack      		CODE           	12FF	0000	130

C:\Program Files\Microchip\xc8\v2.31\pic\sources\c90\common\float.c estimated size: 130

C:\Program Files\Microchip\xc8\v2.31\pic\sources\c90\common\ftdivl.c
		__tdiv_to_l_   		CODE           	1381	0000	189

C:\Program Files\Microchip\xc8\v2.31\pic\sources\c90\common\ftdivl.c estimated size: 189

C:\Program Files\Microchip\xc8\v2.31\pic\sources\c90\common\ftge.c
		___ftge        		CODE           	1F02	0000	56

C:\Program Files\Microchip\xc8\v2.31\pic\sources\c90\common\ftge.c estimated size: 56

C:\Program Files\Microchip\xc8\v2.31\pic\sources\c90\common\lwmod.c
		___lwmod       		CODE           	1F3A	0000	58

C:\Program Files\Microchip\xc8\v2.31\pic\sources\c90\common\lwmod.c estimated size: 58

C:\Program Files\Microchip\xc8\v2.31\pic\sources\c90\common\awmod.c
		___awmod       		CODE           	1172	0000	91

C:\Program Files\Microchip\xc8\v2.31\pic\sources\c90\common\awmod.c estimated size: 91

C:\Program Files\Microchip\xc8\v2.31\pic\sources\c90\common\Umul16.c
		___wmul        		CODE           	1E30	0000	37

C:\Program Files\Microchip\xc8\v2.31\pic\sources\c90\common\Umul16.c estimated size: 37

C:\Program Files\Microchip\xc8\v2.31\pic\sources\c90\common\llmod.c
		___llmod       		CODE           	111C	0000	86

C:\Program Files\Microchip\xc8\v2.31\pic\sources\c90\common\llmod.c estimated size: 86

C:\Program Files\Microchip\xc8\v2.31\pic\sources\c90\common\isdigit.c
		_isdigit       		CODE           	10BB	0000	18

C:\Program Files\Microchip\xc8\v2.31\pic\sources\c90\common\isdigit.c estimated size: 18

C:\Program Files\Microchip\xc8\v2.31\pic\sources\c90\common\ftmul.c
		___ftmul       		CODE           	0716	0000	229

C:\Program Files\Microchip\xc8\v2.31\pic\sources\c90\common\ftmul.c estimated size: 229

C:\Program Files\Microchip\xc8\v2.31\pic\sources\c90\common\fldivl.c
		__div_to_l_    		CODE           	143E	0000	300

C:\Program Files\Microchip\xc8\v2.31\pic\sources\c90\common\fldivl.c estimated size: 300

C:\Program Files\Microchip\xc8\v2.31\pic\sources\c90\common\lwdiv.c
		___lwdiv       		CODE           	1FBA	0000	70

C:\Program Files\Microchip\xc8\v2.31\pic\sources\c90\common\lwdiv.c estimated size: 70

C:\Program Files\Microchip\xc8\v2.31\pic\sources\c90\common\awdiv.c
		___awdiv       		CODE           	1296	0000	105

C:\Program Files\Microchip\xc8\v2.31\pic\sources\c90\common\awdiv.c estimated size: 105

shared
		__stringtab    		STRING         	1000	0000	16
		__powers_      		STRING         	1010	0000	39
		_dpowers       		STRING         	105E	0000	40
		__npowers_     		STRING         	1037	0000	39
		__initialization		CODE           	000F	0000	9

shared estimated size: 143

LAB03.c
		_ISR           		CODE           	11CD	0000	97
		_main          		CODE           	16A0	0000	352
		_Setup         		CODE           	0800	0000	40

LAB03.c estimated size: 489

C:\Program Files\Microchip\xc8\v2.31\pic\sources\c90\common\Umul8.c
		___bmul        		CODE           	1DB6	0000	23

C:\Program Files\Microchip\xc8\v2.31\pic\sources\c90\common\Umul8.c estimated size: 23

C:\Program Files\Microchip\xc8\v2.31\pic\sources\c90\common\awtoft.c
		___awtoft      		CODE           	1E7B	0000	41

C:\Program Files\Microchip\xc8\v2.31\pic\sources\c90\common\awtoft.c estimated size: 41

C:\Program Files\Microchip\xc8\v2.31\pic\sources\c90\common\fttol.c
		___fttol       		CODE           	0828	0000	140

C:\Program Files\Microchip\xc8\v2.31\pic\sources\c90\common\fttol.c estimated size: 140

C:\Program Files\Microchip\xc8\v2.31\pic\sources\c90\common\ftadd.c
		___ftadd       		CODE           	156A	0000	310

C:\Program Files\Microchip\xc8\v2.31\pic\sources\c90\common\ftadd.c estimated size: 310

C:\Program Files\Microchip\xc8\v2.31\pic\sources\c90\common\lltoft.c
		___lltoft      		CODE           	1ECF	0000	51

C:\Program Files\Microchip\xc8\v2.31\pic\sources\c90\common\lltoft.c estimated size: 51

LCD.c
		_LCD_Init      		CODE           	10CD	0000	79
		_LCD_Write_Char		CODE           	1DCD	0000	27
		_LCD_Cmd       		CODE           	1DE8	0000	35
		_LCD_Set_Cursor		CODE           	1E55	0000	38
		_LCD_Clear     		CODE           	1D87	0000	13
		_LCD_Port      		CODE           	1D5B	0000	6
		_LCD_Write_String		CODE           	1F74	0000	70

LCD.c estimated size: 268

